2025-11-27 09:05:07 | INFO | system | SYSTEM_STARTUP_INITIALIZING | component=STARTUP | state=INITIALIZING | timestamp=2025-11-27T09:05:07.235464 | python_version=3.12.3 | system=Linux | memory_available_mb=1655 | disk_free_gb=44 | cpu_count=1 | working_directory=/root/santhosh/trading/equity | log_directory=/root/santhosh/trading/equity/logs/2025-11-27
2025-11-27 09:05:07 | INFO | system | SYSTEM_BOT_STARTING | component=BOT | state=STARTING | timestamp=2025-11-27T09:05:07.235631
2025-11-27 09:05:07 | INFO | system | SYSTEM_SIGNAL_HANDLERS_REGISTERED | component=SIGNAL_HANDLERS | state=REGISTERED | timestamp=2025-11-27T09:05:07.236038
2025-11-27 09:05:07 | INFO | system | SYSTEM_CONFIG_VALIDATING | component=CONFIG | state=VALIDATING | timestamp=2025-11-27T09:05:07.236176
2025-11-27 09:05:07 | INFO | system | SYSTEM_CONFIG_VALID | component=CONFIG | state=VALID | timestamp=2025-11-27T09:05:07.236415
2025-11-27 09:05:07 | INFO | system | SYSTEM_TRADING_CONFIG_LOADED | component=TRADING_CONFIG | state=LOADED | timestamp=2025-11-27T09:05:07.236589 | trading_mode=LIVE | capital_per_trade=2000.0 | max_positions=5 | default_sl_percentage=0.5 | monitor_interval=20
2025-11-27 09:05:07 | INFO | system | SYSTEM_LEARNING_ENGINE_INITIALIZED | component=LEARNING_ENGINE | state=INITIALIZED | timestamp=2025-11-27T09:05:07.237441
2025-11-27 09:05:07 | INFO | system | SYSTEM_EOD_SCHEDULER_STARTED | component=EOD_SCHEDULER | state=STARTED | timestamp=2025-11-27T09:05:07.238429
2025-11-27 09:05:07 | INFO | system | SYSTEM_BOT_RUNNING | component=BOT | state=RUNNING | timestamp=2025-11-27T09:05:07.238577
2025-11-27 09:05:07 | INFO | system | SYSTEM_STARTUP_COMPLETE | component=STARTUP | state=COMPLETE | timestamp=2025-11-27T09:05:07.238681 | startup_time=1764214507.238621 | trading_mode=LIVE | python_version=3.12.3 (main, Nov  6 2025, 13:44:16) [GCC 13.3.0] | working_directory=/root/santhosh/trading/equity | environment_loaded=True
2025-11-27 09:05:07 | INFO | system | SYSTEM_SYSTEM_READY | component=SYSTEM | state=READY | timestamp=2025-11-27T09:05:07.238877 | webhook_server=starting | broker=will_initialize | monitor=will_initialize | rate_limiter=will_initialize
2025-11-27 09:05:07 | INFO | system | SYSTEM_WEBHOOK_SERVER_STARTING | component=WEBHOOK_SERVER | state=STARTING | timestamp=2025-11-27T09:05:07.238928
2025-11-27 09:05:08 | INFO | system | SYSTEM_STARTUP_INITIALIZING | component=STARTUP | state=INITIALIZING | timestamp=2025-11-27T09:05:08.366159 | python_version=3.12.3 | system=Linux | memory_available_mb=1617 | disk_free_gb=44 | cpu_count=1 | working_directory=/root/santhosh/trading/equity | log_directory=/root/santhosh/trading/equity/logs/2025-11-27
2025-11-27 09:05:08 | INFO | system | SYSTEM_BOT_STARTING | component=BOT | state=STARTING | timestamp=2025-11-27T09:05:08.366598
2025-11-27 09:05:08 | INFO | system | SYSTEM_SIGNAL_HANDLERS_REGISTERED | component=SIGNAL_HANDLERS | state=REGISTERED | timestamp=2025-11-27T09:05:08.367136
2025-11-27 09:05:08 | INFO | system | SYSTEM_CONFIG_VALIDATING | component=CONFIG | state=VALIDATING | timestamp=2025-11-27T09:05:08.367224
2025-11-27 09:05:08 | INFO | system | SYSTEM_CONFIG_VALID | component=CONFIG | state=VALID | timestamp=2025-11-27T09:05:08.367390
2025-11-27 09:05:08 | INFO | system | SYSTEM_TRADING_CONFIG_LOADED | component=TRADING_CONFIG | state=LOADED | timestamp=2025-11-27T09:05:08.367621 | trading_mode=LIVE | capital_per_trade=2000.0 | max_positions=5 | default_sl_percentage=0.5 | monitor_interval=20
2025-11-27 09:05:08 | INFO | system | SYSTEM_LEARNING_ENGINE_INITIALIZED | component=LEARNING_ENGINE | state=INITIALIZED | timestamp=2025-11-27T09:05:08.368942
2025-11-27 09:05:08 | INFO | system | SYSTEM_EOD_SCHEDULER_STARTED | component=EOD_SCHEDULER | state=STARTED | timestamp=2025-11-27T09:05:08.371156
2025-11-27 09:05:08 | INFO | system | SYSTEM_BOT_RUNNING | component=BOT | state=RUNNING | timestamp=2025-11-27T09:05:08.371374
2025-11-27 09:05:08 | INFO | system | SYSTEM_STARTUP_COMPLETE | component=STARTUP | state=COMPLETE | timestamp=2025-11-27T09:05:08.371514 | startup_time=1764214508.3714547 | trading_mode=LIVE | python_version=3.12.3 (main, Nov  6 2025, 13:44:16) [GCC 13.3.0] | working_directory=/root/santhosh/trading/equity | environment_loaded=True
2025-11-27 09:05:08 | INFO | system | SYSTEM_SYSTEM_READY | component=SYSTEM | state=READY | timestamp=2025-11-27T09:05:08.372478 | webhook_server=starting | broker=will_initialize | monitor=will_initialize | rate_limiter=will_initialize
2025-11-27 09:05:08 | INFO | system | SYSTEM_WEBHOOK_SERVER_STARTING | component=WEBHOOK_SERVER | state=STARTING | timestamp=2025-11-27T09:05:08.372584
2025-11-27 09:05:25 | INFO | system | SYSTEM_STARTUP_INITIALIZING | component=STARTUP | state=INITIALIZING | timestamp=2025-11-27T09:05:25.023876 | python_version=3.12.3 | system=Linux | memory_available_mb=1615 | disk_free_gb=44 | cpu_count=1 | working_directory=/root/santhosh/trading/equity | log_directory=/root/santhosh/trading/equity/logs/2025-11-27
2025-11-27 09:05:25 | INFO | system | SYSTEM_BOT_STARTING | component=BOT | state=STARTING | timestamp=2025-11-27T09:05:25.024333
2025-11-27 09:05:25 | INFO | system | SYSTEM_SIGNAL_HANDLERS_REGISTERED | component=SIGNAL_HANDLERS | state=REGISTERED | timestamp=2025-11-27T09:05:25.024512
2025-11-27 09:05:25 | INFO | system | SYSTEM_CONFIG_VALIDATING | component=CONFIG | state=VALIDATING | timestamp=2025-11-27T09:05:25.024571
2025-11-27 09:05:25 | INFO | system | SYSTEM_CONFIG_VALID | component=CONFIG | state=VALID | timestamp=2025-11-27T09:05:25.024713
2025-11-27 09:05:25 | INFO | system | SYSTEM_TRADING_CONFIG_LOADED | component=TRADING_CONFIG | state=LOADED | timestamp=2025-11-27T09:05:25.024888 | trading_mode=LIVE | capital_per_trade=2000.0 | max_positions=5 | default_sl_percentage=0.5 | monitor_interval=20
2025-11-27 09:05:25 | INFO | system | SYSTEM_LEARNING_ENGINE_INITIALIZED | component=LEARNING_ENGINE | state=INITIALIZED | timestamp=2025-11-27T09:05:25.025324
2025-11-27 09:05:25 | INFO | system | SYSTEM_EOD_SCHEDULER_STARTED | component=EOD_SCHEDULER | state=STARTED | timestamp=2025-11-27T09:05:25.027312
2025-11-27 09:05:25 | INFO | system | SYSTEM_BOT_RUNNING | component=BOT | state=RUNNING | timestamp=2025-11-27T09:05:25.027503
2025-11-27 09:05:25 | INFO | system | SYSTEM_STARTUP_COMPLETE | component=STARTUP | state=COMPLETE | timestamp=2025-11-27T09:05:25.027588 | startup_time=1764214525.0275517 | trading_mode=LIVE | python_version=3.12.3 (main, Nov  6 2025, 13:44:16) [GCC 13.3.0] | working_directory=/root/santhosh/trading/equity | environment_loaded=True
2025-11-27 09:05:25 | INFO | system | SYSTEM_SYSTEM_READY | component=SYSTEM | state=READY | timestamp=2025-11-27T09:05:25.028321 | webhook_server=starting | broker=will_initialize | monitor=will_initialize | rate_limiter=will_initialize
2025-11-27 09:05:25 | INFO | system | SYSTEM_WEBHOOK_SERVER_STARTING | component=WEBHOOK_SERVER | state=STARTING | timestamp=2025-11-27T09:05:25.028387
2025-11-27 09:05:41 | INFO | system | SYSTEM_STARTUP_INITIALIZING | component=STARTUP | state=INITIALIZING | timestamp=2025-11-27T09:05:41.544388 | python_version=3.12.3 | system=Linux | memory_available_mb=1620 | disk_free_gb=44 | cpu_count=1 | working_directory=/root/santhosh/trading/equity | log_directory=/root/santhosh/trading/equity/logs/2025-11-27
2025-11-27 09:05:41 | INFO | system | SYSTEM_BOT_STARTING | component=BOT | state=STARTING | timestamp=2025-11-27T09:05:41.544740
2025-11-27 09:05:41 | INFO | system | SYSTEM_SIGNAL_HANDLERS_REGISTERED | component=SIGNAL_HANDLERS | state=REGISTERED | timestamp=2025-11-27T09:05:41.544905
2025-11-27 09:05:41 | INFO | system | SYSTEM_CONFIG_VALIDATING | component=CONFIG | state=VALIDATING | timestamp=2025-11-27T09:05:41.544962
2025-11-27 09:05:41 | INFO | system | SYSTEM_CONFIG_VALID | component=CONFIG | state=VALID | timestamp=2025-11-27T09:05:41.545079
2025-11-27 09:05:41 | INFO | system | SYSTEM_TRADING_CONFIG_LOADED | component=TRADING_CONFIG | state=LOADED | timestamp=2025-11-27T09:05:41.545254 | trading_mode=LIVE | capital_per_trade=2000.0 | max_positions=5 | default_sl_percentage=0.5 | monitor_interval=20
2025-11-27 09:05:41 | INFO | system | SYSTEM_LEARNING_ENGINE_INITIALIZED | component=LEARNING_ENGINE | state=INITIALIZED | timestamp=2025-11-27T09:05:41.546082
2025-11-27 09:05:41 | INFO | system | SYSTEM_EOD_SCHEDULER_STARTED | component=EOD_SCHEDULER | state=STARTED | timestamp=2025-11-27T09:05:41.547985
2025-11-27 09:05:41 | INFO | system | SYSTEM_BOT_RUNNING | component=BOT | state=RUNNING | timestamp=2025-11-27T09:05:41.548109
2025-11-27 09:05:41 | INFO | system | SYSTEM_STARTUP_COMPLETE | component=STARTUP | state=COMPLETE | timestamp=2025-11-27T09:05:41.548221 | startup_time=1764214541.5481734 | trading_mode=LIVE | python_version=3.12.3 (main, Nov  6 2025, 13:44:16) [GCC 13.3.0] | working_directory=/root/santhosh/trading/equity | environment_loaded=True
2025-11-27 09:05:41 | INFO | system | SYSTEM_SYSTEM_READY | component=SYSTEM | state=READY | timestamp=2025-11-27T09:05:41.548434 | webhook_server=starting | broker=will_initialize | monitor=will_initialize | rate_limiter=will_initialize
2025-11-27 09:05:41 | INFO | system | SYSTEM_WEBHOOK_SERVER_STARTING | component=WEBHOOK_SERVER | state=STARTING | timestamp=2025-11-27T09:05:41.548487
2025-11-27 09:05:58 | INFO | system | SYSTEM_STARTUP_INITIALIZING | component=STARTUP | state=INITIALIZING | timestamp=2025-11-27T09:05:58.019493 | python_version=3.12.3 | system=Linux | memory_available_mb=1615 | disk_free_gb=44 | cpu_count=1 | working_directory=/root/santhosh/trading/equity | log_directory=/root/santhosh/trading/equity/logs/2025-11-27
2025-11-27 09:05:58 | INFO | system | SYSTEM_BOT_STARTING | component=BOT | state=STARTING | timestamp=2025-11-27T09:05:58.019948
2025-11-27 09:05:58 | INFO | system | SYSTEM_SIGNAL_HANDLERS_REGISTERED | component=SIGNAL_HANDLERS | state=REGISTERED | timestamp=2025-11-27T09:05:58.020189
2025-11-27 09:05:58 | INFO | system | SYSTEM_CONFIG_VALIDATING | component=CONFIG | state=VALIDATING | timestamp=2025-11-27T09:05:58.020248
2025-11-27 09:05:58 | INFO | system | SYSTEM_CONFIG_VALID | component=CONFIG | state=VALID | timestamp=2025-11-27T09:05:58.020369
2025-11-27 09:05:58 | INFO | system | SYSTEM_TRADING_CONFIG_LOADED | component=TRADING_CONFIG | state=LOADED | timestamp=2025-11-27T09:05:58.020582 | trading_mode=LIVE | capital_per_trade=2000.0 | max_positions=5 | default_sl_percentage=0.5 | monitor_interval=20
2025-11-27 09:05:58 | INFO | system | SYSTEM_LEARNING_ENGINE_INITIALIZED | component=LEARNING_ENGINE | state=INITIALIZED | timestamp=2025-11-27T09:05:58.020993
2025-11-27 09:05:58 | INFO | system | SYSTEM_EOD_SCHEDULER_STARTED | component=EOD_SCHEDULER | state=STARTED | timestamp=2025-11-27T09:05:58.022766
2025-11-27 09:05:58 | INFO | system | SYSTEM_BOT_RUNNING | component=BOT | state=RUNNING | timestamp=2025-11-27T09:05:58.023113
2025-11-27 09:05:58 | INFO | system | SYSTEM_STARTUP_COMPLETE | component=STARTUP | state=COMPLETE | timestamp=2025-11-27T09:05:58.023300 | startup_time=1764214558.0232563 | trading_mode=LIVE | python_version=3.12.3 (main, Nov  6 2025, 13:44:16) [GCC 13.3.0] | working_directory=/root/santhosh/trading/equity | environment_loaded=True
2025-11-27 09:05:58 | INFO | system | SYSTEM_SYSTEM_READY | component=SYSTEM | state=READY | timestamp=2025-11-27T09:05:58.023742 | webhook_server=starting | broker=will_initialize | monitor=will_initialize | rate_limiter=will_initialize
2025-11-27 09:05:58 | INFO | system | SYSTEM_WEBHOOK_SERVER_STARTING | component=WEBHOOK_SERVER | state=STARTING | timestamp=2025-11-27T09:05:58.023804
2025-11-27 09:06:14 | INFO | system | SYSTEM_STARTUP_INITIALIZING | component=STARTUP | state=INITIALIZING | timestamp=2025-11-27T09:06:14.546313 | python_version=3.12.3 | system=Linux | memory_available_mb=1619 | disk_free_gb=44 | cpu_count=1 | working_directory=/root/santhosh/trading/equity | log_directory=/root/santhosh/trading/equity/logs/2025-11-27
2025-11-27 09:06:14 | INFO | system | SYSTEM_BOT_STARTING | component=BOT | state=STARTING | timestamp=2025-11-27T09:06:14.546752
2025-11-27 09:06:14 | INFO | system | SYSTEM_SIGNAL_HANDLERS_REGISTERED | component=SIGNAL_HANDLERS | state=REGISTERED | timestamp=2025-11-27T09:06:14.546928
2025-11-27 09:06:14 | INFO | system | SYSTEM_CONFIG_VALIDATING | component=CONFIG | state=VALIDATING | timestamp=2025-11-27T09:06:14.547017
2025-11-27 09:06:14 | INFO | system | SYSTEM_CONFIG_VALID | component=CONFIG | state=VALID | timestamp=2025-11-27T09:06:14.547176
2025-11-27 09:06:14 | INFO | system | SYSTEM_TRADING_CONFIG_LOADED | component=TRADING_CONFIG | state=LOADED | timestamp=2025-11-27T09:06:14.547379 | trading_mode=LIVE | capital_per_trade=2000.0 | max_positions=5 | default_sl_percentage=0.5 | monitor_interval=20
2025-11-27 09:06:14 | INFO | system | SYSTEM_LEARNING_ENGINE_INITIALIZED | component=LEARNING_ENGINE | state=INITIALIZED | timestamp=2025-11-27T09:06:14.548315
2025-11-27 09:06:14 | INFO | system | SYSTEM_EOD_SCHEDULER_STARTED | component=EOD_SCHEDULER | state=STARTED | timestamp=2025-11-27T09:06:14.550088
2025-11-27 09:06:14 | INFO | system | SYSTEM_BOT_RUNNING | component=BOT | state=RUNNING | timestamp=2025-11-27T09:06:14.550206
2025-11-27 09:06:14 | INFO | system | SYSTEM_STARTUP_COMPLETE | component=STARTUP | state=COMPLETE | timestamp=2025-11-27T09:06:14.550287 | startup_time=1764214574.550249 | trading_mode=LIVE | python_version=3.12.3 (main, Nov  6 2025, 13:44:16) [GCC 13.3.0] | working_directory=/root/santhosh/trading/equity | environment_loaded=True
2025-11-27 09:06:14 | INFO | system | SYSTEM_SYSTEM_READY | component=SYSTEM | state=READY | timestamp=2025-11-27T09:06:14.550483 | webhook_server=starting | broker=will_initialize | monitor=will_initialize | rate_limiter=will_initialize
2025-11-27 09:06:14 | INFO | system | SYSTEM_WEBHOOK_SERVER_STARTING | component=WEBHOOK_SERVER | state=STARTING | timestamp=2025-11-27T09:06:14.550562
2025-11-27 09:06:31 | INFO | system | SYSTEM_STARTUP_INITIALIZING | component=STARTUP | state=INITIALIZING | timestamp=2025-11-27T09:06:31.026812 | python_version=3.12.3 | system=Linux | memory_available_mb=1617 | disk_free_gb=44 | cpu_count=1 | working_directory=/root/santhosh/trading/equity | log_directory=/root/santhosh/trading/equity/logs/2025-11-27
2025-11-27 09:06:31 | INFO | system | SYSTEM_BOT_STARTING | component=BOT | state=STARTING | timestamp=2025-11-27T09:06:31.027240
2025-11-27 09:06:31 | INFO | system | SYSTEM_SIGNAL_HANDLERS_REGISTERED | component=SIGNAL_HANDLERS | state=REGISTERED | timestamp=2025-11-27T09:06:31.027415
2025-11-27 09:06:31 | INFO | system | SYSTEM_CONFIG_VALIDATING | component=CONFIG | state=VALIDATING | timestamp=2025-11-27T09:06:31.027474
2025-11-27 09:06:31 | INFO | system | SYSTEM_CONFIG_VALID | component=CONFIG | state=VALID | timestamp=2025-11-27T09:06:31.027595
2025-11-27 09:06:31 | INFO | system | SYSTEM_TRADING_CONFIG_LOADED | component=TRADING_CONFIG | state=LOADED | timestamp=2025-11-27T09:06:31.028095 | trading_mode=LIVE | capital_per_trade=2000.0 | max_positions=5 | default_sl_percentage=0.5 | monitor_interval=20
2025-11-27 09:06:31 | INFO | system | SYSTEM_LEARNING_ENGINE_INITIALIZED | component=LEARNING_ENGINE | state=INITIALIZED | timestamp=2025-11-27T09:06:31.028500
2025-11-27 09:06:31 | INFO | system | SYSTEM_EOD_SCHEDULER_STARTED | component=EOD_SCHEDULER | state=STARTED | timestamp=2025-11-27T09:06:31.030038
2025-11-27 09:06:31 | INFO | system | SYSTEM_BOT_RUNNING | component=BOT | state=RUNNING | timestamp=2025-11-27T09:06:31.030263
2025-11-27 09:06:31 | INFO | system | SYSTEM_STARTUP_COMPLETE | component=STARTUP | state=COMPLETE | timestamp=2025-11-27T09:06:31.030349 | startup_time=1764214591.030313 | trading_mode=LIVE | python_version=3.12.3 (main, Nov  6 2025, 13:44:16) [GCC 13.3.0] | working_directory=/root/santhosh/trading/equity | environment_loaded=True
2025-11-27 09:06:31 | INFO | system | SYSTEM_SYSTEM_READY | component=SYSTEM | state=READY | timestamp=2025-11-27T09:06:31.030613 | webhook_server=starting | broker=will_initialize | monitor=will_initialize | rate_limiter=will_initialize
2025-11-27 09:06:31 | INFO | system | SYSTEM_WEBHOOK_SERVER_STARTING | component=WEBHOOK_SERVER | state=STARTING | timestamp=2025-11-27T09:06:31.030967
2025-11-27 09:06:47 | INFO | system | SYSTEM_STARTUP_INITIALIZING | component=STARTUP | state=INITIALIZING | timestamp=2025-11-27T09:06:47.531509 | python_version=3.12.3 | system=Linux | memory_available_mb=1617 | disk_free_gb=44 | cpu_count=1 | working_directory=/root/santhosh/trading/equity | log_directory=/root/santhosh/trading/equity/logs/2025-11-27
2025-11-27 09:06:47 | INFO | system | SYSTEM_BOT_STARTING | component=BOT | state=STARTING | timestamp=2025-11-27T09:06:47.531959
2025-11-27 09:06:47 | INFO | system | SYSTEM_SIGNAL_HANDLERS_REGISTERED | component=SIGNAL_HANDLERS | state=REGISTERED | timestamp=2025-11-27T09:06:47.532352
2025-11-27 09:06:47 | INFO | system | SYSTEM_CONFIG_VALIDATING | component=CONFIG | state=VALIDATING | timestamp=2025-11-27T09:06:47.532506
2025-11-27 09:06:47 | INFO | system | SYSTEM_CONFIG_VALID | component=CONFIG | state=VALID | timestamp=2025-11-27T09:06:47.532842
2025-11-27 09:06:47 | INFO | system | SYSTEM_TRADING_CONFIG_LOADED | component=TRADING_CONFIG | state=LOADED | timestamp=2025-11-27T09:06:47.533133 | trading_mode=LIVE | capital_per_trade=2000.0 | max_positions=5 | default_sl_percentage=0.5 | monitor_interval=20
2025-11-27 09:06:47 | INFO | system | SYSTEM_LEARNING_ENGINE_INITIALIZED | component=LEARNING_ENGINE | state=INITIALIZED | timestamp=2025-11-27T09:06:47.533549
2025-11-27 09:06:47 | INFO | system | SYSTEM_EOD_SCHEDULER_STARTED | component=EOD_SCHEDULER | state=STARTED | timestamp=2025-11-27T09:06:47.535357
2025-11-27 09:06:47 | INFO | system | SYSTEM_BOT_RUNNING | component=BOT | state=RUNNING | timestamp=2025-11-27T09:06:47.535482
2025-11-27 09:06:47 | INFO | system | SYSTEM_STARTUP_COMPLETE | component=STARTUP | state=COMPLETE | timestamp=2025-11-27T09:06:47.535562 | startup_time=1764214607.5355258 | trading_mode=LIVE | python_version=3.12.3 (main, Nov  6 2025, 13:44:16) [GCC 13.3.0] | working_directory=/root/santhosh/trading/equity | environment_loaded=True
2025-11-27 09:06:47 | INFO | system | SYSTEM_SYSTEM_READY | component=SYSTEM | state=READY | timestamp=2025-11-27T09:06:47.536009 | webhook_server=starting | broker=will_initialize | monitor=will_initialize | rate_limiter=will_initialize
2025-11-27 09:06:47 | INFO | system | SYSTEM_WEBHOOK_SERVER_STARTING | component=WEBHOOK_SERVER | state=STARTING | timestamp=2025-11-27T09:06:47.536069
2025-11-27 09:07:04 | INFO | system | SYSTEM_STARTUP_INITIALIZING | component=STARTUP | state=INITIALIZING | timestamp=2025-11-27T09:07:04.028498 | python_version=3.12.3 | system=Linux | memory_available_mb=1618 | disk_free_gb=44 | cpu_count=1 | working_directory=/root/santhosh/trading/equity | log_directory=/root/santhosh/trading/equity/logs/2025-11-27
2025-11-27 09:07:04 | INFO | system | SYSTEM_BOT_STARTING | component=BOT | state=STARTING | timestamp=2025-11-27T09:07:04.028701
2025-11-27 09:07:04 | INFO | system | SYSTEM_SIGNAL_HANDLERS_REGISTERED | component=SIGNAL_HANDLERS | state=REGISTERED | timestamp=2025-11-27T09:07:04.028875
2025-11-27 09:07:04 | INFO | system | SYSTEM_CONFIG_VALIDATING | component=CONFIG | state=VALIDATING | timestamp=2025-11-27T09:07:04.028936
2025-11-27 09:07:04 | INFO | system | SYSTEM_CONFIG_VALID | component=CONFIG | state=VALID | timestamp=2025-11-27T09:07:04.029072
2025-11-27 09:07:04 | INFO | system | SYSTEM_TRADING_CONFIG_LOADED | component=TRADING_CONFIG | state=LOADED | timestamp=2025-11-27T09:07:04.029257 | trading_mode=LIVE | capital_per_trade=2000.0 | max_positions=5 | default_sl_percentage=0.5 | monitor_interval=20
2025-11-27 09:07:04 | INFO | system | SYSTEM_LEARNING_ENGINE_INITIALIZED | component=LEARNING_ENGINE | state=INITIALIZED | timestamp=2025-11-27T09:07:04.030230
2025-11-27 09:07:04 | INFO | system | SYSTEM_EOD_SCHEDULER_STARTED | component=EOD_SCHEDULER | state=STARTED | timestamp=2025-11-27T09:07:04.032165
2025-11-27 09:07:04 | INFO | system | SYSTEM_BOT_RUNNING | component=BOT | state=RUNNING | timestamp=2025-11-27T09:07:04.032307
2025-11-27 09:07:04 | INFO | system | SYSTEM_STARTUP_COMPLETE | component=STARTUP | state=COMPLETE | timestamp=2025-11-27T09:07:04.032390 | startup_time=1764214624.0323536 | trading_mode=LIVE | python_version=3.12.3 (main, Nov  6 2025, 13:44:16) [GCC 13.3.0] | working_directory=/root/santhosh/trading/equity | environment_loaded=True
2025-11-27 09:07:04 | INFO | system | SYSTEM_SYSTEM_READY | component=SYSTEM | state=READY | timestamp=2025-11-27T09:07:04.032597 | webhook_server=starting | broker=will_initialize | monitor=will_initialize | rate_limiter=will_initialize
2025-11-27 09:07:04 | INFO | system | SYSTEM_WEBHOOK_SERVER_STARTING | component=WEBHOOK_SERVER | state=STARTING | timestamp=2025-11-27T09:07:04.033019
2025-11-27 09:07:20 | INFO | system | SYSTEM_STARTUP_INITIALIZING | component=STARTUP | state=INITIALIZING | timestamp=2025-11-27T09:07:20.528794 | python_version=3.12.3 | system=Linux | memory_available_mb=1615 | disk_free_gb=44 | cpu_count=1 | working_directory=/root/santhosh/trading/equity | log_directory=/root/santhosh/trading/equity/logs/2025-11-27
2025-11-27 09:07:20 | INFO | system | SYSTEM_BOT_STARTING | component=BOT | state=STARTING | timestamp=2025-11-27T09:07:20.529207
2025-11-27 09:07:20 | INFO | system | SYSTEM_SIGNAL_HANDLERS_REGISTERED | component=SIGNAL_HANDLERS | state=REGISTERED | timestamp=2025-11-27T09:07:20.529588
2025-11-27 09:07:20 | INFO | system | SYSTEM_CONFIG_VALIDATING | component=CONFIG | state=VALIDATING | timestamp=2025-11-27T09:07:20.529773
2025-11-27 09:07:20 | INFO | system | SYSTEM_CONFIG_VALID | component=CONFIG | state=VALID | timestamp=2025-11-27T09:07:20.530080
2025-11-27 09:07:20 | INFO | system | SYSTEM_TRADING_CONFIG_LOADED | component=TRADING_CONFIG | state=LOADED | timestamp=2025-11-27T09:07:20.530260 | trading_mode=LIVE | capital_per_trade=2000.0 | max_positions=5 | default_sl_percentage=0.5 | monitor_interval=20
2025-11-27 09:07:20 | INFO | system | SYSTEM_LEARNING_ENGINE_INITIALIZED | component=LEARNING_ENGINE | state=INITIALIZED | timestamp=2025-11-27T09:07:20.530716
2025-11-27 09:07:20 | INFO | system | SYSTEM_EOD_SCHEDULER_STARTED | component=EOD_SCHEDULER | state=STARTED | timestamp=2025-11-27T09:07:20.532180
2025-11-27 09:07:20 | INFO | system | SYSTEM_BOT_RUNNING | component=BOT | state=RUNNING | timestamp=2025-11-27T09:07:20.532476
2025-11-27 09:07:20 | INFO | system | SYSTEM_STARTUP_COMPLETE | component=STARTUP | state=COMPLETE | timestamp=2025-11-27T09:07:20.532667 | startup_time=1764214640.5326025 | trading_mode=LIVE | python_version=3.12.3 (main, Nov  6 2025, 13:44:16) [GCC 13.3.0] | working_directory=/root/santhosh/trading/equity | environment_loaded=True
2025-11-27 09:07:20 | INFO | system | SYSTEM_SYSTEM_READY | component=SYSTEM | state=READY | timestamp=2025-11-27T09:07:20.533542 | webhook_server=starting | broker=will_initialize | monitor=will_initialize | rate_limiter=will_initialize
2025-11-27 09:07:20 | INFO | system | SYSTEM_WEBHOOK_SERVER_STARTING | component=WEBHOOK_SERVER | state=STARTING | timestamp=2025-11-27T09:07:20.533718
2025-11-27 09:07:37 | INFO | system | SYSTEM_STARTUP_INITIALIZING | component=STARTUP | state=INITIALIZING | timestamp=2025-11-27T09:07:37.073346 | python_version=3.12.3 | system=Linux | memory_available_mb=1619 | disk_free_gb=44 | cpu_count=1 | working_directory=/root/santhosh/trading/equity | log_directory=/root/santhosh/trading/equity/logs/2025-11-27
2025-11-27 09:07:37 | INFO | system | SYSTEM_BOT_STARTING | component=BOT | state=STARTING | timestamp=2025-11-27T09:07:37.073816
2025-11-27 09:07:37 | INFO | system | SYSTEM_SIGNAL_HANDLERS_REGISTERED | component=SIGNAL_HANDLERS | state=REGISTERED | timestamp=2025-11-27T09:07:37.074205
2025-11-27 09:07:37 | INFO | system | SYSTEM_CONFIG_VALIDATING | component=CONFIG | state=VALIDATING | timestamp=2025-11-27T09:07:37.074280
2025-11-27 09:07:37 | INFO | system | SYSTEM_CONFIG_VALID | component=CONFIG | state=VALID | timestamp=2025-11-27T09:07:37.074409
2025-11-27 09:07:37 | INFO | system | SYSTEM_TRADING_CONFIG_LOADED | component=TRADING_CONFIG | state=LOADED | timestamp=2025-11-27T09:07:37.074619 | trading_mode=LIVE | capital_per_trade=2000.0 | max_positions=5 | default_sl_percentage=0.5 | monitor_interval=20
2025-11-27 09:07:37 | INFO | system | SYSTEM_LEARNING_ENGINE_INITIALIZED | component=LEARNING_ENGINE | state=INITIALIZED | timestamp=2025-11-27T09:07:37.075355
2025-11-27 09:07:37 | INFO | system | SYSTEM_EOD_SCHEDULER_STARTED | component=EOD_SCHEDULER | state=STARTED | timestamp=2025-11-27T09:07:37.076881
2025-11-27 09:07:37 | INFO | system | SYSTEM_BOT_RUNNING | component=BOT | state=RUNNING | timestamp=2025-11-27T09:07:37.077197
2025-11-27 09:07:37 | INFO | system | SYSTEM_STARTUP_COMPLETE | component=STARTUP | state=COMPLETE | timestamp=2025-11-27T09:07:37.077369 | startup_time=1764214657.0773263 | trading_mode=LIVE | python_version=3.12.3 (main, Nov  6 2025, 13:44:16) [GCC 13.3.0] | working_directory=/root/santhosh/trading/equity | environment_loaded=True
2025-11-27 09:07:37 | INFO | system | SYSTEM_SYSTEM_READY | component=SYSTEM | state=READY | timestamp=2025-11-27T09:07:37.077882 | webhook_server=starting | broker=will_initialize | monitor=will_initialize | rate_limiter=will_initialize
2025-11-27 09:07:37 | INFO | system | SYSTEM_WEBHOOK_SERVER_STARTING | component=WEBHOOK_SERVER | state=STARTING | timestamp=2025-11-27T09:07:37.077947
2025-11-27 09:07:53 | INFO | system | SYSTEM_STARTUP_INITIALIZING | component=STARTUP | state=INITIALIZING | timestamp=2025-11-27T09:07:53.499941 | python_version=3.12.3 | system=Linux | memory_available_mb=1616 | disk_free_gb=44 | cpu_count=1 | working_directory=/root/santhosh/trading/equity | log_directory=/root/santhosh/trading/equity/logs/2025-11-27
2025-11-27 09:07:53 | INFO | system | SYSTEM_BOT_STARTING | component=BOT | state=STARTING | timestamp=2025-11-27T09:07:53.500114
2025-11-27 09:07:53 | INFO | system | SYSTEM_SIGNAL_HANDLERS_REGISTERED | component=SIGNAL_HANDLERS | state=REGISTERED | timestamp=2025-11-27T09:07:53.500262
2025-11-27 09:07:53 | INFO | system | SYSTEM_CONFIG_VALIDATING | component=CONFIG | state=VALIDATING | timestamp=2025-11-27T09:07:53.500324
2025-11-27 09:07:53 | INFO | system | SYSTEM_CONFIG_VALID | component=CONFIG | state=VALID | timestamp=2025-11-27T09:07:53.500567
2025-11-27 09:07:53 | INFO | system | SYSTEM_TRADING_CONFIG_LOADED | component=TRADING_CONFIG | state=LOADED | timestamp=2025-11-27T09:07:53.501478 | trading_mode=LIVE | capital_per_trade=2000.0 | max_positions=5 | default_sl_percentage=0.5 | monitor_interval=20
2025-11-27 09:07:53 | INFO | system | SYSTEM_LEARNING_ENGINE_INITIALIZED | component=LEARNING_ENGINE | state=INITIALIZED | timestamp=2025-11-27T09:07:53.501899
2025-11-27 09:07:53 | INFO | system | SYSTEM_EOD_SCHEDULER_STARTED | component=EOD_SCHEDULER | state=STARTED | timestamp=2025-11-27T09:07:53.503484
2025-11-27 09:07:53 | INFO | system | SYSTEM_BOT_RUNNING | component=BOT | state=RUNNING | timestamp=2025-11-27T09:07:53.503734
2025-11-27 09:07:53 | INFO | system | SYSTEM_STARTUP_COMPLETE | component=STARTUP | state=COMPLETE | timestamp=2025-11-27T09:07:53.503820 | startup_time=1764214673.5037832 | trading_mode=LIVE | python_version=3.12.3 (main, Nov  6 2025, 13:44:16) [GCC 13.3.0] | working_directory=/root/santhosh/trading/equity | environment_loaded=True
2025-11-27 09:07:53 | INFO | system | SYSTEM_SYSTEM_READY | component=SYSTEM | state=READY | timestamp=2025-11-27T09:07:53.504021 | webhook_server=starting | broker=will_initialize | monitor=will_initialize | rate_limiter=will_initialize
2025-11-27 09:07:53 | INFO | system | SYSTEM_WEBHOOK_SERVER_STARTING | component=WEBHOOK_SERVER | state=STARTING | timestamp=2025-11-27T09:07:53.504073
2025-11-27 09:08:10 | INFO | system | SYSTEM_STARTUP_INITIALIZING | component=STARTUP | state=INITIALIZING | timestamp=2025-11-27T09:08:10.082751 | python_version=3.12.3 | system=Linux | memory_available_mb=1614 | disk_free_gb=44 | cpu_count=1 | working_directory=/root/santhosh/trading/equity | log_directory=/root/santhosh/trading/equity/logs/2025-11-27
2025-11-27 09:08:10 | INFO | system | SYSTEM_BOT_STARTING | component=BOT | state=STARTING | timestamp=2025-11-27T09:08:10.082928
2025-11-27 09:08:10 | INFO | system | SYSTEM_SIGNAL_HANDLERS_REGISTERED | component=SIGNAL_HANDLERS | state=REGISTERED | timestamp=2025-11-27T09:08:10.083074
2025-11-27 09:08:10 | INFO | system | SYSTEM_CONFIG_VALIDATING | component=CONFIG | state=VALIDATING | timestamp=2025-11-27T09:08:10.083172
2025-11-27 09:08:10 | INFO | system | SYSTEM_CONFIG_VALID | component=CONFIG | state=VALID | timestamp=2025-11-27T09:08:10.083344
2025-11-27 09:08:10 | INFO | system | SYSTEM_TRADING_CONFIG_LOADED | component=TRADING_CONFIG | state=LOADED | timestamp=2025-11-27T09:08:10.083522 | trading_mode=LIVE | capital_per_trade=2000.0 | max_positions=5 | default_sl_percentage=0.5 | monitor_interval=20
2025-11-27 09:08:10 | INFO | system | SYSTEM_LEARNING_ENGINE_INITIALIZED | component=LEARNING_ENGINE | state=INITIALIZED | timestamp=2025-11-27T09:08:10.084476
2025-11-27 09:08:10 | INFO | system | SYSTEM_EOD_SCHEDULER_STARTED | component=EOD_SCHEDULER | state=STARTED | timestamp=2025-11-27T09:08:10.086180
2025-11-27 09:08:10 | INFO | system | SYSTEM_BOT_RUNNING | component=BOT | state=RUNNING | timestamp=2025-11-27T09:08:10.086365
2025-11-27 09:08:10 | INFO | system | SYSTEM_STARTUP_COMPLETE | component=STARTUP | state=COMPLETE | timestamp=2025-11-27T09:08:10.086449 | startup_time=1764214690.0864115 | trading_mode=LIVE | python_version=3.12.3 (main, Nov  6 2025, 13:44:16) [GCC 13.3.0] | working_directory=/root/santhosh/trading/equity | environment_loaded=True
2025-11-27 09:08:10 | INFO | system | SYSTEM_SYSTEM_READY | component=SYSTEM | state=READY | timestamp=2025-11-27T09:08:10.087029 | webhook_server=starting | broker=will_initialize | monitor=will_initialize | rate_limiter=will_initialize
2025-11-27 09:08:10 | INFO | system | SYSTEM_WEBHOOK_SERVER_STARTING | component=WEBHOOK_SERVER | state=STARTING | timestamp=2025-11-27T09:08:10.087195
2025-11-27 09:08:26 | INFO | system | SYSTEM_STARTUP_INITIALIZING | component=STARTUP | state=INITIALIZING | timestamp=2025-11-27T09:08:26.537471 | python_version=3.12.3 | system=Linux | memory_available_mb=1615 | disk_free_gb=44 | cpu_count=1 | working_directory=/root/santhosh/trading/equity | log_directory=/root/santhosh/trading/equity/logs/2025-11-27
2025-11-27 09:08:26 | INFO | system | SYSTEM_BOT_STARTING | component=BOT | state=STARTING | timestamp=2025-11-27T09:08:26.537917
2025-11-27 09:08:26 | INFO | system | SYSTEM_SIGNAL_HANDLERS_REGISTERED | component=SIGNAL_HANDLERS | state=REGISTERED | timestamp=2025-11-27T09:08:26.538327
2025-11-27 09:08:26 | INFO | system | SYSTEM_CONFIG_VALIDATING | component=CONFIG | state=VALIDATING | timestamp=2025-11-27T09:08:26.538504
2025-11-27 09:08:26 | INFO | system | SYSTEM_CONFIG_VALID | component=CONFIG | state=VALID | timestamp=2025-11-27T09:08:26.538947
2025-11-27 09:08:26 | INFO | system | SYSTEM_TRADING_CONFIG_LOADED | component=TRADING_CONFIG | state=LOADED | timestamp=2025-11-27T09:08:26.539152 | trading_mode=LIVE | capital_per_trade=2000.0 | max_positions=5 | default_sl_percentage=0.5 | monitor_interval=20
2025-11-27 09:08:26 | INFO | system | SYSTEM_LEARNING_ENGINE_INITIALIZED | component=LEARNING_ENGINE | state=INITIALIZED | timestamp=2025-11-27T09:08:26.539570
2025-11-27 09:08:26 | INFO | system | SYSTEM_EOD_SCHEDULER_STARTED | component=EOD_SCHEDULER | state=STARTED | timestamp=2025-11-27T09:08:26.541279
2025-11-27 09:08:26 | INFO | system | SYSTEM_BOT_RUNNING | component=BOT | state=RUNNING | timestamp=2025-11-27T09:08:26.541388
2025-11-27 09:08:26 | INFO | system | SYSTEM_STARTUP_COMPLETE | component=STARTUP | state=COMPLETE | timestamp=2025-11-27T09:08:26.541468 | startup_time=1764214706.5414312 | trading_mode=LIVE | python_version=3.12.3 (main, Nov  6 2025, 13:44:16) [GCC 13.3.0] | working_directory=/root/santhosh/trading/equity | environment_loaded=True
2025-11-27 09:08:26 | INFO | system | SYSTEM_SYSTEM_READY | component=SYSTEM | state=READY | timestamp=2025-11-27T09:08:26.542023 | webhook_server=starting | broker=will_initialize | monitor=will_initialize | rate_limiter=will_initialize
2025-11-27 09:08:26 | INFO | system | SYSTEM_WEBHOOK_SERVER_STARTING | component=WEBHOOK_SERVER | state=STARTING | timestamp=2025-11-27T09:08:26.542105
2025-11-27 09:08:43 | INFO | system | SYSTEM_STARTUP_INITIALIZING | component=STARTUP | state=INITIALIZING | timestamp=2025-11-27T09:08:43.036021 | python_version=3.12.3 | system=Linux | memory_available_mb=1612 | disk_free_gb=44 | cpu_count=1 | working_directory=/root/santhosh/trading/equity | log_directory=/root/santhosh/trading/equity/logs/2025-11-27
2025-11-27 09:08:43 | INFO | system | SYSTEM_BOT_STARTING | component=BOT | state=STARTING | timestamp=2025-11-27T09:08:43.036487
2025-11-27 09:08:43 | INFO | system | SYSTEM_SIGNAL_HANDLERS_REGISTERED | component=SIGNAL_HANDLERS | state=REGISTERED | timestamp=2025-11-27T09:08:43.036811
2025-11-27 09:08:43 | INFO | system | SYSTEM_CONFIG_VALIDATING | component=CONFIG | state=VALIDATING | timestamp=2025-11-27T09:08:43.036873
2025-11-27 09:08:43 | INFO | system | SYSTEM_CONFIG_VALID | component=CONFIG | state=VALID | timestamp=2025-11-27T09:08:43.036993
2025-11-27 09:08:43 | INFO | system | SYSTEM_TRADING_CONFIG_LOADED | component=TRADING_CONFIG | state=LOADED | timestamp=2025-11-27T09:08:43.037157 | trading_mode=LIVE | capital_per_trade=2000.0 | max_positions=5 | default_sl_percentage=0.5 | monitor_interval=20
2025-11-27 09:08:43 | INFO | system | SYSTEM_LEARNING_ENGINE_INITIALIZED | component=LEARNING_ENGINE | state=INITIALIZED | timestamp=2025-11-27T09:08:43.037548
2025-11-27 09:08:43 | INFO | system | SYSTEM_EOD_SCHEDULER_STARTED | component=EOD_SCHEDULER | state=STARTED | timestamp=2025-11-27T09:08:43.039542
2025-11-27 09:08:43 | INFO | system | SYSTEM_BOT_RUNNING | component=BOT | state=RUNNING | timestamp=2025-11-27T09:08:43.039831
2025-11-27 09:08:43 | INFO | system | SYSTEM_STARTUP_COMPLETE | component=STARTUP | state=COMPLETE | timestamp=2025-11-27T09:08:43.039931 | startup_time=1764214723.0398908 | trading_mode=LIVE | python_version=3.12.3 (main, Nov  6 2025, 13:44:16) [GCC 13.3.0] | working_directory=/root/santhosh/trading/equity | environment_loaded=True
2025-11-27 09:08:43 | INFO | system | SYSTEM_SYSTEM_READY | component=SYSTEM | state=READY | timestamp=2025-11-27T09:08:43.040126 | webhook_server=starting | broker=will_initialize | monitor=will_initialize | rate_limiter=will_initialize
2025-11-27 09:08:43 | INFO | system | SYSTEM_WEBHOOK_SERVER_STARTING | component=WEBHOOK_SERVER | state=STARTING | timestamp=2025-11-27T09:08:43.040179
2025-11-27 09:08:59 | INFO | system | SYSTEM_STARTUP_INITIALIZING | component=STARTUP | state=INITIALIZING | timestamp=2025-11-27T09:08:59.548424 | python_version=3.12.3 | system=Linux | memory_available_mb=1612 | disk_free_gb=44 | cpu_count=1 | working_directory=/root/santhosh/trading/equity | log_directory=/root/santhosh/trading/equity/logs/2025-11-27
2025-11-27 09:08:59 | INFO | system | SYSTEM_BOT_STARTING | component=BOT | state=STARTING | timestamp=2025-11-27T09:08:59.548912
2025-11-27 09:08:59 | INFO | system | SYSTEM_SIGNAL_HANDLERS_REGISTERED | component=SIGNAL_HANDLERS | state=REGISTERED | timestamp=2025-11-27T09:08:59.549099
2025-11-27 09:08:59 | INFO | system | SYSTEM_CONFIG_VALIDATING | component=CONFIG | state=VALIDATING | timestamp=2025-11-27T09:08:59.549159
2025-11-27 09:08:59 | INFO | system | SYSTEM_CONFIG_VALID | component=CONFIG | state=VALID | timestamp=2025-11-27T09:08:59.549292
2025-11-27 09:08:59 | INFO | system | SYSTEM_TRADING_CONFIG_LOADED | component=TRADING_CONFIG | state=LOADED | timestamp=2025-11-27T09:08:59.549474 | trading_mode=LIVE | capital_per_trade=2000.0 | max_positions=5 | default_sl_percentage=0.5 | monitor_interval=20
2025-11-27 09:08:59 | INFO | system | SYSTEM_LEARNING_ENGINE_INITIALIZED | component=LEARNING_ENGINE | state=INITIALIZED | timestamp=2025-11-27T09:08:59.550288
2025-11-27 09:08:59 | INFO | system | SYSTEM_EOD_SCHEDULER_STARTED | component=EOD_SCHEDULER | state=STARTED | timestamp=2025-11-27T09:08:59.552061
2025-11-27 09:08:59 | INFO | system | SYSTEM_BOT_RUNNING | component=BOT | state=RUNNING | timestamp=2025-11-27T09:08:59.552354
2025-11-27 09:08:59 | INFO | system | SYSTEM_STARTUP_COMPLETE | component=STARTUP | state=COMPLETE | timestamp=2025-11-27T09:08:59.552450 | startup_time=1764214739.5524125 | trading_mode=LIVE | python_version=3.12.3 (main, Nov  6 2025, 13:44:16) [GCC 13.3.0] | working_directory=/root/santhosh/trading/equity | environment_loaded=True
2025-11-27 09:08:59 | INFO | system | SYSTEM_SYSTEM_READY | component=SYSTEM | state=READY | timestamp=2025-11-27T09:08:59.552910 | webhook_server=starting | broker=will_initialize | monitor=will_initialize | rate_limiter=will_initialize
2025-11-27 09:08:59 | INFO | system | SYSTEM_WEBHOOK_SERVER_STARTING | component=WEBHOOK_SERVER | state=STARTING | timestamp=2025-11-27T09:08:59.552988
2025-11-27 09:09:16 | INFO | system | SYSTEM_STARTUP_INITIALIZING | component=STARTUP | state=INITIALIZING | timestamp=2025-11-27T09:09:16.031948 | python_version=3.12.3 | system=Linux | memory_available_mb=1612 | disk_free_gb=44 | cpu_count=1 | working_directory=/root/santhosh/trading/equity | log_directory=/root/santhosh/trading/equity/logs/2025-11-27
2025-11-27 09:09:16 | INFO | system | SYSTEM_BOT_STARTING | component=BOT | state=STARTING | timestamp=2025-11-27T09:09:16.032377
2025-11-27 09:09:16 | INFO | system | SYSTEM_SIGNAL_HANDLERS_REGISTERED | component=SIGNAL_HANDLERS | state=REGISTERED | timestamp=2025-11-27T09:09:16.032777
2025-11-27 09:09:16 | INFO | system | SYSTEM_CONFIG_VALIDATING | component=CONFIG | state=VALIDATING | timestamp=2025-11-27T09:09:16.032944
2025-11-27 09:09:16 | INFO | system | SYSTEM_CONFIG_VALID | component=CONFIG | state=VALID | timestamp=2025-11-27T09:09:16.033181
2025-11-27 09:09:16 | INFO | system | SYSTEM_TRADING_CONFIG_LOADED | component=TRADING_CONFIG | state=LOADED | timestamp=2025-11-27T09:09:16.033356 | trading_mode=LIVE | capital_per_trade=2000.0 | max_positions=5 | default_sl_percentage=0.5 | monitor_interval=20
2025-11-27 09:09:16 | INFO | system | SYSTEM_LEARNING_ENGINE_INITIALIZED | component=LEARNING_ENGINE | state=INITIALIZED | timestamp=2025-11-27T09:09:16.033792
2025-11-27 09:09:16 | INFO | system | SYSTEM_EOD_SCHEDULER_STARTED | component=EOD_SCHEDULER | state=STARTED | timestamp=2025-11-27T09:09:16.035351
2025-11-27 09:09:16 | INFO | system | SYSTEM_BOT_RUNNING | component=BOT | state=RUNNING | timestamp=2025-11-27T09:09:16.035546
2025-11-27 09:09:16 | INFO | system | SYSTEM_STARTUP_COMPLETE | component=STARTUP | state=COMPLETE | timestamp=2025-11-27T09:09:16.035629 | startup_time=1764214756.0355914 | trading_mode=LIVE | python_version=3.12.3 (main, Nov  6 2025, 13:44:16) [GCC 13.3.0] | working_directory=/root/santhosh/trading/equity | environment_loaded=True
2025-11-27 09:09:16 | INFO | system | SYSTEM_SYSTEM_READY | component=SYSTEM | state=READY | timestamp=2025-11-27T09:09:16.036237 | webhook_server=starting | broker=will_initialize | monitor=will_initialize | rate_limiter=will_initialize
2025-11-27 09:09:16 | INFO | system | SYSTEM_WEBHOOK_SERVER_STARTING | component=WEBHOOK_SERVER | state=STARTING | timestamp=2025-11-27T09:09:16.036294
2025-11-27 09:09:32 | INFO | system | SYSTEM_STARTUP_INITIALIZING | component=STARTUP | state=INITIALIZING | timestamp=2025-11-27T09:09:32.538457 | python_version=3.12.3 | system=Linux | memory_available_mb=1615 | disk_free_gb=44 | cpu_count=1 | working_directory=/root/santhosh/trading/equity | log_directory=/root/santhosh/trading/equity/logs/2025-11-27
2025-11-27 09:09:32 | INFO | system | SYSTEM_BOT_STARTING | component=BOT | state=STARTING | timestamp=2025-11-27T09:09:32.539019
2025-11-27 09:09:32 | INFO | system | SYSTEM_SIGNAL_HANDLERS_REGISTERED | component=SIGNAL_HANDLERS | state=REGISTERED | timestamp=2025-11-27T09:09:32.539201
2025-11-27 09:09:32 | INFO | system | SYSTEM_CONFIG_VALIDATING | component=CONFIG | state=VALIDATING | timestamp=2025-11-27T09:09:32.539260
2025-11-27 09:09:32 | INFO | system | SYSTEM_CONFIG_VALID | component=CONFIG | state=VALID | timestamp=2025-11-27T09:09:32.539381
2025-11-27 09:09:32 | INFO | system | SYSTEM_TRADING_CONFIG_LOADED | component=TRADING_CONFIG | state=LOADED | timestamp=2025-11-27T09:09:32.539553 | trading_mode=LIVE | capital_per_trade=2000.0 | max_positions=5 | default_sl_percentage=0.5 | monitor_interval=20
2025-11-27 09:09:32 | INFO | system | SYSTEM_LEARNING_ENGINE_INITIALIZED | component=LEARNING_ENGINE | state=INITIALIZED | timestamp=2025-11-27T09:09:32.539982
2025-11-27 09:09:32 | INFO | system | SYSTEM_EOD_SCHEDULER_STARTED | component=EOD_SCHEDULER | state=STARTED | timestamp=2025-11-27T09:09:32.541741
2025-11-27 09:09:32 | INFO | system | SYSTEM_BOT_RUNNING | component=BOT | state=RUNNING | timestamp=2025-11-27T09:09:32.542157
2025-11-27 09:09:32 | INFO | system | SYSTEM_STARTUP_COMPLETE | component=STARTUP | state=COMPLETE | timestamp=2025-11-27T09:09:32.542341 | startup_time=1764214772.5422971 | trading_mode=LIVE | python_version=3.12.3 (main, Nov  6 2025, 13:44:16) [GCC 13.3.0] | working_directory=/root/santhosh/trading/equity | environment_loaded=True
2025-11-27 09:09:32 | INFO | system | SYSTEM_SYSTEM_READY | component=SYSTEM | state=READY | timestamp=2025-11-27T09:09:32.542964 | webhook_server=starting | broker=will_initialize | monitor=will_initialize | rate_limiter=will_initialize
2025-11-27 09:09:32 | INFO | system | SYSTEM_WEBHOOK_SERVER_STARTING | component=WEBHOOK_SERVER | state=STARTING | timestamp=2025-11-27T09:09:32.543027
2025-11-27 09:09:49 | INFO | system | SYSTEM_STARTUP_INITIALIZING | component=STARTUP | state=INITIALIZING | timestamp=2025-11-27T09:09:49.030500 | python_version=3.12.3 | system=Linux | memory_available_mb=1613 | disk_free_gb=44 | cpu_count=1 | working_directory=/root/santhosh/trading/equity | log_directory=/root/santhosh/trading/equity/logs/2025-11-27
2025-11-27 09:09:49 | INFO | system | SYSTEM_BOT_STARTING | component=BOT | state=STARTING | timestamp=2025-11-27T09:09:49.030951
2025-11-27 09:09:49 | INFO | system | SYSTEM_SIGNAL_HANDLERS_REGISTERED | component=SIGNAL_HANDLERS | state=REGISTERED | timestamp=2025-11-27T09:09:49.031346
2025-11-27 09:09:49 | INFO | system | SYSTEM_CONFIG_VALIDATING | component=CONFIG | state=VALIDATING | timestamp=2025-11-27T09:09:49.031419
2025-11-27 09:09:49 | INFO | system | SYSTEM_CONFIG_VALID | component=CONFIG | state=VALID | timestamp=2025-11-27T09:09:49.031548
2025-11-27 09:09:49 | INFO | system | SYSTEM_TRADING_CONFIG_LOADED | component=TRADING_CONFIG | state=LOADED | timestamp=2025-11-27T09:09:49.031737 | trading_mode=LIVE | capital_per_trade=2000.0 | max_positions=5 | default_sl_percentage=0.5 | monitor_interval=20
2025-11-27 09:09:49 | INFO | system | SYSTEM_LEARNING_ENGINE_INITIALIZED | component=LEARNING_ENGINE | state=INITIALIZED | timestamp=2025-11-27T09:09:49.032168
2025-11-27 09:09:49 | INFO | system | SYSTEM_EOD_SCHEDULER_STARTED | component=EOD_SCHEDULER | state=STARTED | timestamp=2025-11-27T09:09:49.033793
2025-11-27 09:09:49 | INFO | system | SYSTEM_BOT_RUNNING | component=BOT | state=RUNNING | timestamp=2025-11-27T09:09:49.033920
2025-11-27 09:09:49 | INFO | system | SYSTEM_STARTUP_COMPLETE | component=STARTUP | state=COMPLETE | timestamp=2025-11-27T09:09:49.034001 | startup_time=1764214789.0339644 | trading_mode=LIVE | python_version=3.12.3 (main, Nov  6 2025, 13:44:16) [GCC 13.3.0] | working_directory=/root/santhosh/trading/equity | environment_loaded=True
2025-11-27 09:09:49 | INFO | system | SYSTEM_SYSTEM_READY | component=SYSTEM | state=READY | timestamp=2025-11-27T09:09:49.034222 | webhook_server=starting | broker=will_initialize | monitor=will_initialize | rate_limiter=will_initialize
2025-11-27 09:09:49 | INFO | system | SYSTEM_WEBHOOK_SERVER_STARTING | component=WEBHOOK_SERVER | state=STARTING | timestamp=2025-11-27T09:09:49.034275
2025-11-27 09:10:03 | INFO | system | SYSTEM_SIGNAL_HANDLER_TRIGGERED | component=SIGNAL_HANDLER | state=TRIGGERED | timestamp=2025-11-27T09:10:03.286923 | signal=15
2025-11-27 09:10:03 | INFO | system | SYSTEM_BOT_SHUTTING_DOWN | component=BOT | state=SHUTTING_DOWN | timestamp=2025-11-27T09:10:03.287389 | uptime_seconds=296.1
2025-11-27 09:10:03 | INFO | system | SYSTEM_BOT_SHUTDOWN_COMPLETE | component=BOT | state=SHUTDOWN_COMPLETE | timestamp=2025-11-27T09:10:03.289091
2025-11-27 09:10:10 | INFO | system | SYSTEM_STARTUP_INITIALIZING | component=STARTUP | state=INITIALIZING | timestamp=2025-11-27T09:10:10.348689 | python_version=3.12.3 | system=Linux | memory_available_mb=1646 | disk_free_gb=44 | cpu_count=1 | working_directory=/root/santhosh/trading/equity | log_directory=/root/santhosh/trading/equity/logs/2025-11-27
2025-11-27 09:10:10 | INFO | system | SYSTEM_BOT_STARTING | component=BOT | state=STARTING | timestamp=2025-11-27T09:10:10.349197
2025-11-27 09:10:10 | INFO | system | SYSTEM_SIGNAL_HANDLERS_REGISTERED | component=SIGNAL_HANDLERS | state=REGISTERED | timestamp=2025-11-27T09:10:10.349540
2025-11-27 09:10:10 | INFO | system | SYSTEM_CONFIG_VALIDATING | component=CONFIG | state=VALIDATING | timestamp=2025-11-27T09:10:10.349608
2025-11-27 09:10:10 | INFO | system | SYSTEM_CONFIG_VALID | component=CONFIG | state=VALID | timestamp=2025-11-27T09:10:10.349759
2025-11-27 09:10:10 | INFO | system | SYSTEM_TRADING_CONFIG_LOADED | component=TRADING_CONFIG | state=LOADED | timestamp=2025-11-27T09:10:10.349938 | trading_mode=LIVE | capital_per_trade=2000.0 | max_positions=5 | default_sl_percentage=0.5 | monitor_interval=20
2025-11-27 09:10:10 | INFO | system | SYSTEM_LEARNING_ENGINE_INITIALIZED | component=LEARNING_ENGINE | state=INITIALIZED | timestamp=2025-11-27T09:10:10.351454
2025-11-27 09:10:10 | INFO | system | SYSTEM_EOD_SCHEDULER_STARTED | component=EOD_SCHEDULER | state=STARTED | timestamp=2025-11-27T09:10:10.353182
2025-11-27 09:10:10 | INFO | system | SYSTEM_BOT_RUNNING | component=BOT | state=RUNNING | timestamp=2025-11-27T09:10:10.353316
2025-11-27 09:10:10 | INFO | system | SYSTEM_STARTUP_COMPLETE | component=STARTUP | state=COMPLETE | timestamp=2025-11-27T09:10:10.353400 | startup_time=1764214810.3533628 | trading_mode=LIVE | python_version=3.12.3 (main, Nov  6 2025, 13:44:16) [GCC 13.3.0] | working_directory=/root/santhosh/trading/equity | environment_loaded=True
2025-11-27 09:10:10 | INFO | system | SYSTEM_SYSTEM_READY | component=SYSTEM | state=READY | timestamp=2025-11-27T09:10:10.353615 | webhook_server=starting | broker=will_initialize | monitor=will_initialize | rate_limiter=will_initialize
2025-11-27 09:10:10 | INFO | system | SYSTEM_WEBHOOK_SERVER_STARTING | component=WEBHOOK_SERVER | state=STARTING | timestamp=2025-11-27T09:10:10.353979
2025-11-27 10:03:01 | INFO | webhook | WEBHOOK_INVALID_FORMAT | status=INVALID_FORMAT | symbol=UNKNOWN | action=UNKNOWN | price=None | timestamp=2025-11-27T10:03:01.211313 | raw_data={"content_type": "text/plain; charset=utf-8"} | error=Failed to parse JSON from text/plain: Expecting value: line 1 column 1 (char 0)
2025-11-27 10:06:01 | INFO | webhook | WEBHOOK_INVALID_FORMAT | status=INVALID_FORMAT | symbol=UNKNOWN | action=UNKNOWN | price=None | timestamp=2025-11-27T10:06:01.703160 | raw_data={"content_type": "text/plain; charset=utf-8"} | error=Failed to parse JSON from text/plain: Expecting value: line 1 column 1 (char 0)
2025-11-27 10:06:05 | INFO | webhook | WEBHOOK_INVALID_FORMAT | status=INVALID_FORMAT | symbol=UNKNOWN | action=UNKNOWN | price=None | timestamp=2025-11-27T10:06:05.621934 | raw_data={"content_type": "text/plain; charset=utf-8"} | error=Failed to parse JSON from text/plain: Expecting value: line 1 column 1 (char 0)
2025-11-27 10:15:00 | INFO | webhook | WEBHOOK_INVALID_FORMAT | status=INVALID_FORMAT | symbol=UNKNOWN | action=UNKNOWN | price=None | timestamp=2025-11-27T10:15:00.740596 | raw_data={"content_type": "text/plain; charset=utf-8"} | error=Failed to parse JSON from text/plain: Expecting value: line 1 column 1 (char 0)
2025-11-27 10:15:01 | INFO | webhook | WEBHOOK_INVALID_FORMAT | status=INVALID_FORMAT | symbol=UNKNOWN | action=UNKNOWN | price=None | timestamp=2025-11-27T10:15:01.560522 | raw_data={"content_type": "text/plain; charset=utf-8"} | error=Failed to parse JSON from text/plain: Expecting value: line 1 column 1 (char 0)
2025-11-27 10:15:01 | INFO | webhook | WEBHOOK_INVALID_FORMAT | status=INVALID_FORMAT | symbol=UNKNOWN | action=UNKNOWN | price=None | timestamp=2025-11-27T10:15:01.974034 | raw_data={"content_type": "text/plain; charset=utf-8"} | error=Failed to parse JSON from text/plain: Expecting value: line 1 column 1 (char 0)
2025-11-27 10:15:02 | INFO | webhook | WEBHOOK_INVALID_FORMAT | status=INVALID_FORMAT | symbol=UNKNOWN | action=UNKNOWN | price=None | timestamp=2025-11-27T10:15:02.191166 | raw_data={"content_type": "text/plain; charset=utf-8"} | error=Failed to parse JSON from text/plain: Expecting value: line 1 column 1 (char 0)
2025-11-27 10:15:07 | INFO | webhook | WEBHOOK_INVALID_FORMAT | status=INVALID_FORMAT | symbol=UNKNOWN | action=UNKNOWN | price=None | timestamp=2025-11-27T10:15:07.260316 | raw_data={"content_type": "text/plain; charset=utf-8"} | error=Failed to parse JSON from text/plain: Expecting value: line 1 column 1 (char 0)
2025-11-27 10:18:01 | INFO | webhook | WEBHOOK_INVALID_FORMAT | status=INVALID_FORMAT | symbol=UNKNOWN | action=UNKNOWN | price=None | timestamp=2025-11-27T10:18:01.321480 | raw_data={"content_type": "text/plain; charset=utf-8"} | error=Failed to parse JSON from text/plain: Expecting value: line 1 column 1 (char 0)
2025-11-27 10:21:01 | INFO | webhook | WEBHOOK_INVALID_FORMAT | status=INVALID_FORMAT | symbol=UNKNOWN | action=UNKNOWN | price=None | timestamp=2025-11-27T10:21:01.309384 | raw_data={"content_type": "text/plain; charset=utf-8"} | error=Failed to parse JSON from text/plain: Expecting value: line 1 column 1 (char 0)
2025-11-27 10:21:02 | INFO | webhook | WEBHOOK_INVALID_FORMAT | status=INVALID_FORMAT | symbol=UNKNOWN | action=UNKNOWN | price=None | timestamp=2025-11-27T10:21:02.837055 | raw_data={"content_type": "text/plain; charset=utf-8"} | error=Failed to parse JSON from text/plain: Expecting value: line 1 column 1 (char 0)
2025-11-27 10:27:01 | INFO | webhook | WEBHOOK_INVALID_FORMAT | status=INVALID_FORMAT | symbol=UNKNOWN | action=UNKNOWN | price=None | timestamp=2025-11-27T10:27:01.606045 | raw_data={"content_type": "text/plain; charset=utf-8"} | error=Failed to parse JSON from text/plain: Expecting value: line 1 column 1 (char 0)
2025-11-27 10:27:02 | INFO | webhook | WEBHOOK_INVALID_FORMAT | status=INVALID_FORMAT | symbol=UNKNOWN | action=UNKNOWN | price=None | timestamp=2025-11-27T10:27:02.776284 | raw_data={"content_type": "text/plain; charset=utf-8"} | error=Failed to parse JSON from text/plain: Expecting value: line 1 column 1 (char 0)
2025-11-27 10:33:01 | INFO | webhook | WEBHOOK_INVALID_FORMAT | status=INVALID_FORMAT | symbol=UNKNOWN | action=UNKNOWN | price=None | timestamp=2025-11-27T10:33:01.116425 | raw_data={"content_type": "text/plain; charset=utf-8"} | error=Failed to parse JSON from text/plain: Expecting value: line 1 column 1 (char 0)
2025-11-27 10:33:02 | INFO | webhook | WEBHOOK_INVALID_FORMAT | status=INVALID_FORMAT | symbol=UNKNOWN | action=UNKNOWN | price=None | timestamp=2025-11-27T10:33:02.844552 | raw_data={"content_type": "text/plain; charset=utf-8"} | error=Failed to parse JSON from text/plain: Expecting value: line 1 column 1 (char 0)
2025-11-27 10:33:05 | INFO | webhook | WEBHOOK_INVALID_FORMAT | status=INVALID_FORMAT | symbol=UNKNOWN | action=UNKNOWN | price=None | timestamp=2025-11-27T10:33:05.742292 | raw_data={"content_type": "text/plain; charset=utf-8"} | error=Failed to parse JSON from text/plain: Expecting value: line 1 column 1 (char 0)
2025-11-27 10:36:00 | INFO | webhook | WEBHOOK_INVALID_FORMAT | status=INVALID_FORMAT | symbol=UNKNOWN | action=UNKNOWN | price=None | timestamp=2025-11-27T10:36:00.862274 | raw_data={"content_type": "text/plain; charset=utf-8"} | error=Failed to parse JSON from text/plain: Expecting value: line 1 column 1 (char 0)
2025-11-27 10:36:01 | INFO | webhook | WEBHOOK_INVALID_FORMAT | status=INVALID_FORMAT | symbol=UNKNOWN | action=UNKNOWN | price=None | timestamp=2025-11-27T10:36:01.670858 | raw_data={"content_type": "text/plain; charset=utf-8"} | error=Failed to parse JSON from text/plain: Expecting value: line 1 column 1 (char 0)
2025-11-27 10:39:04 | INFO | webhook | WEBHOOK_INVALID_FORMAT | status=INVALID_FORMAT | symbol=UNKNOWN | action=UNKNOWN | price=None | timestamp=2025-11-27T10:39:04.131961 | raw_data={"content_type": "text/plain; charset=utf-8"} | error=Failed to parse JSON from text/plain: Expecting value: line 1 column 1 (char 0)
2025-11-27 10:48:01 | INFO | webhook | WEBHOOK_INVALID_FORMAT | status=INVALID_FORMAT | symbol=UNKNOWN | action=UNKNOWN | price=None | timestamp=2025-11-27T10:48:01.697912 | raw_data={"content_type": "text/plain; charset=utf-8"} | error=Failed to parse JSON from text/plain: Expecting value: line 1 column 1 (char 0)
2025-11-27 16:30:10 | INFO | system | SYSTEM_STARTUP_INITIALIZING | component=STARTUP | state=INITIALIZING | timestamp=2025-11-27T16:30:10.917475 | python_version=3.12.3 | system=Linux | memory_available_mb=889 | disk_free_gb=44 | cpu_count=1 | working_directory=/root/santhosh/trading/equity | log_directory=/root/santhosh/trading/equity/logs/2025-11-27
2025-11-27 16:30:10 | INFO | system | SYSTEM_BOT_STARTING | component=BOT | state=STARTING | timestamp=2025-11-27T16:30:10.918597
2025-11-27 16:30:10 | INFO | system | SYSTEM_SIGNAL_HANDLERS_REGISTERED | component=SIGNAL_HANDLERS | state=REGISTERED | timestamp=2025-11-27T16:30:10.919504
2025-11-27 16:30:10 | INFO | system | SYSTEM_CONFIG_VALIDATING | component=CONFIG | state=VALIDATING | timestamp=2025-11-27T16:30:10.919878
2025-11-27 16:30:10 | INFO | system | SYSTEM_CONFIG_VALID | component=CONFIG | state=VALID | timestamp=2025-11-27T16:30:10.920507
2025-11-27 16:30:10 | INFO | system | SYSTEM_TRADING_CONFIG_LOADED | component=TRADING_CONFIG | state=LOADED | timestamp=2025-11-27T16:30:10.921937 | trading_mode=LIVE | capital_per_trade=2000.0 | max_positions=5 | default_sl_percentage=0.5 | monitor_interval=20
2025-11-27 16:30:10 | INFO | system | SYSTEM_LEARNING_ENGINE_INITIALIZED | component=LEARNING_ENGINE | state=INITIALIZED | timestamp=2025-11-27T16:30:10.923852
2025-11-27 16:30:10 | INFO | system | SYSTEM_EOD_SCHEDULER_STARTED | component=EOD_SCHEDULER | state=STARTED | timestamp=2025-11-27T16:30:10.926864
2025-11-27 16:30:10 | INFO | system | SYSTEM_BOT_RUNNING | component=BOT | state=RUNNING | timestamp=2025-11-27T16:30:10.928111
2025-11-27 16:30:10 | INFO | system | SYSTEM_STARTUP_COMPLETE | component=STARTUP | state=COMPLETE | timestamp=2025-11-27T16:30:10.930024 | startup_time=1764241210.929938 | trading_mode=LIVE | python_version=3.12.3 (main, Nov  6 2025, 13:44:16) [GCC 13.3.0] | working_directory=/root/santhosh/trading/equity | environment_loaded=True
2025-11-27 16:30:10 | INFO | system | SYSTEM_SYSTEM_READY | component=SYSTEM | state=READY | timestamp=2025-11-27T16:30:10.932628 | webhook_server=starting | broker=will_initialize | monitor=will_initialize | rate_limiter=will_initialize
2025-11-27 16:30:10 | INFO | system | SYSTEM_WEBHOOK_SERVER_STARTING | component=WEBHOOK_SERVER | state=STARTING | timestamp=2025-11-27T16:30:10.934061
