2025-12-01T09:51:00.937522 | TradingView | BUY HEROMOTOCO-EQ @ ₹6264.50
2025-12-01T09:51:05.833377 | TradingView | BUY IIFL-EQ @ ₹584.45
2025-12-01T09:54:05.856312 | TradingView | BUY KALYANKJIL-EQ @ ₹514.00
2025-12-01T09:54:06.798514 | TradingView | BUY ADANIPORTS-EQ @ ₹1543.10
2025-12-01T09:57:00.833897 | TradingView | BUY DELHIVERY-EQ @ ₹431.70
2025-12-01T09:57:00.878233 | TradingView | BUY BAJAJ_AUTO-EQ @ ₹9145.00
2025-12-01T09:57:01.126819 | TradingView | BUY BANKBARODA-EQ @ ₹293.00
2025-12-01T09:57:01.704774 | TradingView | BUY KPITTECH-EQ @ ₹1249.40
2025-12-01T09:57:02.392164 | TradingView | BUY KOTAKBANK-EQ @ ₹2155.00
2025-12-01T10:00:03.393904 | TradingView | BUY POLICYBZR-EQ @ ₹1841.30
2025-12-01T10:03:01.729254 | TradingView | BUY IDEA-EQ @ ₹10.11
2025-12-01T10:06:01.679670 | TradingView | BUY IEX-EQ @ ₹144.21
2025-12-01T10:24:03.819173 | TradingView | BUY TECHM-EQ @ ₹1521.00
2025-12-01T10:27:01.398685 | TradingView | BUY MUTHOOTFIN-EQ @ ₹3809.60
2025-12-01T10:33:00.945716 | TradingView | BUY INDIANB-EQ @ ₹885.85
2025-12-01T10:33:00.973828 | TradingView | BUY UNIONBANK-EQ @ ₹155.48
2025-12-01T10:33:02.593825 | TradingView | BUY SAMMAANCAP-EQ @ ₹154.19
2025-12-01T10:39:00.660165 | TradingView | BUY KFINTECH-EQ @ ₹1090.50
2025-12-01T10:39:02.041854 | TradingView | BUY CHOLAFIN-EQ @ ₹1733.60
2025-12-01T10:42:01.292475 | TradingView | BUY HINDCOPPER-EQ @ ₹340.60
2025-12-01T10:42:01.818161 | TradingView | BUY CAMS-EQ @ ₹3965.00
2025-12-01T10:48:01.390787 | TradingView | BUY NBCC-EQ @ ₹117.52
2025-12-01T10:48:01.743346 | TradingView | BUY BHARATFORG-EQ @ ₹1448.80
2025-12-01T10:48:05.226668 | TradingView | BUY SOLARINDS-EQ @ ₹13398.00
2025-12-01T18:05:20.604945 | TradingView | UNKNOWN UNKNOWN @ ₹0.00 [REJECTED]
2025-12-01T18:05:31.324897 | TradingView | UNKNOWN UNKNOWN @ ₹0.00 [REJECTED]
2025-12-01T18:05:59.042215 | TradingView | BUY BANKNIFTY-EQ @ ₹52500.00
2025-12-01T18:06:06.913736 | TradingView | BUY BANKNIFTY-EQ @ ₹52500.00
2025-12-01T18:08:51.767865 | TradingView | UNKNOWN UNKNOWN @ ₹0.00 [REJECTED]
2025-12-01T18:09:00.948067 | TradingView | UNKNOWN UNKNOWN @ ₹0.00 [REJECTED]
2025-12-01T18:09:39.516185 | TradingView | UNKNOWN UNKNOWN @ ₹0.00 [REJECTED]
2025-12-01T18:09:39.608055 | TradingView | UNKNOWN UNKNOWN @ ₹0.00 [REJECTED]
2025-12-01T18:09:49.943397 | TradingView | BUY BANKNIFTY-EQ @ ₹52500.00
2025-12-01T18:09:57.114894 | TradingView | BUY BANKNIFTY-EQ @ ₹52500.00
