2025-11-24 19:37:45 | INFO | system | SYSTEM_STARTUP_INITIALIZING | component=STARTUP | state=INITIALIZING | timestamp=2025-11-24T19:37:45.762792 | python_version=3.12.3 | system=Linux | memory_available_mb=1612 | disk_free_gb=43 | cpu_count=1 | working_directory=/root/santhosh/trading/equity | log_directory=/root/santhosh/trading/equity/logs/2025-11-24
2025-11-24 19:37:45 | INFO | system | SYSTEM_BOT_STARTING | component=BOT | state=STARTING | timestamp=2025-11-24T19:37:45.763323
2025-11-24 19:37:45 | INFO | system | SYSTEM_SIGNAL_HANDLERS_REGISTERED | component=SIGNAL_HANDLERS | state=REGISTERED | timestamp=2025-11-24T19:37:45.763692
2025-11-24 19:37:45 | INFO | system | SYSTEM_CONFIG_VALIDATING | component=CONFIG | state=VALIDATING | timestamp=2025-11-24T19:37:45.763754
2025-11-24 19:37:45 | INFO | system | SYSTEM_CONFIG_VALID | component=CONFIG | state=VALID | timestamp=2025-11-24T19:37:45.763878
2025-11-24 19:37:45 | INFO | system | SYSTEM_TRADING_CONFIG_LOADED | component=TRADING_CONFIG | state=LOADED | timestamp=2025-11-24T19:37:45.764114 | trading_mode=LIVE | capital_per_trade=2000.0 | max_positions=5 | default_sl_percentage=0.5 | monitor_interval=20
2025-11-24 19:37:45 | INFO | system | SYSTEM_LEARNING_ENGINE_INITIALIZED | component=LEARNING_ENGINE | state=INITIALIZED | timestamp=2025-11-24T19:37:45.770663
2025-11-24 19:37:45 | INFO | system | SYSTEM_EOD_SCHEDULER_STARTED | component=EOD_SCHEDULER | state=STARTED | timestamp=2025-11-24T19:37:45.774871
2025-11-24 19:37:45 | INFO | system | SYSTEM_BOT_RUNNING | component=BOT | state=RUNNING | timestamp=2025-11-24T19:37:45.779637
2025-11-24 19:37:45 | INFO | system | SYSTEM_STARTUP_COMPLETE | component=STARTUP | state=COMPLETE | timestamp=2025-11-24T19:37:45.779777 | startup_time=1763993265.779732 | trading_mode=LIVE | python_version=3.12.3 (main, Aug 14 2025, 17:47:21) [GCC 13.3.0] | working_directory=/root/santhosh/trading/equity | environment_loaded=True
2025-11-24 19:37:45 | INFO | system | SYSTEM_SYSTEM_READY | component=SYSTEM | state=READY | timestamp=2025-11-24T19:37:45.779997 | webhook_server=starting | broker=will_initialize | monitor=will_initialize | rate_limiter=will_initialize
2025-11-24 19:37:45 | INFO | system | SYSTEM_WEBHOOK_SERVER_STARTING | component=WEBHOOK_SERVER | state=STARTING | timestamp=2025-11-24T19:37:45.780074
2025-11-24 19:38:14 | INFO | system | SYSTEM_STARTUP_INITIALIZING | component=STARTUP | state=INITIALIZING | timestamp=2025-11-24T19:38:14.930574 | python_version=3.12.3 | system=Linux | memory_available_mb=1560 | disk_free_gb=43 | cpu_count=1 | working_directory=/root/santhosh/trading/equity | log_directory=/root/santhosh/trading/equity/logs/2025-11-24
2025-11-24 19:38:14 | INFO | system | SYSTEM_BOT_STARTING | component=BOT | state=STARTING | timestamp=2025-11-24T19:38:14.930741
2025-11-24 19:38:14 | INFO | system | SYSTEM_SIGNAL_HANDLERS_REGISTERED | component=SIGNAL_HANDLERS | state=REGISTERED | timestamp=2025-11-24T19:38:14.930883
2025-11-24 19:38:14 | INFO | system | SYSTEM_CONFIG_VALIDATING | component=CONFIG | state=VALIDATING | timestamp=2025-11-24T19:38:14.930936
2025-11-24 19:38:14 | INFO | system | SYSTEM_CONFIG_VALID | component=CONFIG | state=VALID | timestamp=2025-11-24T19:38:14.931049
2025-11-24 19:38:14 | INFO | system | SYSTEM_TRADING_CONFIG_LOADED | component=TRADING_CONFIG | state=LOADED | timestamp=2025-11-24T19:38:14.931222 | trading_mode=LIVE | capital_per_trade=2000.0 | max_positions=5 | default_sl_percentage=0.5 | monitor_interval=20
2025-11-24 19:38:14 | INFO | system | SYSTEM_LEARNING_ENGINE_INITIALIZED | component=LEARNING_ENGINE | state=INITIALIZED | timestamp=2025-11-24T19:38:14.931477
2025-11-24 19:38:14 | INFO | system | SYSTEM_EOD_SCHEDULER_STARTED | component=EOD_SCHEDULER | state=STARTED | timestamp=2025-11-24T19:38:14.932677
2025-11-24 19:38:14 | INFO | system | SYSTEM_BOT_RUNNING | component=BOT | state=RUNNING | timestamp=2025-11-24T19:38:14.932785
2025-11-24 19:38:14 | INFO | system | SYSTEM_STARTUP_COMPLETE | component=STARTUP | state=COMPLETE | timestamp=2025-11-24T19:38:14.932857 | startup_time=1763993294.9328244 | trading_mode=LIVE | python_version=3.12.3 (main, Aug 14 2025, 17:47:21) [GCC 13.3.0] | working_directory=/root/santhosh/trading/equity | environment_loaded=True
2025-11-24 19:38:14 | INFO | system | SYSTEM_SYSTEM_READY | component=SYSTEM | state=READY | timestamp=2025-11-24T19:38:14.933072 | webhook_server=starting | broker=will_initialize | monitor=will_initialize | rate_limiter=will_initialize
2025-11-24 19:38:14 | INFO | system | SYSTEM_WEBHOOK_SERVER_STARTING | component=WEBHOOK_SERVER | state=STARTING | timestamp=2025-11-24T19:38:14.933125
2025-11-24 19:38:27 | INFO | system | SYSTEM_STARTUP_INITIALIZING | component=STARTUP | state=INITIALIZING | timestamp=2025-11-24T19:38:27.737669 | python_version=3.12.3 | system=Linux | memory_available_mb=1025 | disk_free_gb=43 | cpu_count=1 | working_directory=/root/santhosh/trading/equity | log_directory=/root/santhosh/trading/equity/logs/2025-11-24
2025-11-24 19:38:27 | INFO | system | SYSTEM_BOT_STARTING | component=BOT | state=STARTING | timestamp=2025-11-24T19:38:27.738077
2025-11-24 19:38:27 | INFO | system | SYSTEM_SIGNAL_HANDLERS_REGISTERED | component=SIGNAL_HANDLERS | state=REGISTERED | timestamp=2025-11-24T19:38:27.739547
2025-11-24 19:38:27 | INFO | system | SYSTEM_CONFIG_VALIDATING | component=CONFIG | state=VALIDATING | timestamp=2025-11-24T19:38:27.739751
2025-11-24 19:38:27 | INFO | system | SYSTEM_CONFIG_VALID | component=CONFIG | state=VALID | timestamp=2025-11-24T19:38:27.740009
2025-11-24 19:38:27 | INFO | system | SYSTEM_TRADING_CONFIG_LOADED | component=TRADING_CONFIG | state=LOADED | timestamp=2025-11-24T19:38:27.740201 | trading_mode=LIVE | capital_per_trade=2000.0 | max_positions=5 | default_sl_percentage=0.5 | monitor_interval=20
2025-11-24 19:38:27 | INFO | system | SYSTEM_LEARNING_ENGINE_INITIALIZED | component=LEARNING_ENGINE | state=INITIALIZED | timestamp=2025-11-24T19:38:27.740488
2025-11-24 19:38:27 | INFO | system | SYSTEM_EOD_SCHEDULER_STARTED | component=EOD_SCHEDULER | state=STARTED | timestamp=2025-11-24T19:38:27.747194
2025-11-24 19:38:27 | INFO | system | SYSTEM_BOT_RUNNING | component=BOT | state=RUNNING | timestamp=2025-11-24T19:38:27.748565
2025-11-24 19:38:27 | INFO | system | SYSTEM_STARTUP_COMPLETE | component=STARTUP | state=COMPLETE | timestamp=2025-11-24T19:38:27.752411 | startup_time=1763993307.7503242 | trading_mode=LIVE | python_version=3.12.3 (main, Aug 14 2025, 17:47:21) [GCC 13.3.0] | working_directory=/root/santhosh/trading/equity | environment_loaded=True
2025-11-24 19:38:27 | INFO | system | SYSTEM_SYSTEM_READY | component=SYSTEM | state=READY | timestamp=2025-11-24T19:38:27.752723 | webhook_server=starting | broker=will_initialize | monitor=will_initialize | rate_limiter=will_initialize
2025-11-24 19:38:27 | INFO | system | SYSTEM_WEBHOOK_SERVER_STARTING | component=WEBHOOK_SERVER | state=STARTING | timestamp=2025-11-24T19:38:27.752785
2025-11-24 19:38:45 | INFO | system | SYSTEM_STARTUP_INITIALIZING | component=STARTUP | state=INITIALIZING | timestamp=2025-11-24T19:38:45.418245 | python_version=3.12.3 | system=Linux | memory_available_mb=146 | disk_free_gb=43 | cpu_count=1 | working_directory=/root/santhosh/trading/equity | log_directory=/root/santhosh/trading/equity/logs/2025-11-24
2025-11-24 19:38:45 | INFO | system | SYSTEM_BOT_STARTING | component=BOT | state=STARTING | timestamp=2025-11-24T19:38:45.419986
2025-11-24 19:38:45 | INFO | system | SYSTEM_SIGNAL_HANDLERS_REGISTERED | component=SIGNAL_HANDLERS | state=REGISTERED | timestamp=2025-11-24T19:38:45.421810
2025-11-24 19:38:45 | INFO | system | SYSTEM_CONFIG_VALIDATING | component=CONFIG | state=VALIDATING | timestamp=2025-11-24T19:38:45.421880
2025-11-24 19:38:45 | INFO | system | SYSTEM_CONFIG_VALID | component=CONFIG | state=VALID | timestamp=2025-11-24T19:38:45.422011
2025-11-24 19:38:45 | INFO | system | SYSTEM_TRADING_CONFIG_LOADED | component=TRADING_CONFIG | state=LOADED | timestamp=2025-11-24T19:38:45.422212 | trading_mode=LIVE | capital_per_trade=2000.0 | max_positions=5 | default_sl_percentage=0.5 | monitor_interval=20
2025-11-24 19:38:45 | INFO | system | SYSTEM_LEARNING_ENGINE_INITIALIZED | component=LEARNING_ENGINE | state=INITIALIZED | timestamp=2025-11-24T19:38:45.424768
2025-11-24 19:38:45 | INFO | system | SYSTEM_EOD_SCHEDULER_STARTED | component=EOD_SCHEDULER | state=STARTED | timestamp=2025-11-24T19:38:45.429698
2025-11-24 19:38:45 | INFO | system | SYSTEM_BOT_RUNNING | component=BOT | state=RUNNING | timestamp=2025-11-24T19:38:45.431483
2025-11-24 19:38:45 | INFO | system | SYSTEM_STARTUP_COMPLETE | component=STARTUP | state=COMPLETE | timestamp=2025-11-24T19:38:45.431594 | startup_time=1763993325.431552 | trading_mode=LIVE | python_version=3.12.3 (main, Aug 14 2025, 17:47:21) [GCC 13.3.0] | working_directory=/root/santhosh/trading/equity | environment_loaded=True
2025-11-24 19:38:45 | INFO | system | SYSTEM_SYSTEM_READY | component=SYSTEM | state=READY | timestamp=2025-11-24T19:38:45.431817 | webhook_server=starting | broker=will_initialize | monitor=will_initialize | rate_limiter=will_initialize
2025-11-24 19:38:45 | INFO | system | SYSTEM_WEBHOOK_SERVER_STARTING | component=WEBHOOK_SERVER | state=STARTING | timestamp=2025-11-24T19:38:45.431872
2025-11-24 19:39:02 | INFO | system | SYSTEM_STARTUP_INITIALIZING | component=STARTUP | state=INITIALIZING | timestamp=2025-11-24T19:39:02.754227 | python_version=3.12.3 | system=Linux | memory_available_mb=156 | disk_free_gb=43 | cpu_count=1 | working_directory=/root/santhosh/trading/equity | log_directory=/root/santhosh/trading/equity/logs/2025-11-24
2025-11-24 19:39:02 | INFO | system | SYSTEM_BOT_STARTING | component=BOT | state=STARTING | timestamp=2025-11-24T19:39:02.754911
2025-11-24 19:39:02 | INFO | system | SYSTEM_SIGNAL_HANDLERS_REGISTERED | component=SIGNAL_HANDLERS | state=REGISTERED | timestamp=2025-11-24T19:39:02.755608
2025-11-24 19:39:02 | INFO | system | SYSTEM_CONFIG_VALIDATING | component=CONFIG | state=VALIDATING | timestamp=2025-11-24T19:39:02.755827
2025-11-24 19:39:02 | INFO | system | SYSTEM_CONFIG_VALID | component=CONFIG | state=VALID | timestamp=2025-11-24T19:39:02.756434
2025-11-24 19:39:02 | INFO | system | SYSTEM_TRADING_CONFIG_LOADED | component=TRADING_CONFIG | state=LOADED | timestamp=2025-11-24T19:39:02.757343 | trading_mode=LIVE | capital_per_trade=2000.0 | max_positions=5 | default_sl_percentage=0.5 | monitor_interval=20
2025-11-24 19:39:02 | INFO | system | SYSTEM_LEARNING_ENGINE_INITIALIZED | component=LEARNING_ENGINE | state=INITIALIZED | timestamp=2025-11-24T19:39:02.758046
2025-11-24 19:39:02 | INFO | system | SYSTEM_EOD_SCHEDULER_STARTED | component=EOD_SCHEDULER | state=STARTED | timestamp=2025-11-24T19:39:02.761096
2025-11-24 19:39:02 | INFO | system | SYSTEM_BOT_RUNNING | component=BOT | state=RUNNING | timestamp=2025-11-24T19:39:02.763703
2025-11-24 19:39:02 | INFO | system | SYSTEM_STARTUP_COMPLETE | component=STARTUP | state=COMPLETE | timestamp=2025-11-24T19:39:02.763976 | startup_time=1763993342.7639132 | trading_mode=LIVE | python_version=3.12.3 (main, Aug 14 2025, 17:47:21) [GCC 13.3.0] | working_directory=/root/santhosh/trading/equity | environment_loaded=True
2025-11-24 19:39:02 | INFO | system | SYSTEM_SYSTEM_READY | component=SYSTEM | state=READY | timestamp=2025-11-24T19:39:02.764681 | webhook_server=starting | broker=will_initialize | monitor=will_initialize | rate_limiter=will_initialize
2025-11-24 19:39:02 | INFO | system | SYSTEM_WEBHOOK_SERVER_STARTING | component=WEBHOOK_SERVER | state=STARTING | timestamp=2025-11-24T19:39:02.765236
2025-11-24 19:39:19 | INFO | system | SYSTEM_STARTUP_INITIALIZING | component=STARTUP | state=INITIALIZING | timestamp=2025-11-24T19:39:19.483064 | python_version=3.12.3 | system=Linux | memory_available_mb=195 | disk_free_gb=43 | cpu_count=1 | working_directory=/root/santhosh/trading/equity | log_directory=/root/santhosh/trading/equity/logs/2025-11-24
2025-11-24 19:39:19 | INFO | system | SYSTEM_BOT_STARTING | component=BOT | state=STARTING | timestamp=2025-11-24T19:39:19.483495
2025-11-24 19:39:19 | INFO | system | SYSTEM_SIGNAL_HANDLERS_REGISTERED | component=SIGNAL_HANDLERS | state=REGISTERED | timestamp=2025-11-24T19:39:19.484098
2025-11-24 19:39:19 | INFO | system | SYSTEM_CONFIG_VALIDATING | component=CONFIG | state=VALIDATING | timestamp=2025-11-24T19:39:19.484355
2025-11-24 19:39:19 | INFO | system | SYSTEM_CONFIG_VALID | component=CONFIG | state=VALID | timestamp=2025-11-24T19:39:19.484716
2025-11-24 19:39:19 | INFO | system | SYSTEM_TRADING_CONFIG_LOADED | component=TRADING_CONFIG | state=LOADED | timestamp=2025-11-24T19:39:19.484901 | trading_mode=LIVE | capital_per_trade=2000.0 | max_positions=5 | default_sl_percentage=0.5 | monitor_interval=20
2025-11-24 19:39:19 | INFO | system | SYSTEM_LEARNING_ENGINE_INITIALIZED | component=LEARNING_ENGINE | state=INITIALIZED | timestamp=2025-11-24T19:39:19.485160
2025-11-24 19:39:19 | INFO | system | SYSTEM_EOD_SCHEDULER_STARTED | component=EOD_SCHEDULER | state=STARTED | timestamp=2025-11-24T19:39:19.487352
2025-11-24 19:39:19 | INFO | system | SYSTEM_BOT_RUNNING | component=BOT | state=RUNNING | timestamp=2025-11-24T19:39:19.489147
2025-11-24 19:39:19 | INFO | system | SYSTEM_STARTUP_COMPLETE | component=STARTUP | state=COMPLETE | timestamp=2025-11-24T19:39:19.489318 | startup_time=1763993359.4892762 | trading_mode=LIVE | python_version=3.12.3 (main, Aug 14 2025, 17:47:21) [GCC 13.3.0] | working_directory=/root/santhosh/trading/equity | environment_loaded=True
2025-11-24 19:39:19 | INFO | system | SYSTEM_SYSTEM_READY | component=SYSTEM | state=READY | timestamp=2025-11-24T19:39:19.490075 | webhook_server=starting | broker=will_initialize | monitor=will_initialize | rate_limiter=will_initialize
2025-11-24 19:39:19 | INFO | system | SYSTEM_WEBHOOK_SERVER_STARTING | component=WEBHOOK_SERVER | state=STARTING | timestamp=2025-11-24T19:39:19.490536
2025-11-24 19:39:36 | INFO | system | SYSTEM_STARTUP_INITIALIZING | component=STARTUP | state=INITIALIZING | timestamp=2025-11-24T19:39:36.001243 | python_version=3.12.3 | system=Linux | memory_available_mb=339 | disk_free_gb=43 | cpu_count=1 | working_directory=/root/santhosh/trading/equity | log_directory=/root/santhosh/trading/equity/logs/2025-11-24
2025-11-24 19:39:36 | INFO | system | SYSTEM_BOT_STARTING | component=BOT | state=STARTING | timestamp=2025-11-24T19:39:36.001848
2025-11-24 19:39:36 | INFO | system | SYSTEM_SIGNAL_HANDLERS_REGISTERED | component=SIGNAL_HANDLERS | state=REGISTERED | timestamp=2025-11-24T19:39:36.002522
2025-11-24 19:39:36 | INFO | system | SYSTEM_CONFIG_VALIDATING | component=CONFIG | state=VALIDATING | timestamp=2025-11-24T19:39:36.002816
2025-11-24 19:39:36 | INFO | system | SYSTEM_CONFIG_VALID | component=CONFIG | state=VALID | timestamp=2025-11-24T19:39:36.003453
2025-11-24 19:39:36 | INFO | system | SYSTEM_TRADING_CONFIG_LOADED | component=TRADING_CONFIG | state=LOADED | timestamp=2025-11-24T19:39:36.004441 | trading_mode=LIVE | capital_per_trade=2000.0 | max_positions=5 | default_sl_percentage=0.5 | monitor_interval=20
2025-11-24 19:39:36 | INFO | system | SYSTEM_LEARNING_ENGINE_INITIALIZED | component=LEARNING_ENGINE | state=INITIALIZED | timestamp=2025-11-24T19:39:36.005241
2025-11-24 19:39:36 | INFO | system | SYSTEM_EOD_SCHEDULER_STARTED | component=EOD_SCHEDULER | state=STARTED | timestamp=2025-11-24T19:39:36.008703
2025-11-24 19:39:36 | INFO | system | SYSTEM_BOT_RUNNING | component=BOT | state=RUNNING | timestamp=2025-11-24T19:39:36.011597
2025-11-24 19:39:36 | INFO | system | SYSTEM_STARTUP_COMPLETE | component=STARTUP | state=COMPLETE | timestamp=2025-11-24T19:39:36.011843 | startup_time=1763993376.0117874 | trading_mode=LIVE | python_version=3.12.3 (main, Aug 14 2025, 17:47:21) [GCC 13.3.0] | working_directory=/root/santhosh/trading/equity | environment_loaded=True
2025-11-24 19:39:36 | INFO | system | SYSTEM_SYSTEM_READY | component=SYSTEM | state=READY | timestamp=2025-11-24T19:39:36.013667 | webhook_server=starting | broker=will_initialize | monitor=will_initialize | rate_limiter=will_initialize
2025-11-24 19:39:36 | INFO | system | SYSTEM_WEBHOOK_SERVER_STARTING | component=WEBHOOK_SERVER | state=STARTING | timestamp=2025-11-24T19:39:36.014575
2025-11-24 19:39:52 | INFO | system | SYSTEM_STARTUP_INITIALIZING | component=STARTUP | state=INITIALIZING | timestamp=2025-11-24T19:39:52.700302 | python_version=3.12.3 | system=Linux | memory_available_mb=352 | disk_free_gb=43 | cpu_count=1 | working_directory=/root/santhosh/trading/equity | log_directory=/root/santhosh/trading/equity/logs/2025-11-24
2025-11-24 19:39:52 | INFO | system | SYSTEM_BOT_STARTING | component=BOT | state=STARTING | timestamp=2025-11-24T19:39:52.700820
2025-11-24 19:39:52 | INFO | system | SYSTEM_SIGNAL_HANDLERS_REGISTERED | component=SIGNAL_HANDLERS | state=REGISTERED | timestamp=2025-11-24T19:39:52.701282
2025-11-24 19:39:52 | INFO | system | SYSTEM_CONFIG_VALIDATING | component=CONFIG | state=VALIDATING | timestamp=2025-11-24T19:39:52.701569
2025-11-24 19:39:52 | INFO | system | SYSTEM_CONFIG_VALID | component=CONFIG | state=VALID | timestamp=2025-11-24T19:39:52.701986
2025-11-24 19:39:52 | INFO | system | SYSTEM_TRADING_CONFIG_LOADED | component=TRADING_CONFIG | state=LOADED | timestamp=2025-11-24T19:39:52.702714 | trading_mode=LIVE | capital_per_trade=2000.0 | max_positions=5 | default_sl_percentage=0.5 | monitor_interval=20
2025-11-24 19:39:52 | INFO | system | SYSTEM_LEARNING_ENGINE_INITIALIZED | component=LEARNING_ENGINE | state=INITIALIZED | timestamp=2025-11-24T19:39:52.703188
2025-11-24 19:39:52 | INFO | system | SYSTEM_EOD_SCHEDULER_STARTED | component=EOD_SCHEDULER | state=STARTED | timestamp=2025-11-24T19:39:52.706859
2025-11-24 19:39:52 | INFO | system | SYSTEM_BOT_RUNNING | component=BOT | state=RUNNING | timestamp=2025-11-24T19:39:52.707256
2025-11-24 19:39:52 | INFO | system | SYSTEM_STARTUP_COMPLETE | component=STARTUP | state=COMPLETE | timestamp=2025-11-24T19:39:52.707427 | startup_time=1763993392.7073665 | trading_mode=LIVE | python_version=3.12.3 (main, Aug 14 2025, 17:47:21) [GCC 13.3.0] | working_directory=/root/santhosh/trading/equity | environment_loaded=True
2025-11-24 19:39:52 | INFO | system | SYSTEM_SYSTEM_READY | component=SYSTEM | state=READY | timestamp=2025-11-24T19:39:52.708235 | webhook_server=starting | broker=will_initialize | monitor=will_initialize | rate_limiter=will_initialize
2025-11-24 19:39:52 | INFO | system | SYSTEM_WEBHOOK_SERVER_STARTING | component=WEBHOOK_SERVER | state=STARTING | timestamp=2025-11-24T19:39:52.708959
2025-11-24 19:40:02 | INFO | system | SYSTEM_SIGNAL_HANDLER_TRIGGERED | component=SIGNAL_HANDLER | state=TRIGGERED | timestamp=2025-11-24T19:40:02.956423 | signal=15
2025-11-24 19:40:02 | INFO | system | SYSTEM_BOT_SHUTTING_DOWN | component=BOT | state=SHUTTING_DOWN | timestamp=2025-11-24T19:40:02.961230 | uptime_seconds=108.0
2025-11-24 19:40:02 | INFO | system | SYSTEM_BOT_SHUTDOWN_COMPLETE | component=BOT | state=SHUTDOWN_COMPLETE | timestamp=2025-11-24T19:40:02.964731
