2025-11-28 10:21:03 | ERROR | broker_errors | BROKER_ERROR | TOKEN_INVALID | Code: AG8001 | Endpoint: placeOrder | placeOrder returned None - Invalid Token suspected | session_age_minutes=10.8455742
2025-11-28 10:48:02 | ERROR | broker_errors | BROKER_ERROR | TOKEN_INVALID | Code: AG8001 | Endpoint: placeOrder | placeOrder returned None - Invalid Token suspected | session_age_minutes=7.8090509
2025-11-28 14:44:08 | ERROR | errors | DETAILED_ERROR | error_type=SQUARE_OFF_QUOTE_ERROR | message=Failed to get quote for INFY-EQ: 'AngelOneBroker' object has no attribute 'get_quote' | timestamp=2025-11-28T14:44:08.911758
2025-11-28 14:44:09 | ERROR | errors | DETAILED_ERROR | error_type=SQUARE_OFF_ERROR | message=Failed to close INFY-EQ: 'Order' object has no attribute 'get' | timestamp=2025-11-28T14:44:09.049074 | exception_type=AttributeError | exception_message='Order' object has no attribute 'get' | stack_trace=Traceback (most recent call last):
  File "/root/santhosh/trading/equity/eqcode/api.py", line 2469, in square_off_all_positions
    if close_order and close_order.get('orderId'):
                       ^^^^^^^^^^^^^^^
AttributeError: 'Order' object has no attribute 'get'

2025-11-28 14:44:09 | ERROR | errors | DETAILED_ERROR | error_type=SQUARE_OFF_QUOTE_ERROR | message=Failed to get quote for PNBHOUSING-EQ: 'AngelOneBroker' object has no attribute 'get_quote' | timestamp=2025-11-28T14:44:09.051505
2025-11-28 14:44:09 | ERROR | errors | DETAILED_ERROR | error_type=SQUARE_OFF_ERROR | message=Failed to close PNBHOUSING-EQ: 'Order' object has no attribute 'get' | timestamp=2025-11-28T14:44:09.300423 | exception_type=AttributeError | exception_message='Order' object has no attribute 'get' | stack_trace=Traceback (most recent call last):
  File "/root/santhosh/trading/equity/eqcode/api.py", line 2469, in square_off_all_positions
    if close_order and close_order.get('orderId'):
                       ^^^^^^^^^^^^^^^
AttributeError: 'Order' object has no attribute 'get'

2025-11-28 14:44:09 | ERROR | errors | DETAILED_ERROR | error_type=SQUARE_OFF_QUOTE_ERROR | message=Failed to get quote for TCS-EQ: 'AngelOneBroker' object has no attribute 'get_quote' | timestamp=2025-11-28T14:44:09.301921
2025-11-28 14:44:09 | ERROR | errors | DETAILED_ERROR | error_type=SQUARE_OFF_ERROR | message=Failed to close TCS-EQ: 'Order' object has no attribute 'get' | timestamp=2025-11-28T14:44:09.550090 | exception_type=AttributeError | exception_message='Order' object has no attribute 'get' | stack_trace=Traceback (most recent call last):
  File "/root/santhosh/trading/equity/eqcode/api.py", line 2469, in square_off_all_positions
    if close_order and close_order.get('orderId'):
                       ^^^^^^^^^^^^^^^
AttributeError: 'Order' object has no attribute 'get'

2025-11-28 14:44:09 | ERROR | errors | DETAILED_ERROR | error_type=SQUARE_OFF_QUOTE_ERROR | message=Failed to get quote for TORNTPOWER-EQ: 'AngelOneBroker' object has no attribute 'get_quote' | timestamp=2025-11-28T14:44:09.551761
2025-11-28 14:44:09 | ERROR | errors | DETAILED_ERROR | error_type=SQUARE_OFF_ERROR | message=Failed to close TORNTPOWER-EQ: 'Order' object has no attribute 'get' | timestamp=2025-11-28T14:44:09.795319 | exception_type=AttributeError | exception_message='Order' object has no attribute 'get' | stack_trace=Traceback (most recent call last):
  File "/root/santhosh/trading/equity/eqcode/api.py", line 2469, in square_off_all_positions
    if close_order and close_order.get('orderId'):
                       ^^^^^^^^^^^^^^^
AttributeError: 'Order' object has no attribute 'get'

2025-11-28 16:30:11 | ERROR | errors | DETAILED_ERROR | error_type=EOD_CONNECTION_ERROR | message=Failed to connect to bot at http://localhost:80 | timestamp=2025-11-28T16:30:11.686415 | exception_type=ConnectionError | exception_message=HTTPConnectionPool(host='localhost', port=80): Max retries exceeded with url: /learning/eod-update (Caused by NewConnectionError('<urllib3.connection.HTTPConnection object at 0x750920248950>: Failed to establish a new connection: [Errno 111] Connection refused')) | stack_trace=Traceback (most recent call last):
  File "/root/santhosh/trading/equity/.venv/lib/python3.12/site-packages/urllib3/connection.py", line 198, in _new_conn
    sock = connection.create_connection(
           ^^^^^^^^^^^^^^^^^^^^^^^^^^^^^
  File "/root/santhosh/trading/equity/.venv/lib/python3.12/site-packages/urllib3/util/connection.py", line 85, in create_connection
    raise err
  File "/root/santhosh/trading/equity/.venv/lib/python3.12/site-packages/urllib3/util/connection.py", line 73, in create_connection
    sock.connect(sa)
ConnectionRefusedError: [Errno 111] Connection refused

The above exception was the direct cause of the following exception:

Traceback (most recent call last):
  File "/root/santhosh/trading/equity/.venv/lib/python3.12/site-packages/urllib3/connectionpool.py", line 787, in urlopen
    response = self._make_request(
               ^^^^^^^^^^^^^^^^^^^
  File "/root/santhosh/trading/equity/.venv/lib/python3.12/site-packages/urllib3/connectionpool.py", line 493, in _make_request
    conn.request(
  File "/root/santhosh/trading/equity/.venv/lib/python3.12/site-packages/urllib3/connection.py", line 494, in request
    self.endheaders()
  File "/usr/lib/python3.12/http/client.py", line 1331, in endheaders
    self._send_output(message_body, encode_chunked=encode_chunked)
  File "/usr/lib/python3.12/http/client.py", line 1091, in _send_output
    self.send(msg)
  File "/usr/lib/python3.12/http/client.py", line 1035, in send
    self.connect()
  File "/root/santhosh/trading/equity/.venv/lib/python3.12/site-packages/urllib3/connection.py", line 325, in connect
    self.sock = self._new_conn()
                ^^^^^^^^^^^^^^^^
  File "/root/santhosh/trading/equity/.venv/lib/python3.12/site-packages/urllib3/connection.py", line 213, in _new_conn
    raise NewConnectionError(
urllib3.exceptions.NewConnectionError: <urllib3.connection.HTTPConnection object at 0x750920248950>: Failed to establish a new connection: [Errno 111] Connection refused

The above exception was the direct cause of the following exception:

Traceback (most recent call last):
  File "/root/santhosh/trading/equity/.venv/lib/python3.12/site-packages/requests/adapters.py", line 644, in send
    resp = conn.urlopen(
           ^^^^^^^^^^^^^
  File "/root/santhosh/trading/equity/.venv/lib/python3.12/site-packages/urllib3/connectionpool.py", line 841, in urlopen
    retries = retries.increment(
              ^^^^^^^^^^^^^^^^^^
  File "/root/santhosh/trading/equity/.venv/lib/python3.12/site-packages/urllib3/util/retry.py", line 519, in increment
    raise MaxRetryError(_pool, url, reason) from reason  # type: ignore[arg-type]
    ^^^^^^^^^^^^^^^^^^^^^^^^^^^^^^^^^^^^^^^^^^^^^^^^^^^
urllib3.exceptions.MaxRetryError: HTTPConnectionPool(host='localhost', port=80): Max retries exceeded with url: /learning/eod-update (Caused by NewConnectionError('<urllib3.connection.HTTPConnection object at 0x750920248950>: Failed to establish a new connection: [Errno 111] Connection refused'))

During handling of the above exception, another exception occurred:

Traceback (most recent call last):
  File "/root/santhosh/trading/equity/eqcode/eod_scheduler.py", line 181, in trigger_eod_update
    response = requests.post(
               ^^^^^^^^^^^^^^
  File "/root/santhosh/trading/equity/.venv/lib/python3.12/site-packages/requests/api.py", line 115, in post
    return request("post", url, data=data, json=json, **kwargs)
           ^^^^^^^^^^^^^^^^^^^^^^^^^^^^^^^^^^^^^^^^^^^^^^^^^^^^
  File "/root/santhosh/trading/equity/.venv/lib/python3.12/site-packages/requests/api.py", line 59, in request
    return session.request(method=method, url=url, **kwargs)
           ^^^^^^^^^^^^^^^^^^^^^^^^^^^^^^^^^^^^^^^^^^^^^^^^^
  File "/root/santhosh/trading/equity/.venv/lib/python3.12/site-packages/requests/sessions.py", line 589, in request
    resp = self.send(prep, **send_kwargs)
           ^^^^^^^^^^^^^^^^^^^^^^^^^^^^^^
  File "/root/santhosh/trading/equity/.venv/lib/python3.12/site-packages/requests/sessions.py", line 703, in send
    r = adapter.send(request, **kwargs)
        ^^^^^^^^^^^^^^^^^^^^^^^^^^^^^^^
  File "/root/santhosh/trading/equity/.venv/lib/python3.12/site-packages/requests/adapters.py", line 677, in send
    raise ConnectionError(e, request=request)
requests.exceptions.ConnectionError: HTTPConnectionPool(host='localhost', port=80): Max retries exceeded with url: /learning/eod-update (Caused by NewConnectionError('<urllib3.connection.HTTPConnection object at 0x750920248950>: Failed to establish a new connection: [Errno 111] Connection refused'))

2025-11-28 16:30:11 | ERROR | errors | DETAILED_ERROR | error_type=EOD_CONNECTION_ERROR | message=Failed to connect to bot at http://localhost:80 | timestamp=2025-11-28T16:30:11.710779 | exception_type=ConnectionError | exception_message=HTTPConnectionPool(host='localhost', port=80): Max retries exceeded with url: /learning/eod-update (Caused by NewConnectionError('<urllib3.connection.HTTPConnection object at 0x75091bf53980>: Failed to establish a new connection: [Errno 111] Connection refused')) | stack_trace=Traceback (most recent call last):
  File "/root/santhosh/trading/equity/.venv/lib/python3.12/site-packages/urllib3/connection.py", line 198, in _new_conn
    sock = connection.create_connection(
           ^^^^^^^^^^^^^^^^^^^^^^^^^^^^^
  File "/root/santhosh/trading/equity/.venv/lib/python3.12/site-packages/urllib3/util/connection.py", line 85, in create_connection
    raise err
  File "/root/santhosh/trading/equity/.venv/lib/python3.12/site-packages/urllib3/util/connection.py", line 73, in create_connection
    sock.connect(sa)
ConnectionRefusedError: [Errno 111] Connection refused

The above exception was the direct cause of the following exception:

Traceback (most recent call last):
  File "/root/santhosh/trading/equity/.venv/lib/python3.12/site-packages/urllib3/connectionpool.py", line 787, in urlopen
    response = self._make_request(
               ^^^^^^^^^^^^^^^^^^^
  File "/root/santhosh/trading/equity/.venv/lib/python3.12/site-packages/urllib3/connectionpool.py", line 493, in _make_request
    conn.request(
  File "/root/santhosh/trading/equity/.venv/lib/python3.12/site-packages/urllib3/connection.py", line 494, in request
    self.endheaders()
  File "/usr/lib/python3.12/http/client.py", line 1331, in endheaders
    self._send_output(message_body, encode_chunked=encode_chunked)
  File "/usr/lib/python3.12/http/client.py", line 1091, in _send_output
    self.send(msg)
  File "/usr/lib/python3.12/http/client.py", line 1035, in send
    self.connect()
  File "/root/santhosh/trading/equity/.venv/lib/python3.12/site-packages/urllib3/connection.py", line 325, in connect
    self.sock = self._new_conn()
                ^^^^^^^^^^^^^^^^
  File "/root/santhosh/trading/equity/.venv/lib/python3.12/site-packages/urllib3/connection.py", line 213, in _new_conn
    raise NewConnectionError(
urllib3.exceptions.NewConnectionError: <urllib3.connection.HTTPConnection object at 0x75091bf53980>: Failed to establish a new connection: [Errno 111] Connection refused

The above exception was the direct cause of the following exception:

Traceback (most recent call last):
  File "/root/santhosh/trading/equity/.venv/lib/python3.12/site-packages/requests/adapters.py", line 644, in send
    resp = conn.urlopen(
           ^^^^^^^^^^^^^
  File "/root/santhosh/trading/equity/.venv/lib/python3.12/site-packages/urllib3/connectionpool.py", line 841, in urlopen
    retries = retries.increment(
              ^^^^^^^^^^^^^^^^^^
  File "/root/santhosh/trading/equity/.venv/lib/python3.12/site-packages/urllib3/util/retry.py", line 519, in increment
    raise MaxRetryError(_pool, url, reason) from reason  # type: ignore[arg-type]
    ^^^^^^^^^^^^^^^^^^^^^^^^^^^^^^^^^^^^^^^^^^^^^^^^^^^
urllib3.exceptions.MaxRetryError: HTTPConnectionPool(host='localhost', port=80): Max retries exceeded with url: /learning/eod-update (Caused by NewConnectionError('<urllib3.connection.HTTPConnection object at 0x75091bf53980>: Failed to establish a new connection: [Errno 111] Connection refused'))

During handling of the above exception, another exception occurred:

Traceback (most recent call last):
  File "/root/santhosh/trading/equity/eqcode/eod_scheduler.py", line 181, in trigger_eod_update
    response = requests.post(
               ^^^^^^^^^^^^^^
  File "/root/santhosh/trading/equity/.venv/lib/python3.12/site-packages/requests/api.py", line 115, in post
    return request("post", url, data=data, json=json, **kwargs)
           ^^^^^^^^^^^^^^^^^^^^^^^^^^^^^^^^^^^^^^^^^^^^^^^^^^^^
  File "/root/santhosh/trading/equity/.venv/lib/python3.12/site-packages/requests/api.py", line 59, in request
    return session.request(method=method, url=url, **kwargs)
           ^^^^^^^^^^^^^^^^^^^^^^^^^^^^^^^^^^^^^^^^^^^^^^^^^
  File "/root/santhosh/trading/equity/.venv/lib/python3.12/site-packages/requests/sessions.py", line 589, in request
    resp = self.send(prep, **send_kwargs)
           ^^^^^^^^^^^^^^^^^^^^^^^^^^^^^^
  File "/root/santhosh/trading/equity/.venv/lib/python3.12/site-packages/requests/sessions.py", line 703, in send
    r = adapter.send(request, **kwargs)
        ^^^^^^^^^^^^^^^^^^^^^^^^^^^^^^^
  File "/root/santhosh/trading/equity/.venv/lib/python3.12/site-packages/requests/adapters.py", line 677, in send
    raise ConnectionError(e, request=request)
requests.exceptions.ConnectionError: HTTPConnectionPool(host='localhost', port=80): Max retries exceeded with url: /learning/eod-update (Caused by NewConnectionError('<urllib3.connection.HTTPConnection object at 0x75091bf53980>: Failed to establish a new connection: [Errno 111] Connection refused'))

