2025-11-25 20:36:40 | INFO | equity_bot | FEEDBACK_INIT | PerformanceFeedback initialized (window: 20)
2025-11-25 20:36:41 | INFO | equity_bot | REGIME_INIT | RegimeDetector initialized (SMA: 20/50, ATR: 14)
2025-11-25 20:36:41 | INFO | equity_bot | CORRELATION_INIT | CorrelationAnalyzer initialized (threshold: 0.7)
2025-11-25 20:36:41 | INFO | equity_bot | POSITIONER_INIT | AdvancedPositionSizer initialized | base_size=100 | risk_per_trade=1.0%
2025-11-25 20:36:41 | INFO | equity_bot | CORRELATION_INIT | CorrelationAnalyzer initialized (threshold: 0.7)
2025-11-25 20:36:41 | INFO | equity_bot | POSITIONER_INIT | AdvancedPositionSizer initialized | base_size=100 | risk_per_trade=1.0%
2025-11-25 20:36:41 | INFO | equity_bot | BOT_CLEANUP | Bot cleanup on exit | uptime_seconds=0 | active_positions=0
2025-11-25 20:37:44 | INFO | equity_bot | FEEDBACK_INIT | PerformanceFeedback initialized (window: 20)
2025-11-25 20:37:44 | INFO | equity_bot | REGIME_INIT | RegimeDetector initialized (SMA: 20/50, ATR: 14)
2025-11-25 20:37:44 | INFO | equity_bot | CORRELATION_INIT | CorrelationAnalyzer initialized (threshold: 0.7)
2025-11-25 20:37:44 | INFO | equity_bot | POSITIONER_INIT | AdvancedPositionSizer initialized | base_size=100 | risk_per_trade=1.0%
2025-11-25 20:37:44 | INFO | equity_bot | CORRELATION_INIT | CorrelationAnalyzer initialized (threshold: 0.7)
2025-11-25 20:37:44 | INFO | equity_bot | POSITIONER_INIT | AdvancedPositionSizer initialized | base_size=100 | risk_per_trade=1.0%
2025-11-25 20:37:44 | INFO | equity_bot | BOT_CLEANUP | Bot cleanup on exit | uptime_seconds=0 | active_positions=0
2025-11-25 20:38:02 | INFO | equity_bot | FEEDBACK_INIT | PerformanceFeedback initialized (window: 20)
2025-11-25 20:48:49 | INFO | equity_bot | FEEDBACK_INIT | PerformanceFeedback initialized (window: 20)
2025-11-25 20:48:49 | INFO | equity_bot | REGIME_INIT | RegimeDetector initialized (SMA: 20/50, ATR: 14)
2025-11-25 20:48:49 | INFO | equity_bot | CORRELATION_INIT | CorrelationAnalyzer initialized (threshold: 0.7)
2025-11-25 20:48:49 | INFO | equity_bot | POSITIONER_INIT | AdvancedPositionSizer initialized | base_size=100 | risk_per_trade=1.0%
2025-11-25 20:48:49 | INFO | equity_bot | CORRELATION_INIT | CorrelationAnalyzer initialized (threshold: 0.7)
2025-11-25 20:48:49 | INFO | equity_bot | POSITIONER_INIT | AdvancedPositionSizer initialized | base_size=100 | risk_per_trade=1.0%
2025-11-25 20:48:49 | INFO | equity_bot | RATE_LIMITER | Token bucket 'per_second' initialized | capacity=8 | refill_rate=8
2025-11-25 20:48:49 | INFO | equity_bot | RATE_LIMITER | Token bucket 'per_minute' initialized | capacity=180 | refill_rate=3.0
2025-11-25 20:48:49 | INFO | equity_bot | RATE_LIMITER | AngelOne rate limiter initialized | rps_limit=8 | rpm_limit=180
2025-11-25 20:48:49 | INFO | equity_bot | INSTRUMENTS | Loaded 2336 instruments
2025-11-25 20:48:49 | INFO | equity_bot | FEEDBACK_INIT | PerformanceFeedback initialized (window: 20)
2025-11-25 20:48:49 | INFO | equity_bot | FEEDBACK_INIT | PerformanceFeedback initialized (window: 20)
2025-11-25 20:48:49 | INFO | equity_bot | BOT_CLEANUP | Bot cleanup on exit | uptime_seconds=0 | active_positions=0
