2025-12-01 15:47:49,090 - optbot - WARNING - DL_IMPORT: TensorFlow not available - using scikit-learn fallback | 
2025-12-01 15:47:49,106 - webhook_router - INFO - 
======================================================================
2025-12-01 15:47:49,108 - webhook_router - INFO - 📨 WEBHOOK ALERT RECEIVED (#1)
2025-12-01 15:47:49,109 - webhook_router - INFO - ======================================================================
2025-12-01 15:47:49,109 - webhook_router - INFO - Symbol: BANKNIFTY
2025-12-01 15:47:49,109 - webhook_router - INFO - Action: BUY
2025-12-01 15:47:49,110 - webhook_router - INFO - Price: 42500.0
2025-12-01 15:47:49,110 - webhook_router - INFO - Timestamp: 2025-12-01T15:47:49.110835
2025-12-01 15:47:49,110 - webhook_router - INFO - Payload: {
  "action": "BUY",
  "price": 42500.0,
  "symbol": "BANKNIFTY",
  "timestamp": "2025-12-01 10:00:00"
}
2025-12-01 15:47:49,111 - webhook_router - INFO - ======================================================================

2025-12-01 15:47:49,111 - webhook_router - INFO - 🔄 Forwarding alert to both bots...
2025-12-01 15:47:49,117 - webhook_router - ERROR - ✗ Error forwarding to EQUITY BOT: HTTPConnectionPool(host='127.0.0.1', port=8080): Max retries exceeded with url: /webhook (Caused by NewConnectionError('<urllib3.connection.HTTPConnection object at 0x76353131b860>: Failed to establish a new connection: [Errno 111] Connection refused'))
2025-12-01 15:47:49,129 - webhook_router - INFO - ✓ Alert forwarded to OPTIONS BOT: 200
2025-12-01 15:47:49,130 - webhook_router - WARNING - ⚠️  Alert forwarded to only 1 bot
2025-12-01 15:49:08,123 - optbot - WARNING - DL_IMPORT: TensorFlow not available - using scikit-learn fallback | 
2025-12-01 15:49:08,137 - webhook_router - INFO - 
======================================================================
2025-12-01 15:49:08,137 - webhook_router - INFO - 📨 WEBHOOK ALERT RECEIVED (#1)
2025-12-01 15:49:08,137 - webhook_router - INFO - ======================================================================
2025-12-01 15:49:08,137 - webhook_router - INFO - Symbol: BANKNIFTY
2025-12-01 15:49:08,137 - webhook_router - INFO - Action: BUY
2025-12-01 15:49:08,137 - webhook_router - INFO - Price: 42500.0
2025-12-01 15:49:08,138 - webhook_router - INFO - Timestamp: 2025-12-01T15:49:08.138001
2025-12-01 15:49:08,138 - webhook_router - INFO - Payload: {
  "action": "BUY",
  "price": 42500.0,
  "symbol": "BANKNIFTY",
  "timestamp": "2025-12-01 10:00:00"
}
2025-12-01 15:49:08,138 - webhook_router - INFO - ======================================================================

2025-12-01 15:49:08,138 - webhook_router - INFO - 🔄 Forwarding alert to both bots...
2025-12-01 15:49:08,140 - webhook_router - ERROR - ✗ Error forwarding to EQUITY BOT: HTTPConnectionPool(host='127.0.0.1', port=8080): Max retries exceeded with url: /webhook (Caused by NewConnectionError('<urllib3.connection.HTTPConnection object at 0x7172fa88df40>: Failed to establish a new connection: [Errno 111] Connection refused'))
2025-12-01 15:49:08,145 - webhook_router - INFO - ✓ Alert forwarded to OPTIONS BOT: 200
2025-12-01 15:49:08,145 - webhook_router - WARNING - ⚠️  Alert forwarded to only 1 bot
2025-12-01 17:56:03,635 - __main__ - INFO - 
======================================================================
2025-12-01 17:56:03,636 - __main__ - INFO - 🚀 TRADINGVIEW WEBHOOK ROUTER STARTING
2025-12-01 17:56:03,637 - __main__ - INFO - ======================================================================
2025-12-01 17:56:03,637 - __main__ - INFO - Listening on: http://0.0.0.0:80
2025-12-01 17:56:03,637 - __main__ - INFO - Equity bot endpoint: http://127.0.0.1:8080/webhook
2025-12-01 17:56:03,637 - __main__ - INFO - Options bot endpoint: http://127.0.0.1:8081/webhook/options
2025-12-01 17:56:03,637 - __main__ - INFO - Authentication: DISABLED
2025-12-01 17:56:03,637 - __main__ - INFO - ======================================================================

2025-12-01 17:56:03,679 - werkzeug - INFO - [31m[1mWARNING: This is a development server. Do not use it in a production deployment. Use a production WSGI server instead.[0m
 * Running on all addresses (0.0.0.0)
 * Running on http://127.0.0.1:80
 * Running on http://143.244.141.127:80
2025-12-01 17:56:03,680 - werkzeug - INFO - [33mPress CTRL+C to quit[0m
2025-12-01 18:04:18,807 - werkzeug - INFO - 84.54.33.78 - - [01/Dec/2025 18:04:18] "[33mGET /.env HTTP/1.1[0m" 404 -
2025-12-01 18:04:19,192 - werkzeug - INFO - 84.54.33.78 - - [01/Dec/2025 18:04:19] "[31m[1mPOST / HTTP/1.1[0m" 405 -
2025-12-01 18:05:08,195 - __main__ - INFO - 
======================================================================
2025-12-01 18:05:08,195 - __main__ - INFO - 📨 WEBHOOK ALERT RECEIVED (#1)
2025-12-01 18:05:08,196 - __main__ - INFO - ======================================================================
2025-12-01 18:05:08,196 - __main__ - INFO - Symbol: BANKNIFTY
2025-12-01 18:05:08,197 - __main__ - INFO - Action: BUY
2025-12-01 18:05:08,197 - __main__ - INFO - Price: N/A
2025-12-01 18:05:08,197 - __main__ - INFO - Timestamp: 2025-12-01T18:05:08.197221
2025-12-01 18:05:08,199 - __main__ - INFO - Payload: {
  "symbol": "BANKNIFTY",
  "action": "BUY",
  "quantity": 1,
  "entry_price": 52500,
  "stop_loss": 52200,
  "target": 53000,
  "timeframe": "5m",
  "strategy": "TEST_ALERT"
}
2025-12-01 18:05:08,199 - __main__ - INFO - ======================================================================

2025-12-01 18:05:08,199 - __main__ - INFO - 🔄 Forwarding alert to both bots...
2025-12-01 18:05:08,272 - __main__ - ERROR - ✗ Error forwarding to EQUITY BOT: HTTPConnectionPool(host='127.0.0.1', port=8080): Max retries exceeded with url: /webhook (Caused by NewConnectionError('<urllib3.connection.HTTPConnection object at 0x7c221eae7a40>: Failed to establish a new connection: [Errno 111] Connection refused'))
2025-12-01 18:05:08,274 - __main__ - ERROR - ✗ Error forwarding to OPTIONS BOT: HTTPConnectionPool(host='127.0.0.1', port=8081): Max retries exceeded with url: /webhook/options (Caused by NewConnectionError('<urllib3.connection.HTTPConnection object at 0x7c221e5b25a0>: Failed to establish a new connection: [Errno 111] Connection refused'))
2025-12-01 18:05:08,275 - __main__ - ERROR - ⚠️  Alert failed to forward to both bots!
2025-12-01 18:05:08,276 - werkzeug - INFO - 127.0.0.1 - - [01/Dec/2025 18:05:08] "[35m[1mPOST /webhook HTTP/1.1[0m" 503 -
2025-12-01 18:05:20,593 - __main__ - INFO - 
======================================================================
2025-12-01 18:05:20,593 - __main__ - INFO - 📨 WEBHOOK ALERT RECEIVED (#2)
2025-12-01 18:05:20,594 - __main__ - INFO - ======================================================================
2025-12-01 18:05:20,595 - __main__ - INFO - Symbol: BANKNIFTY
2025-12-01 18:05:20,595 - __main__ - INFO - Action: BUY
2025-12-01 18:05:20,595 - __main__ - INFO - Price: N/A
2025-12-01 18:05:20,595 - __main__ - INFO - Timestamp: 2025-12-01T18:05:20.595528
2025-12-01 18:05:20,595 - __main__ - INFO - Payload: {
  "symbol": "BANKNIFTY",
  "action": "BUY",
  "quantity": 1,
  "entry_price": 52500,
  "stop_loss": 52200,
  "target": 53000,
  "timeframe": "5m",
  "strategy": "TEST_ALERT"
}
2025-12-01 18:05:20,595 - __main__ - INFO - ======================================================================

2025-12-01 18:05:20,596 - __main__ - INFO - 🔄 Forwarding alert to both bots...
2025-12-01 18:05:20,618 - __main__ - ERROR - ✗ EQUITY BOT returned status 400: {"error":"Invalid price: 0.0"}

2025-12-01 18:05:20,626 - __main__ - INFO - ✓ Alert forwarded to OPTIONS BOT: 200
2025-12-01 18:05:20,626 - __main__ - WARNING - ⚠️  Alert forwarded to only 1 bot
2025-12-01 18:05:20,627 - werkzeug - INFO - 127.0.0.1 - - [01/Dec/2025 18:05:20] "[35m[1mPOST /webhook HTTP/1.1[0m" 206 -
2025-12-01 18:05:59,019 - __main__ - INFO - 
======================================================================
2025-12-01 18:05:59,019 - __main__ - INFO - 📨 WEBHOOK ALERT RECEIVED (#3)
2025-12-01 18:05:59,019 - __main__ - INFO - ======================================================================
2025-12-01 18:05:59,019 - __main__ - INFO - Symbol: BANKNIFTY
2025-12-01 18:05:59,019 - __main__ - INFO - Action: BUY
2025-12-01 18:05:59,019 - __main__ - INFO - Price: 52500
2025-12-01 18:05:59,019 - __main__ - INFO - Timestamp: 2025-12-01T18:05:59.019744
2025-12-01 18:05:59,019 - __main__ - INFO - Payload: {
  "symbol": "BANKNIFTY",
  "action": "BUY",
  "price": 52500,
  "confidence": 95,
  "score": 92
}
2025-12-01 18:05:59,019 - __main__ - INFO - ======================================================================

2025-12-01 18:05:59,020 - __main__ - INFO - 🔄 Forwarding alert to both bots...
2025-12-01 18:05:59,079 - __main__ - INFO - ✓ Alert forwarded to EQUITY BOT: 200
2025-12-01 18:05:59,108 - __main__ - INFO - ✓ Alert forwarded to OPTIONS BOT: 200
2025-12-01 18:05:59,109 - __main__ - INFO - ✓ Alert successfully forwarded to BOTH bots
2025-12-01 18:05:59,110 - werkzeug - INFO - 127.0.0.1 - - [01/Dec/2025 18:05:59] "POST /webhook HTTP/1.1" 200 -
2025-12-01 18:06:06,900 - __main__ - INFO - 
======================================================================
2025-12-01 18:06:06,901 - __main__ - INFO - 📨 WEBHOOK ALERT RECEIVED (#4)
2025-12-01 18:06:06,901 - __main__ - INFO - ======================================================================
2025-12-01 18:06:06,901 - __main__ - INFO - Symbol: BANKNIFTY
2025-12-01 18:06:06,902 - __main__ - INFO - Action: BUY
2025-12-01 18:06:06,902 - __main__ - INFO - Price: 52500
2025-12-01 18:06:06,902 - __main__ - INFO - Timestamp: 2025-12-01T18:06:06.902145
2025-12-01 18:06:06,902 - __main__ - INFO - Payload: {
  "symbol": "BANKNIFTY",
  "action": "BUY",
  "price": 52500,
  "confidence": 95,
  "score": 92
}
2025-12-01 18:06:06,902 - __main__ - INFO - ======================================================================

2025-12-01 18:06:06,902 - __main__ - INFO - 🔄 Forwarding alert to both bots...
2025-12-01 18:06:06,919 - __main__ - INFO - ✓ Alert forwarded to EQUITY BOT: 200
2025-12-01 18:06:06,933 - __main__ - INFO - ✓ Alert forwarded to OPTIONS BOT: 200
2025-12-01 18:06:06,934 - __main__ - INFO - ✓ Alert successfully forwarded to BOTH bots
2025-12-01 18:06:06,935 - werkzeug - INFO - 127.0.0.1 - - [01/Dec/2025 18:06:06] "POST /webhook HTTP/1.1" 200 -
2025-12-01 18:08:51,481 - __main__ - WARNING - Alert missing symbol field: {'Alerts': [{'symbol': 'BANKNIFTY', 'action': 'BUY', 'price': '52500.0', 'score': '75.0', 'confidence': '92.5', 'verdict': '1.0', 'vwap': '52450.5', 'rsi': '72.5', 'atr': '125.0', 'adx': '28.5', 'volume': '1250000', 'ema9': '52400.0', 'ema20': '52350.0', 'pdh': '52600.0', 'ema_gap_pct': '0.19', 'vwap_lead_pct': '0.09', 'atr_pct': '0.24', 'vol_z': '1.45', 'z_rsi': '1.12', 'heat_ok': '1', 'body_ratio': '0.65', 'open_gap_pct': '0.25', 'hl_range_pct': '0.48', 'pc_lead_pct': '0.15', 'close_to_high': '72.5', 'atr_jump': '0.05', 'ultra_pass': '1', 'above_vwap': '1', 'time_ok': '1', 'resistance_break': '1', 'vol_quality': '1'}]}
2025-12-01 18:08:51,482 - werkzeug - INFO - 127.0.0.1 - - [01/Dec/2025 18:08:51] "[31m[1mPOST /webhook HTTP/1.1[0m" 400 -
2025-12-01 18:09:00,847 - __main__ - WARNING - Alert missing symbol field: {'Alerts': [{'symbol': 'BANKNIFTY', 'action': 'BUY', 'price': '52500.0', 'score': '75.0', 'confidence': '92.5', 'verdict': '1.0', 'vwap': '52450.5', 'rsi': '72.5', 'atr': '125.0', 'adx': '28.5', 'volume': '1250000', 'ema9': '52400.0', 'ema20': '52350.0', 'pdh': '52600.0', 'ema_gap_pct': '0.19', 'vwap_lead_pct': '0.09', 'atr_pct': '0.24', 'vol_z': '1.45', 'z_rsi': '1.12', 'heat_ok': '1', 'body_ratio': '0.65', 'open_gap_pct': '0.25', 'hl_range_pct': '0.48', 'pc_lead_pct': '0.15', 'close_to_high': '72.5', 'atr_jump': '0.05', 'ultra_pass': '1', 'above_vwap': '1', 'time_ok': '1', 'resistance_break': '1', 'vol_quality': '1'}]}
2025-12-01 18:09:00,848 - werkzeug - INFO - 127.0.0.1 - - [01/Dec/2025 18:09:00] "[31m[1mPOST /webhook HTTP/1.1[0m" 400 -
2025-12-01 18:09:29,375 - __main__ - INFO - 
======================================================================
2025-12-01 18:09:29,375 - __main__ - INFO - 🚀 TRADINGVIEW WEBHOOK ROUTER STARTING
2025-12-01 18:09:29,375 - __main__ - INFO - ======================================================================
2025-12-01 18:09:29,375 - __main__ - INFO - Listening on: http://0.0.0.0:80
2025-12-01 18:09:29,375 - __main__ - INFO - Equity bot endpoint: http://127.0.0.1:8080/webhook
2025-12-01 18:09:29,375 - __main__ - INFO - Options bot endpoint: http://127.0.0.1:8081/webhook/options
2025-12-01 18:09:29,376 - __main__ - INFO - Authentication: DISABLED
2025-12-01 18:09:29,376 - __main__ - INFO - ======================================================================

2025-12-01 18:09:29,386 - werkzeug - INFO - [31m[1mWARNING: This is a development server. Do not use it in a production deployment. Use a production WSGI server instead.[0m
 * Running on all addresses (0.0.0.0)
 * Running on http://127.0.0.1:80
 * Running on http://143.244.141.127:80
2025-12-01 18:09:29,387 - werkzeug - INFO - [33mPress CTRL+C to quit[0m
2025-12-01 18:09:39,505 - __main__ - INFO - ℹ️ Extracted alert from TradingView Alerts wrapper
2025-12-01 18:09:39,506 - __main__ - INFO - 
======================================================================
2025-12-01 18:09:39,506 - __main__ - INFO - 📨 WEBHOOK ALERT RECEIVED (#1)
2025-12-01 18:09:39,506 - __main__ - INFO - ======================================================================
2025-12-01 18:09:39,506 - __main__ - INFO - Symbol: BANKNIFTY
2025-12-01 18:09:39,506 - __main__ - INFO - Action: BUY
2025-12-01 18:09:39,506 - __main__ - INFO - Price: 52500.0
2025-12-01 18:09:39,506 - __main__ - INFO - Timestamp: 2025-12-01T18:09:39.506795
2025-12-01 18:09:39,506 - __main__ - INFO - Payload: {
  "symbol": "BANKNIFTY",
  "action": "BUY",
  "price": "52500.0",
  "score": "75.0",
  "confidence": "92.5",
  "verdict": "1.0",
  "vwap": "52450.5",
  "rsi": "72.5",
  "atr": "125.0",
  "adx": "28.5",
  "volume": "1250000",
  "ema9": "52400.0",
  "ema20": "52350.0",
  "pdh": "52600.0",
  "ema_gap_pct": "0.19",
  "vwap_lead_pct": "0.09",
  "atr_pct": "0.24",
  "vol_z": "1.45",
  "z_rsi": "1.12",
  "heat_ok": "1",
  "body_ratio": "0.65",
  "open_gap_pct": "0.25",
  "hl_range_pct": "0.48",
  "pc_lead_pct": "0.15",
  "close_to_high": "72.5",
  "atr_jump": "0.05",
  "ultra_pass": "1",
  "above_vwap": "1",
  "time_ok": "1",
  "resistance_break": "1",
  "vol_quality": "1"
}
2025-12-01 18:09:39,507 - __main__ - INFO - ======================================================================

2025-12-01 18:09:39,507 - __main__ - INFO - 🔄 Forwarding alert to both bots...
2025-12-01 18:09:39,517 - __main__ - ERROR - ✗ EQUITY BOT returned status 400: {"error":"Alert quality too low: score 75.0 < 90"}

2025-12-01 18:09:39,524 - __main__ - INFO - ✓ Alert forwarded to OPTIONS BOT: 200
2025-12-01 18:09:39,524 - __main__ - WARNING - ⚠️  Alert forwarded to only 1 bot
2025-12-01 18:09:39,525 - werkzeug - INFO - 127.0.0.1 - - [01/Dec/2025 18:09:39] "[35m[1mPOST /webhook HTTP/1.1[0m" 206 -
2025-12-01 18:09:49,929 - __main__ - INFO - ℹ️ Extracted alert from TradingView Alerts wrapper
2025-12-01 18:09:49,930 - __main__ - INFO - 
======================================================================
2025-12-01 18:09:49,930 - __main__ - INFO - 📨 WEBHOOK ALERT RECEIVED (#2)
2025-12-01 18:09:49,930 - __main__ - INFO - ======================================================================
2025-12-01 18:09:49,930 - __main__ - INFO - Symbol: BANKNIFTY
2025-12-01 18:09:49,930 - __main__ - INFO - Action: BUY
2025-12-01 18:09:49,930 - __main__ - INFO - Price: 52500.0
2025-12-01 18:09:49,930 - __main__ - INFO - Timestamp: 2025-12-01T18:09:49.930803
2025-12-01 18:09:49,930 - __main__ - INFO - Payload: {
  "symbol": "BANKNIFTY",
  "action": "BUY",
  "price": "52500.0",
  "score": "95.0",
  "confidence": "97.5",
  "verdict": "1.0",
  "vwap": "52450.5",
  "rsi": "72.5",
  "atr": "125.0",
  "adx": "28.5",
  "volume": "1250000",
  "ema9": "52400.0",
  "ema20": "52350.0"
}
2025-12-01 18:09:49,930 - __main__ - INFO - ======================================================================

2025-12-01 18:09:49,930 - __main__ - INFO - 🔄 Forwarding alert to both bots...
2025-12-01 18:09:49,950 - __main__ - INFO - ✓ Alert forwarded to EQUITY BOT: 200
2025-12-01 18:09:49,966 - __main__ - INFO - ✓ Alert forwarded to OPTIONS BOT: 200
2025-12-01 18:09:49,968 - __main__ - INFO - ✓ Alert successfully forwarded to BOTH bots
2025-12-01 18:09:49,969 - werkzeug - INFO - 127.0.0.1 - - [01/Dec/2025 18:09:49] "POST /webhook HTTP/1.1" 200 -
2025-12-01 18:09:57,104 - __main__ - INFO - ℹ️ Extracted alert from TradingView Alerts wrapper
2025-12-01 18:09:57,104 - __main__ - INFO - 
======================================================================
2025-12-01 18:09:57,105 - __main__ - INFO - 📨 WEBHOOK ALERT RECEIVED (#3)
2025-12-01 18:09:57,105 - __main__ - INFO - ======================================================================
2025-12-01 18:09:57,105 - __main__ - INFO - Symbol: BANKNIFTY
2025-12-01 18:09:57,106 - __main__ - INFO - Action: BUY
2025-12-01 18:09:57,106 - __main__ - INFO - Price: 52500.0
2025-12-01 18:09:57,106 - __main__ - INFO - Timestamp: 2025-12-01T18:09:57.106192
2025-12-01 18:09:57,106 - __main__ - INFO - Payload: {
  "symbol": "BANKNIFTY",
  "action": "BUY",
  "price": "52500.0",
  "score": "95.0",
  "confidence": "97.5",
  "verdict": "1.0",
  "vwap": "52450.5",
  "rsi": "72.5",
  "atr": "125.0",
  "adx": "28.5",
  "volume": "1250000",
  "ema9": "52400.0",
  "ema20": "52350.0"
}
2025-12-01 18:09:57,106 - __main__ - INFO - ======================================================================

2025-12-01 18:09:57,107 - __main__ - INFO - 🔄 Forwarding alert to both bots...
2025-12-01 18:09:57,118 - __main__ - INFO - ✓ Alert forwarded to EQUITY BOT: 200
2025-12-01 18:09:57,132 - __main__ - INFO - ✓ Alert forwarded to OPTIONS BOT: 200
2025-12-01 18:09:57,134 - __main__ - INFO - ✓ Alert successfully forwarded to BOTH bots
2025-12-01 18:09:57,135 - werkzeug - INFO - 127.0.0.1 - - [01/Dec/2025 18:09:57] "POST /webhook HTTP/1.1" 200 -
2025-12-01 18:17:02,096 - werkzeug - INFO - 193.142.147.209 - - [01/Dec/2025 18:17:02] "[33mGET /cgi-bin/luci/;stok=/locale HTTP/1.1[0m" 404 -
2025-12-01 18:26:29,232 - werkzeug - INFO - 87.121.84.52 - - [01/Dec/2025 18:26:29] "GET / HTTP/1.0" 200 -
2025-12-01 18:26:36,695 - werkzeug - INFO - 52.3.228.24 - - [01/Dec/2025 18:26:36] "[33mGET /.env HTTP/1.1[0m" 404 -
2025-12-01 18:26:37,216 - werkzeug - INFO - 52.3.228.24 - - [01/Dec/2025 18:26:37] "[33mGET /prod/.env HTTP/1.1[0m" 404 -
2025-12-01 18:26:37,738 - werkzeug - INFO - 52.3.228.24 - - [01/Dec/2025 18:26:37] "[33mGET /backend/.env HTTP/1.1[0m" 404 -
2025-12-01 18:26:38,258 - werkzeug - INFO - 52.3.228.24 - - [01/Dec/2025 18:26:38] "[33mGET /app/.env HTTP/1.1[0m" 404 -
2025-12-01 18:26:38,773 - werkzeug - INFO - 52.3.228.24 - - [01/Dec/2025 18:26:38] "[33mGET /api/.env HTTP/1.1[0m" 404 -
2025-12-01 18:26:39,307 - werkzeug - INFO - 52.3.228.24 - - [01/Dec/2025 18:26:39] "[33mGET /vendor/stripe.js HTTP/1.1[0m" 404 -
2025-12-01 18:26:39,841 - werkzeug - INFO - 52.3.228.24 - - [01/Dec/2025 18:26:39] "[33mGET /_profiler/phpinfo HTTP/1.1[0m" 404 -
2025-12-01 18:26:40,376 - werkzeug - INFO - 52.3.228.24 - - [01/Dec/2025 18:26:40] "[33mGET /info.php HTTP/1.1[0m" 404 -
2025-12-01 18:26:40,916 - werkzeug - INFO - 52.3.228.24 - - [01/Dec/2025 18:26:40] "[33mGET /phpinfo.php HTTP/1.1[0m" 404 -
2025-12-01 18:26:41,439 - werkzeug - INFO - 52.3.228.24 - - [01/Dec/2025 18:26:41] "[33mGET /config.json HTTP/1.1[0m" 404 -
2025-12-01 18:26:41,962 - werkzeug - INFO - 52.3.228.24 - - [01/Dec/2025 18:26:41] "[33mGET /config.js HTTP/1.1[0m" 404 -
2025-12-01 18:26:42,470 - werkzeug - INFO - 52.3.228.24 - - [01/Dec/2025 18:26:42] "[33mGET /data.json HTTP/1.1[0m" 404 -
2025-12-01 18:26:43,082 - werkzeug - INFO - 52.3.228.24 - - [01/Dec/2025 18:26:43] "[33mGET /data.js HTTP/1.1[0m" 404 -
2025-12-01 18:26:43,602 - werkzeug - INFO - 52.3.228.24 - - [01/Dec/2025 18:26:43] "[33mGET /server.js HTTP/1.1[0m" 404 -
2025-12-01 18:26:44,117 - werkzeug - INFO - 52.3.228.24 - - [01/Dec/2025 18:26:44] "[33mGET /stripe.js HTTP/1.1[0m" 404 -
2025-12-01 18:26:44,638 - werkzeug - INFO - 52.3.228.24 - - [01/Dec/2025 18:26:44] "[33mGET /js/stripe.js HTTP/1.1[0m" 404 -
2025-12-01 18:26:45,165 - werkzeug - INFO - 52.3.228.24 - - [01/Dec/2025 18:26:45] "[33mGET /webflow-stripe.js HTTP/1.1[0m" 404 -
2025-12-01 18:26:45,670 - werkzeug - INFO - 52.3.228.24 - - [01/Dec/2025 18:26:45] "[33mGET /lib/helpers/stripe.js HTTP/1.1[0m" 404 -
2025-12-01 18:26:46,196 - werkzeug - INFO - 52.3.228.24 - - [01/Dec/2025 18:26:46] "[33mGET /models/stripe.js HTTP/1.1[0m" 404 -
2025-12-01 18:47:47,217 - werkzeug - INFO - 193.142.147.209 - - [01/Dec/2025 18:47:47] "GET / HTTP/1.1" 200 -
2025-12-01 19:19:57,982 - werkzeug - INFO - 170.106.197.109 - - [01/Dec/2025 19:19:57] "GET / HTTP/1.1" 200 -
