2025-11-25 13:20:37 | ERROR | broker_errors | BROKER_ERROR | RATE_LIMIT_EXCEEDED | Endpoint: ltpData | API call blocked - no tokens available | rate_limiter_stats={"total_calls": 6, "blocked_calls": 0, "success_rate": 100.0, "calls_last_1min": 0, "calls_last_5min": 0, "avg_wait_time": 0.007, "second_bucket": {"name": "per_second", "tokens": 0.95, "capacity": 6, "refill_rate": 6, "utilization": 84.2}, "minute_bucket": {"name": "per_minute", "tokens": 143.23, "capacity": 150, "refill_rate": 2.5, "utilization": 4.5}, "limits": {"rps": 6, "rpm": 150}}
2025-11-25 13:24:53 | ERROR | broker_errors | BROKER_ERROR | RATE_LIMIT_EXCEEDED | Endpoint: ltpData | API call blocked - no tokens available | rate_limiter_stats={"total_calls": 37, "blocked_calls": 0, "success_rate": 100.0, "calls_last_1min": 5, "calls_last_5min": 32, "avg_wait_time": 0.003, "second_bucket": {"name": "per_second", "tokens": 0.88, "capacity": 6, "refill_rate": 6, "utilization": 85.4}, "minute_bucket": {"name": "per_minute", "tokens": 143.2, "capacity": 150, "refill_rate": 2.5, "utilization": 4.5}, "limits": {"rps": 6, "rpm": 150}}
2025-11-25 13:33:27 | ERROR | broker_errors | BROKER_ERROR | RATE_LIMIT_EXCEEDED | Endpoint: placeOrder | API call blocked - no tokens available | rate_limiter_stats={"total_calls": 102, "blocked_calls": 0, "success_rate": 100.0, "calls_last_1min": 7, "calls_last_5min": 37, "avg_wait_time": 0.003, "second_bucket": {"name": "per_second", "tokens": 0.66, "capacity": 6, "refill_rate": 6, "utilization": 89.0}, "minute_bucket": {"name": "per_minute", "tokens": 141.21, "capacity": 150, "refill_rate": 2.5, "utilization": 5.9}, "limits": {"rps": 6, "rpm": 150}}
2025-11-25 13:33:49 | ERROR | broker_errors | BROKER_ERROR | RATE_LIMIT_EXCEEDED | Endpoint: placeOrder | API call blocked - no tokens available | rate_limiter_stats={"total_calls": 106, "blocked_calls": 0, "success_rate": 100.0, "calls_last_1min": 7, "calls_last_5min": 37, "avg_wait_time": 0.005, "second_bucket": {"name": "per_second", "tokens": 0.66, "capacity": 6, "refill_rate": 6, "utilization": 89.1}, "minute_bucket": {"name": "per_minute", "tokens": 141.36, "capacity": 150, "refill_rate": 2.5, "utilization": 5.8}, "limits": {"rps": 6, "rpm": 150}}
2025-11-25 13:36:21 | ERROR | broker_errors | BROKER_ERROR | RATE_LIMIT_EXCEEDED | Endpoint: placeOrder | API call blocked - no tokens available | rate_limiter_stats={"total_calls": 128, "blocked_calls": 0, "success_rate": 100.0, "calls_last_1min": 6, "calls_last_5min": 42, "avg_wait_time": 0.005, "second_bucket": {"name": "per_second", "tokens": 0.71, "capacity": 6, "refill_rate": 6, "utilization": 88.1}, "minute_bucket": {"name": "per_minute", "tokens": 141.38, "capacity": 150, "refill_rate": 2.5, "utilization": 5.7}, "limits": {"rps": 6, "rpm": 150}}
2025-11-25 13:36:43 | ERROR | broker_errors | BROKER_ERROR | RATE_LIMIT_EXCEEDED | Endpoint: placeOrder | API call blocked - no tokens available | rate_limiter_stats={"total_calls": 132, "blocked_calls": 0, "success_rate": 100.0, "calls_last_1min": 6, "calls_last_5min": 42, "avg_wait_time": 0.005, "second_bucket": {"name": "per_second", "tokens": 0.46, "capacity": 6, "refill_rate": 6, "utilization": 92.3}, "minute_bucket": {"name": "per_minute", "tokens": 141.28, "capacity": 150, "refill_rate": 2.5, "utilization": 5.8}, "limits": {"rps": 6, "rpm": 150}}
2025-11-25 13:37:05 | ERROR | broker_errors | BROKER_ERROR | RATE_LIMIT_EXCEEDED | Endpoint: placeOrder | API call blocked - no tokens available | rate_limiter_stats={"total_calls": 136, "blocked_calls": 0, "success_rate": 100.0, "calls_last_1min": 8, "calls_last_5min": 45, "avg_wait_time": 0.005, "second_bucket": {"name": "per_second", "tokens": 0.81, "capacity": 6, "refill_rate": 6, "utilization": 86.5}, "minute_bucket": {"name": "per_minute", "tokens": 141.42, "capacity": 150, "refill_rate": 2.5, "utilization": 5.7}, "limits": {"rps": 6, "rpm": 150}}
2025-11-25 13:37:27 | ERROR | broker_errors | BROKER_ERROR | RATE_LIMIT_EXCEEDED | Endpoint: placeOrder | API call blocked - no tokens available | rate_limiter_stats={"total_calls": 140, "blocked_calls": 0, "success_rate": 100.0, "calls_last_1min": 8, "calls_last_5min": 45, "avg_wait_time": 0.006, "second_bucket": {"name": "per_second", "tokens": 0.66, "capacity": 6, "refill_rate": 6, "utilization": 88.9}, "minute_bucket": {"name": "per_minute", "tokens": 141.36, "capacity": 150, "refill_rate": 2.5, "utilization": 5.8}, "limits": {"rps": 6, "rpm": 150}}
2025-11-25 13:37:49 | ERROR | broker_errors | BROKER_ERROR | RATE_LIMIT_EXCEEDED | Endpoint: placeOrder | API call blocked - no tokens available | rate_limiter_stats={"total_calls": 144, "blocked_calls": 0, "success_rate": 100.0, "calls_last_1min": 8, "calls_last_5min": 48, "avg_wait_time": 0.007, "second_bucket": {"name": "per_second", "tokens": 0.71, "capacity": 6, "refill_rate": 6, "utilization": 88.2}, "minute_bucket": {"name": "per_minute", "tokens": 141.38, "capacity": 150, "refill_rate": 2.5, "utilization": 5.7}, "limits": {"rps": 6, "rpm": 150}}
2025-11-25 13:38:10 | ERROR | broker_errors | BROKER_ERROR | RATE_LIMIT_EXCEEDED | Endpoint: placeOrder | API call blocked - no tokens available | rate_limiter_stats={"total_calls": 148, "blocked_calls": 0, "success_rate": 100.0, "calls_last_1min": 8, "calls_last_5min": 48, "avg_wait_time": 0.008, "second_bucket": {"name": "per_second", "tokens": 0.7, "capacity": 6, "refill_rate": 6, "utilization": 88.3}, "minute_bucket": {"name": "per_minute", "tokens": 141.37, "capacity": 150, "refill_rate": 2.5, "utilization": 5.8}, "limits": {"rps": 6, "rpm": 150}}
2025-11-25 13:42:09 | ERROR | broker_errors | BROKER_ERROR | RATE_LIMIT_EXCEEDED | Endpoint: placeOrder | API call blocked - no tokens available | rate_limiter_stats={"total_calls": 182, "blocked_calls": 0, "success_rate": 100.0, "calls_last_1min": 6, "calls_last_5min": 42, "avg_wait_time": 0.007, "second_bucket": {"name": "per_second", "tokens": 0.54, "capacity": 6, "refill_rate": 6, "utilization": 91.0}, "minute_bucket": {"name": "per_minute", "tokens": 141.31, "capacity": 150, "refill_rate": 2.5, "utilization": 5.8}, "limits": {"rps": 6, "rpm": 150}}
2025-11-25 13:42:31 | ERROR | broker_errors | BROKER_ERROR | RATE_LIMIT_EXCEEDED | Endpoint: placeOrder | API call blocked - no tokens available | rate_limiter_stats={"total_calls": 186, "blocked_calls": 0, "success_rate": 100.0, "calls_last_1min": 6, "calls_last_5min": 42, "avg_wait_time": 0.007, "second_bucket": {"name": "per_second", "tokens": 0.84, "capacity": 6, "refill_rate": 6, "utilization": 86.0}, "minute_bucket": {"name": "per_minute", "tokens": 141.43, "capacity": 150, "refill_rate": 2.5, "utilization": 5.7}, "limits": {"rps": 6, "rpm": 150}}
2025-11-25 13:42:53 | ERROR | broker_errors | BROKER_ERROR | RATE_LIMIT_EXCEEDED | Endpoint: placeOrder | API call blocked - no tokens available | rate_limiter_stats={"total_calls": 190, "blocked_calls": 0, "success_rate": 100.0, "calls_last_1min": 8, "calls_last_5min": 42, "avg_wait_time": 0.007, "second_bucket": {"name": "per_second", "tokens": 0.77, "capacity": 6, "refill_rate": 6, "utilization": 87.2}, "minute_bucket": {"name": "per_minute", "tokens": 141.4, "capacity": 150, "refill_rate": 2.5, "utilization": 5.7}, "limits": {"rps": 6, "rpm": 150}}
2025-11-25 13:43:15 | ERROR | broker_errors | BROKER_ERROR | RATE_LIMIT_EXCEEDED | Endpoint: placeOrder | API call blocked - no tokens available | rate_limiter_stats={"total_calls": 194, "blocked_calls": 0, "success_rate": 100.0, "calls_last_1min": 8, "calls_last_5min": 42, "avg_wait_time": 0.007, "second_bucket": {"name": "per_second", "tokens": 0.28, "capacity": 6, "refill_rate": 6, "utilization": 95.3}, "minute_bucket": {"name": "per_minute", "tokens": 141.2, "capacity": 150, "refill_rate": 2.5, "utilization": 5.9}, "limits": {"rps": 6, "rpm": 150}}
2025-11-25 13:43:37 | ERROR | broker_errors | BROKER_ERROR | RATE_LIMIT_EXCEEDED | Endpoint: placeOrder | API call blocked - no tokens available | rate_limiter_stats={"total_calls": 198, "blocked_calls": 0, "success_rate": 100.0, "calls_last_1min": 8, "calls_last_5min": 43, "avg_wait_time": 0.008, "second_bucket": {"name": "per_second", "tokens": 0.69, "capacity": 6, "refill_rate": 6, "utilization": 88.5}, "minute_bucket": {"name": "per_minute", "tokens": 141.37, "capacity": 150, "refill_rate": 2.5, "utilization": 5.8}, "limits": {"rps": 6, "rpm": 150}}
2025-11-25 13:43:59 | ERROR | broker_errors | BROKER_ERROR | RATE_LIMIT_EXCEEDED | Endpoint: placeOrder | API call blocked - no tokens available | rate_limiter_stats={"total_calls": 202, "blocked_calls": 0, "success_rate": 100.0, "calls_last_1min": 8, "calls_last_5min": 43, "avg_wait_time": 0.008, "second_bucket": {"name": "per_second", "tokens": 0.66, "capacity": 6, "refill_rate": 6, "utilization": 89.0}, "minute_bucket": {"name": "per_minute", "tokens": 141.36, "capacity": 150, "refill_rate": 2.5, "utilization": 5.8}, "limits": {"rps": 6, "rpm": 150}}
2025-11-25 13:44:21 | ERROR | broker_errors | BROKER_ERROR | RATE_LIMIT_EXCEEDED | Endpoint: placeOrder | API call blocked - no tokens available | rate_limiter_stats={"total_calls": 206, "blocked_calls": 0, "success_rate": 100.0, "calls_last_1min": 8, "calls_last_5min": 45, "avg_wait_time": 0.008, "second_bucket": {"name": "per_second", "tokens": 0.56, "capacity": 6, "refill_rate": 6, "utilization": 90.6}, "minute_bucket": {"name": "per_minute", "tokens": 141.32, "capacity": 150, "refill_rate": 2.5, "utilization": 5.8}, "limits": {"rps": 6, "rpm": 150}}
2025-11-25 13:44:43 | ERROR | broker_errors | BROKER_ERROR | RATE_LIMIT_EXCEEDED | Endpoint: placeOrder | API call blocked - no tokens available | rate_limiter_stats={"total_calls": 210, "blocked_calls": 0, "success_rate": 100.0, "calls_last_1min": 8, "calls_last_5min": 45, "avg_wait_time": 0.008, "second_bucket": {"name": "per_second", "tokens": 0.44, "capacity": 6, "refill_rate": 6, "utilization": 92.7}, "minute_bucket": {"name": "per_minute", "tokens": 141.27, "capacity": 150, "refill_rate": 2.5, "utilization": 5.8}, "limits": {"rps": 6, "rpm": 150}}
2025-11-25 13:45:27 | ERROR | broker_errors | BROKER_ERROR | RATE_LIMIT_EXCEEDED | Endpoint: ltpData | API call blocked - no tokens available | rate_limiter_stats={"total_calls": 218, "blocked_calls": 0, "success_rate": 100.0, "calls_last_1min": 8, "calls_last_5min": 47, "avg_wait_time": 0.008, "second_bucket": {"name": "per_second", "tokens": 0.46, "capacity": 6, "refill_rate": 6, "utilization": 92.3}, "minute_bucket": {"name": "per_minute", "tokens": 141.28, "capacity": 150, "refill_rate": 2.5, "utilization": 5.8}, "limits": {"rps": 6, "rpm": 150}}
2025-11-25 14:13:22 | ERROR | broker_errors | BROKER_ERROR | RATE_LIMIT_EXCEEDED | Endpoint: ltpData | API call blocked - no tokens available | rate_limiter_stats={"total_calls": 425, "blocked_calls": 0, "success_rate": 100.0, "calls_last_1min": 7, "calls_last_5min": 42, "avg_wait_time": 0.006, "second_bucket": {"name": "per_second", "tokens": 0.6, "capacity": 6, "refill_rate": 6, "utilization": 90.0}, "minute_bucket": {"name": "per_minute", "tokens": 141.33, "capacity": 150, "refill_rate": 2.5, "utilization": 5.8}, "limits": {"rps": 6, "rpm": 150}}
2025-11-25 14:19:42 | ERROR | broker_errors | BROKER_ERROR | RATE_LIMIT_EXCEEDED | Endpoint: ltpData | API call blocked - no tokens available | rate_limiter_stats={"total_calls": 469, "blocked_calls": 0, "success_rate": 100.0, "calls_last_1min": 7, "calls_last_5min": 34, "avg_wait_time": 0.006, "second_bucket": {"name": "per_second", "tokens": 0.76, "capacity": 6, "refill_rate": 6, "utilization": 87.3}, "minute_bucket": {"name": "per_minute", "tokens": 143.15, "capacity": 150, "refill_rate": 2.5, "utilization": 4.6}, "limits": {"rps": 6, "rpm": 150}}
2025-11-25 14:19:42 | ERROR | broker_errors | BROKER_ERROR | RATE_LIMIT_EXCEEDED | Endpoint: ltpData | API call blocked - no tokens available | rate_limiter_stats={"total_calls": 470, "blocked_calls": 0, "success_rate": 100.0, "calls_last_1min": 7, "calls_last_5min": 34, "avg_wait_time": 0.006, "second_bucket": {"name": "per_second", "tokens": 0.79, "capacity": 6, "refill_rate": 6, "utilization": 86.8}, "minute_bucket": {"name": "per_minute", "tokens": 142.0, "capacity": 150, "refill_rate": 2.5, "utilization": 5.3}, "limits": {"rps": 6, "rpm": 150}}
2025-11-25 14:27:02 | ERROR | broker_errors | BROKER_ERROR | TOKEN_INVALID | Code: AG8001 | Endpoint: placeOrder | placeOrder returned None - Invalid Token suspected | session_age_minutes=6.794946583333333
2025-11-25 14:33:05 | ERROR | broker_errors | BROKER_ERROR | TOKEN_INVALID | Code: AG8001 | Endpoint: placeOrder | placeOrder returned None - Invalid Token suspected | session_age_minutes=12.8318157
2025-11-25 14:33:06 | ERROR | broker_errors | BROKER_ERROR | TOKEN_INVALID | Code: AG8001 | Endpoint: placeOrder | placeOrder returned None - Invalid Token suspected | session_age_minutes=12.858817666666665
2025-11-25 14:54:07 | ERROR | broker_errors | BROKER_ERROR | TOKEN_INVALID | Code: AG8001 | Endpoint: placeOrder | placeOrder returned None - Invalid Token suspected | session_age_minutes=3.8608215
2025-11-25 15:29:44 | ERROR | broker_errors | BROKER_ERROR | RATE_LIMIT_EXCEEDED | Endpoint: placeOrder | API call blocked - no tokens available | rate_limiter_stats={"total_calls": 954, "blocked_calls": 0, "success_rate": 100.0, "calls_last_1min": 6, "calls_last_5min": 31, "avg_wait_time": 0.004, "second_bucket": {"name": "per_second", "tokens": 0.72, "capacity": 6, "refill_rate": 6, "utilization": 88.0}, "minute_bucket": {"name": "per_minute", "tokens": 141.38, "capacity": 150, "refill_rate": 2.5, "utilization": 5.7}, "limits": {"rps": 6, "rpm": 150}}
2025-11-25 16:30:11 | ERROR | errors | DETAILED_ERROR | error_type=EOD_CONNECTION_ERROR | message=Failed to connect to bot at http://localhost:80 | timestamp=2025-11-25T16:30:11.836326 | exception_type=ConnectionError | exception_message=HTTPConnectionPool(host='localhost', port=80): Max retries exceeded with url: /learning/eod-update (Caused by NewConnectionError('<urllib3.connection.HTTPConnection object at 0x775f05aa0f20>: Failed to establish a new connection: [Errno 111] Connection refused')) | stack_trace=Traceback (most recent call last):
  File "/root/santhosh/trading/equity/.venv/lib/python3.12/site-packages/urllib3/connection.py", line 198, in _new_conn
    sock = connection.create_connection(
           ^^^^^^^^^^^^^^^^^^^^^^^^^^^^^
  File "/root/santhosh/trading/equity/.venv/lib/python3.12/site-packages/urllib3/util/connection.py", line 85, in create_connection
    raise err
  File "/root/santhosh/trading/equity/.venv/lib/python3.12/site-packages/urllib3/util/connection.py", line 73, in create_connection
    sock.connect(sa)
ConnectionRefusedError: [Errno 111] Connection refused

The above exception was the direct cause of the following exception:

Traceback (most recent call last):
  File "/root/santhosh/trading/equity/.venv/lib/python3.12/site-packages/urllib3/connectionpool.py", line 787, in urlopen
    response = self._make_request(
               ^^^^^^^^^^^^^^^^^^^
  File "/root/santhosh/trading/equity/.venv/lib/python3.12/site-packages/urllib3/connectionpool.py", line 493, in _make_request
    conn.request(
  File "/root/santhosh/trading/equity/.venv/lib/python3.12/site-packages/urllib3/connection.py", line 494, in request
    self.endheaders()
  File "/usr/lib/python3.12/http/client.py", line 1331, in endheaders
    self._send_output(message_body, encode_chunked=encode_chunked)
  File "/usr/lib/python3.12/http/client.py", line 1091, in _send_output
    self.send(msg)
  File "/usr/lib/python3.12/http/client.py", line 1035, in send
    self.connect()
  File "/root/santhosh/trading/equity/.venv/lib/python3.12/site-packages/urllib3/connection.py", line 325, in connect
    self.sock = self._new_conn()
                ^^^^^^^^^^^^^^^^
  File "/root/santhosh/trading/equity/.venv/lib/python3.12/site-packages/urllib3/connection.py", line 213, in _new_conn
    raise NewConnectionError(
urllib3.exceptions.NewConnectionError: <urllib3.connection.HTTPConnection object at 0x775f05aa0f20>: Failed to establish a new connection: [Errno 111] Connection refused

The above exception was the direct cause of the following exception:

Traceback (most recent call last):
  File "/root/santhosh/trading/equity/.venv/lib/python3.12/site-packages/requests/adapters.py", line 644, in send
    resp = conn.urlopen(
           ^^^^^^^^^^^^^
  File "/root/santhosh/trading/equity/.venv/lib/python3.12/site-packages/urllib3/connectionpool.py", line 841, in urlopen
    retries = retries.increment(
              ^^^^^^^^^^^^^^^^^^
  File "/root/santhosh/trading/equity/.venv/lib/python3.12/site-packages/urllib3/util/retry.py", line 519, in increment
    raise MaxRetryError(_pool, url, reason) from reason  # type: ignore[arg-type]
    ^^^^^^^^^^^^^^^^^^^^^^^^^^^^^^^^^^^^^^^^^^^^^^^^^^^
urllib3.exceptions.MaxRetryError: HTTPConnectionPool(host='localhost', port=80): Max retries exceeded with url: /learning/eod-update (Caused by NewConnectionError('<urllib3.connection.HTTPConnection object at 0x775f05aa0f20>: Failed to establish a new connection: [Errno 111] Connection refused'))

During handling of the above exception, another exception occurred:

Traceback (most recent call last):
  File "/root/santhosh/trading/equity/eqcode/eod_scheduler.py", line 181, in trigger_eod_update
    response = requests.post(
               ^^^^^^^^^^^^^^
  File "/root/santhosh/trading/equity/.venv/lib/python3.12/site-packages/requests/api.py", line 115, in post
    return request("post", url, data=data, json=json, **kwargs)
           ^^^^^^^^^^^^^^^^^^^^^^^^^^^^^^^^^^^^^^^^^^^^^^^^^^^^
  File "/root/santhosh/trading/equity/.venv/lib/python3.12/site-packages/requests/api.py", line 59, in request
    return session.request(method=method, url=url, **kwargs)
           ^^^^^^^^^^^^^^^^^^^^^^^^^^^^^^^^^^^^^^^^^^^^^^^^^
  File "/root/santhosh/trading/equity/.venv/lib/python3.12/site-packages/requests/sessions.py", line 589, in request
    resp = self.send(prep, **send_kwargs)
           ^^^^^^^^^^^^^^^^^^^^^^^^^^^^^^
  File "/root/santhosh/trading/equity/.venv/lib/python3.12/site-packages/requests/sessions.py", line 703, in send
    r = adapter.send(request, **kwargs)
        ^^^^^^^^^^^^^^^^^^^^^^^^^^^^^^^
  File "/root/santhosh/trading/equity/.venv/lib/python3.12/site-packages/requests/adapters.py", line 677, in send
    raise ConnectionError(e, request=request)
requests.exceptions.ConnectionError: HTTPConnectionPool(host='localhost', port=80): Max retries exceeded with url: /learning/eod-update (Caused by NewConnectionError('<urllib3.connection.HTTPConnection object at 0x775f05aa0f20>: Failed to establish a new connection: [Errno 111] Connection refused'))

2025-11-25 16:30:11 | ERROR | errors | DETAILED_ERROR | error_type=EOD_CONNECTION_ERROR | message=Failed to connect to bot at http://localhost:80 | timestamp=2025-11-25T16:30:11.882300 | exception_type=ConnectionError | exception_message=HTTPConnectionPool(host='localhost', port=80): Max retries exceeded with url: /learning/eod-update (Caused by NewConnectionError('<urllib3.connection.HTTPConnection object at 0x775f0404f380>: Failed to establish a new connection: [Errno 111] Connection refused')) | stack_trace=Traceback (most recent call last):
  File "/root/santhosh/trading/equity/.venv/lib/python3.12/site-packages/urllib3/connection.py", line 198, in _new_conn
    sock = connection.create_connection(
           ^^^^^^^^^^^^^^^^^^^^^^^^^^^^^
  File "/root/santhosh/trading/equity/.venv/lib/python3.12/site-packages/urllib3/util/connection.py", line 85, in create_connection
    raise err
  File "/root/santhosh/trading/equity/.venv/lib/python3.12/site-packages/urllib3/util/connection.py", line 73, in create_connection
    sock.connect(sa)
ConnectionRefusedError: [Errno 111] Connection refused

The above exception was the direct cause of the following exception:

Traceback (most recent call last):
  File "/root/santhosh/trading/equity/.venv/lib/python3.12/site-packages/urllib3/connectionpool.py", line 787, in urlopen
    response = self._make_request(
               ^^^^^^^^^^^^^^^^^^^
  File "/root/santhosh/trading/equity/.venv/lib/python3.12/site-packages/urllib3/connectionpool.py", line 493, in _make_request
    conn.request(
  File "/root/santhosh/trading/equity/.venv/lib/python3.12/site-packages/urllib3/connection.py", line 494, in request
    self.endheaders()
  File "/usr/lib/python3.12/http/client.py", line 1331, in endheaders
    self._send_output(message_body, encode_chunked=encode_chunked)
  File "/usr/lib/python3.12/http/client.py", line 1091, in _send_output
    self.send(msg)
  File "/usr/lib/python3.12/http/client.py", line 1035, in send
    self.connect()
  File "/root/santhosh/trading/equity/.venv/lib/python3.12/site-packages/urllib3/connection.py", line 325, in connect
    self.sock = self._new_conn()
                ^^^^^^^^^^^^^^^^
  File "/root/santhosh/trading/equity/.venv/lib/python3.12/site-packages/urllib3/connection.py", line 213, in _new_conn
    raise NewConnectionError(
urllib3.exceptions.NewConnectionError: <urllib3.connection.HTTPConnection object at 0x775f0404f380>: Failed to establish a new connection: [Errno 111] Connection refused

The above exception was the direct cause of the following exception:

Traceback (most recent call last):
  File "/root/santhosh/trading/equity/.venv/lib/python3.12/site-packages/requests/adapters.py", line 644, in send
    resp = conn.urlopen(
           ^^^^^^^^^^^^^
  File "/root/santhosh/trading/equity/.venv/lib/python3.12/site-packages/urllib3/connectionpool.py", line 841, in urlopen
    retries = retries.increment(
              ^^^^^^^^^^^^^^^^^^
  File "/root/santhosh/trading/equity/.venv/lib/python3.12/site-packages/urllib3/util/retry.py", line 519, in increment
    raise MaxRetryError(_pool, url, reason) from reason  # type: ignore[arg-type]
    ^^^^^^^^^^^^^^^^^^^^^^^^^^^^^^^^^^^^^^^^^^^^^^^^^^^
urllib3.exceptions.MaxRetryError: HTTPConnectionPool(host='localhost', port=80): Max retries exceeded with url: /learning/eod-update (Caused by NewConnectionError('<urllib3.connection.HTTPConnection object at 0x775f0404f380>: Failed to establish a new connection: [Errno 111] Connection refused'))

During handling of the above exception, another exception occurred:

Traceback (most recent call last):
  File "/root/santhosh/trading/equity/eqcode/eod_scheduler.py", line 181, in trigger_eod_update
    response = requests.post(
               ^^^^^^^^^^^^^^
  File "/root/santhosh/trading/equity/.venv/lib/python3.12/site-packages/requests/api.py", line 115, in post
    return request("post", url, data=data, json=json, **kwargs)
           ^^^^^^^^^^^^^^^^^^^^^^^^^^^^^^^^^^^^^^^^^^^^^^^^^^^^
  File "/root/santhosh/trading/equity/.venv/lib/python3.12/site-packages/requests/api.py", line 59, in request
    return session.request(method=method, url=url, **kwargs)
           ^^^^^^^^^^^^^^^^^^^^^^^^^^^^^^^^^^^^^^^^^^^^^^^^^
  File "/root/santhosh/trading/equity/.venv/lib/python3.12/site-packages/requests/sessions.py", line 589, in request
    resp = self.send(prep, **send_kwargs)
           ^^^^^^^^^^^^^^^^^^^^^^^^^^^^^^
  File "/root/santhosh/trading/equity/.venv/lib/python3.12/site-packages/requests/sessions.py", line 703, in send
    r = adapter.send(request, **kwargs)
        ^^^^^^^^^^^^^^^^^^^^^^^^^^^^^^^
  File "/root/santhosh/trading/equity/.venv/lib/python3.12/site-packages/requests/adapters.py", line 677, in send
    raise ConnectionError(e, request=request)
requests.exceptions.ConnectionError: HTTPConnectionPool(host='localhost', port=80): Max retries exceeded with url: /learning/eod-update (Caused by NewConnectionError('<urllib3.connection.HTTPConnection object at 0x775f0404f380>: Failed to establish a new connection: [Errno 111] Connection refused'))

