2025-11-30T11:00:24.592811 | TradingView | UNKNOWN UNKNOWN @ ₹0.00 [REJECTED]
2025-11-30T11:00:24.594361 | TradingView | UNKNOWN UNKNOWN @ ₹0.00 [REJECTED]
2025-11-30T11:00:24.598484 | TradingView | UNKNOWN UNKNOWN @ ₹0.00 [REJECTED]
2025-11-30T11:00:24.601125 | TradingView | UNKNOWN UNKNOWN @ ₹0.00 [REJECTED]
2025-11-30T11:00:24.605315 | TradingView | UNKNOWN UNKNOWN @ ₹0.00 [REJECTED]
2025-11-30T11:00:24.607884 | TradingView | UNKNOWN UNKNOWN @ ₹0.00 [REJECTED]
2025-11-30T11:00:26.574694 | TradingView | UNKNOWN UNKNOWN @ ₹0.00 [REJECTED]
2025-11-30T11:00:26.908123 | TradingView | UNKNOWN UNKNOWN @ ₹0.00 [REJECTED]
2025-11-30T11:00:27.253267 | TradingView | UNKNOWN UNKNOWN @ ₹0.00 [REJECTED]
2025-11-30T11:00:27.578268 | TradingView | UNKNOWN UNKNOWN @ ₹0.00 [REJECTED]
2025-11-30T11:00:27.894699 | TradingView | UNKNOWN UNKNOWN @ ₹0.00 [REJECTED]
2025-11-30T11:00:28.159597 | TradingView | UNKNOWN UNKNOWN @ ₹0.00 [REJECTED]
2025-11-30T11:00:28.484486 | TradingView | UNKNOWN UNKNOWN @ ₹0.00 [REJECTED]
2025-11-30T11:00:28.688479 | TradingView | UNKNOWN UNKNOWN @ ₹0.00 [REJECTED]
2025-11-30T11:00:28.938014 | TradingView | UNKNOWN UNKNOWN @ ₹0.00 [REJECTED]
2025-11-30T11:00:29.124454 | TradingView | UNKNOWN UNKNOWN @ ₹0.00 [REJECTED]
2025-11-30T11:00:29.459320 | TradingView | UNKNOWN UNKNOWN @ ₹0.00 [REJECTED]
2025-11-30T11:00:29.755870 | TradingView | UNKNOWN UNKNOWN @ ₹0.00 [REJECTED]
2025-11-30T11:00:30.094335 | TradingView | UNKNOWN UNKNOWN @ ₹0.00 [REJECTED]
2025-11-30T11:00:30.209846 | TradingView | UNKNOWN UNKNOWN @ ₹0.00 [REJECTED]
2025-11-30T11:00:30.379321 | TradingView | UNKNOWN UNKNOWN @ ₹0.00 [REJECTED]
2025-11-30T11:00:30.666531 | TradingView | UNKNOWN UNKNOWN @ ₹0.00 [REJECTED]
2025-11-30T11:00:30.862373 | TradingView | UNKNOWN UNKNOWN @ ₹0.00 [REJECTED]
2025-11-30T11:00:31.161120 | TradingView | UNKNOWN UNKNOWN @ ₹0.00 [REJECTED]
2025-11-30T11:00:31.505746 | TradingView | UNKNOWN UNKNOWN @ ₹0.00 [REJECTED]
2025-11-30T11:00:31.852784 | TradingView | UNKNOWN UNKNOWN @ ₹0.00 [REJECTED]
2025-11-30T11:00:32.156180 | TradingView | UNKNOWN UNKNOWN @ ₹0.00 [REJECTED]
2025-11-30T11:00:32.284350 | TradingView | UNKNOWN UNKNOWN @ ₹0.00 [REJECTED]
2025-11-30T11:00:32.627846 | TradingView | UNKNOWN UNKNOWN @ ₹0.00 [REJECTED]
2025-11-30T11:00:32.925088 | TradingView | UNKNOWN UNKNOWN @ ₹0.00 [REJECTED]
2025-11-30T11:00:33.145858 | TradingView | UNKNOWN UNKNOWN @ ₹0.00 [REJECTED]
2025-11-30T11:00:33.266037 | TradingView | UNKNOWN UNKNOWN @ ₹0.00 [REJECTED]
2025-11-30T11:00:33.560522 | TradingView | UNKNOWN UNKNOWN @ ₹0.00 [REJECTED]
2025-11-30T11:00:33.685522 | TradingView | UNKNOWN UNKNOWN @ ₹0.00 [REJECTED]
2025-11-30T11:00:34.018021 | TradingView | UNKNOWN UNKNOWN @ ₹0.00 [REJECTED]
2025-11-30T11:00:34.199399 | TradingView | UNKNOWN UNKNOWN @ ₹0.00 [REJECTED]
2025-11-30T11:00:34.456346 | TradingView | UNKNOWN UNKNOWN @ ₹0.00 [REJECTED]
2025-11-30T11:00:34.644817 | TradingView | UNKNOWN UNKNOWN @ ₹0.00 [REJECTED]
2025-11-30T11:00:34.977818 | TradingView | UNKNOWN UNKNOWN @ ₹0.00 [REJECTED]
2025-11-30T11:00:35.129813 | TradingView | UNKNOWN UNKNOWN @ ₹0.00 [REJECTED]
2025-11-30T11:00:35.442611 | TradingView | UNKNOWN UNKNOWN @ ₹0.00 [REJECTED]
2025-11-30T11:00:35.666240 | TradingView | UNKNOWN UNKNOWN @ ₹0.00 [REJECTED]
2025-11-30T11:00:35.948484 | TradingView | UNKNOWN UNKNOWN @ ₹0.00 [REJECTED]
2025-11-30T11:00:36.253371 | TradingView | UNKNOWN UNKNOWN @ ₹0.00 [REJECTED]
2025-11-30T11:00:36.378303 | TradingView | UNKNOWN UNKNOWN @ ₹0.00 [REJECTED]
2025-11-30T11:00:36.533292 | TradingView | UNKNOWN UNKNOWN @ ₹0.00 [REJECTED]
2025-11-30T11:00:36.730725 | TradingView | UNKNOWN UNKNOWN @ ₹0.00 [REJECTED]
2025-11-30T11:00:37.024889 | TradingView | UNKNOWN UNKNOWN @ ₹0.00 [REJECTED]
2025-11-30T11:00:37.286363 | TradingView | UNKNOWN UNKNOWN @ ₹0.00 [REJECTED]
2025-11-30T11:00:37.577927 | TradingView | UNKNOWN UNKNOWN @ ₹0.00 [REJECTED]
2025-11-30T11:00:37.791961 | TradingView | UNKNOWN UNKNOWN @ ₹0.00 [REJECTED]
2025-11-30T11:00:37.963756 | TradingView | UNKNOWN UNKNOWN @ ₹0.00 [REJECTED]
2025-11-30T11:00:38.307593 | TradingView | UNKNOWN UNKNOWN @ ₹0.00 [REJECTED]
2025-11-30T11:00:38.490493 | TradingView | UNKNOWN UNKNOWN @ ₹0.00 [REJECTED]
2025-11-30T11:00:38.675560 | TradingView | UNKNOWN UNKNOWN @ ₹0.00 [REJECTED]
2025-11-30T11:00:38.957639 | TradingView | UNKNOWN UNKNOWN @ ₹0.00 [REJECTED]
2025-11-30T11:00:39.286493 | TradingView | UNKNOWN UNKNOWN @ ₹0.00 [REJECTED]
2025-11-30T11:00:39.621999 | TradingView | UNKNOWN UNKNOWN @ ₹0.00 [REJECTED]
2025-11-30T11:00:39.783731 | TradingView | UNKNOWN UNKNOWN @ ₹0.00 [REJECTED]
2025-11-30T11:00:39.940717 | TradingView | UNKNOWN UNKNOWN @ ₹0.00 [REJECTED]
2025-11-30T11:00:40.180438 | TradingView | UNKNOWN UNKNOWN @ ₹0.00 [REJECTED]
2025-11-30T11:00:40.434900 | TradingView | UNKNOWN UNKNOWN @ ₹0.00 [REJECTED]
2025-11-30T11:00:40.590656 | TradingView | UNKNOWN UNKNOWN @ ₹0.00 [REJECTED]
2025-11-30T11:00:40.871097 | TradingView | UNKNOWN UNKNOWN @ ₹0.00 [REJECTED]
2025-11-30T11:00:41.157159 | TradingView | UNKNOWN UNKNOWN @ ₹0.00 [REJECTED]
2025-11-30T11:00:41.314047 | TradingView | UNKNOWN UNKNOWN @ ₹0.00 [REJECTED]
2025-11-30T11:00:41.657470 | TradingView | UNKNOWN UNKNOWN @ ₹0.00 [REJECTED]
2025-11-30T11:00:41.837507 | TradingView | UNKNOWN UNKNOWN @ ₹0.00 [REJECTED]
2025-11-30T11:00:42.172920 | TradingView | UNKNOWN UNKNOWN @ ₹0.00 [REJECTED]
2025-11-30T11:00:42.363038 | TradingView | UNKNOWN UNKNOWN @ ₹0.00 [REJECTED]
2025-11-30T11:00:42.562194 | TradingView | UNKNOWN UNKNOWN @ ₹0.00 [REJECTED]
2025-11-30T11:00:42.875974 | TradingView | UNKNOWN UNKNOWN @ ₹0.00 [REJECTED]
2025-11-30T11:00:43.199354 | TradingView | UNKNOWN UNKNOWN @ ₹0.00 [REJECTED]
2025-11-30T11:00:43.403103 | TradingView | UNKNOWN UNKNOWN @ ₹0.00 [REJECTED]
2025-11-30T11:00:43.655470 | TradingView | UNKNOWN UNKNOWN @ ₹0.00 [REJECTED]
2025-11-30T11:00:43.841801 | TradingView | UNKNOWN UNKNOWN @ ₹0.00 [REJECTED]
2025-11-30T11:00:44.017042 | TradingView | UNKNOWN UNKNOWN @ ₹0.00 [REJECTED]
2025-11-30T11:00:44.304160 | TradingView | UNKNOWN UNKNOWN @ ₹0.00 [REJECTED]
2025-11-30T11:00:44.405555 | TradingView | UNKNOWN UNKNOWN @ ₹0.00 [REJECTED]
2025-11-30T11:00:44.639179 | TradingView | UNKNOWN UNKNOWN @ ₹0.00 [REJECTED]
2025-11-30T11:00:44.900407 | TradingView | UNKNOWN UNKNOWN @ ₹0.00 [REJECTED]
2025-11-30T11:00:45.036762 | TradingView | UNKNOWN UNKNOWN @ ₹0.00 [REJECTED]
2025-11-30T11:00:45.169671 | TradingView | UNKNOWN UNKNOWN @ ₹0.00 [REJECTED]
2025-11-30T11:00:45.469807 | TradingView | UNKNOWN UNKNOWN @ ₹0.00 [REJECTED]
2025-11-30T11:00:45.659782 | TradingView | UNKNOWN UNKNOWN @ ₹0.00 [REJECTED]
2025-11-30T11:00:45.894180 | TradingView | UNKNOWN UNKNOWN @ ₹0.00 [REJECTED]
2025-11-30T11:00:46.045022 | TradingView | UNKNOWN UNKNOWN @ ₹0.00 [REJECTED]
2025-11-30T11:00:46.245819 | TradingView | UNKNOWN UNKNOWN @ ₹0.00 [REJECTED]
2025-11-30T11:00:46.550433 | TradingView | UNKNOWN UNKNOWN @ ₹0.00 [REJECTED]
2025-11-30T11:00:46.757556 | TradingView | UNKNOWN UNKNOWN @ ₹0.00 [REJECTED]
2025-11-30T11:00:46.888125 | TradingView | UNKNOWN UNKNOWN @ ₹0.00 [REJECTED]
2025-11-30T11:00:47.009232 | TradingView | UNKNOWN UNKNOWN @ ₹0.00 [REJECTED]
2025-11-30T11:00:47.291513 | TradingView | UNKNOWN UNKNOWN @ ₹0.00 [REJECTED]
2025-11-30T11:00:47.465340 | TradingView | UNKNOWN UNKNOWN @ ₹0.00 [REJECTED]
2025-11-30T11:00:47.626617 | TradingView | UNKNOWN UNKNOWN @ ₹0.00 [REJECTED]
2025-11-30T11:00:47.815795 | TradingView | UNKNOWN UNKNOWN @ ₹0.00 [REJECTED]
2025-11-30T11:00:47.952527 | TradingView | UNKNOWN UNKNOWN @ ₹0.00 [REJECTED]
2025-11-30T11:00:48.267506 | TradingView | UNKNOWN UNKNOWN @ ₹0.00 [REJECTED]
2025-11-30T11:00:48.391503 | TradingView | UNKNOWN UNKNOWN @ ₹0.00 [REJECTED]
2025-11-30T11:00:48.714980 | TradingView | UNKNOWN UNKNOWN @ ₹0.00 [REJECTED]
2025-11-30T11:00:48.864282 | TradingView | UNKNOWN UNKNOWN @ ₹0.00 [REJECTED]
2025-11-30T11:00:49.032285 | TradingView | UNKNOWN UNKNOWN @ ₹0.00 [REJECTED]
2025-11-30T11:00:49.219253 | TradingView | UNKNOWN UNKNOWN @ ₹0.00 [REJECTED]
2025-11-30T11:00:49.320414 | TradingView | UNKNOWN UNKNOWN @ ₹0.00 [REJECTED]
2025-11-30T11:00:49.451312 | TradingView | UNKNOWN UNKNOWN @ ₹0.00 [REJECTED]
2025-11-30T11:00:49.658003 | TradingView | UNKNOWN UNKNOWN @ ₹0.00 [REJECTED]
2025-11-30T11:00:49.781081 | TradingView | UNKNOWN UNKNOWN @ ₹0.00 [REJECTED]
2025-11-30T11:00:49.880529 | TradingView | UNKNOWN UNKNOWN @ ₹0.00 [REJECTED]
2025-11-30T11:00:50.154635 | TradingView | UNKNOWN UNKNOWN @ ₹0.00 [REJECTED]
2025-11-30T11:00:50.366083 | TradingView | UNKNOWN UNKNOWN @ ₹0.00 [REJECTED]
2025-11-30T11:00:50.626621 | TradingView | UNKNOWN UNKNOWN @ ₹0.00 [REJECTED]
2025-11-30T11:00:50.772760 | TradingView | UNKNOWN UNKNOWN @ ₹0.00 [REJECTED]
2025-11-30T11:00:50.906811 | TradingView | UNKNOWN UNKNOWN @ ₹0.00 [REJECTED]
2025-11-30T11:00:51.238010 | TradingView | UNKNOWN UNKNOWN @ ₹0.00 [REJECTED]
2025-11-30T11:00:51.482360 | TradingView | UNKNOWN UNKNOWN @ ₹0.00 [REJECTED]
2025-11-30T11:00:51.794502 | TradingView | UNKNOWN UNKNOWN @ ₹0.00 [REJECTED]
2025-11-30T11:00:52.076193 | TradingView | UNKNOWN UNKNOWN @ ₹0.00 [REJECTED]
2025-11-30T11:00:52.249456 | TradingView | UNKNOWN UNKNOWN @ ₹0.00 [REJECTED]
2025-11-30T11:00:52.552810 | TradingView | UNKNOWN UNKNOWN @ ₹0.00 [REJECTED]
2025-11-30T11:00:52.740629 | TradingView | UNKNOWN UNKNOWN @ ₹0.00 [REJECTED]
2025-11-30T11:00:53.048398 | TradingView | UNKNOWN UNKNOWN @ ₹0.00 [REJECTED]
2025-11-30T11:00:53.226291 | TradingView | UNKNOWN UNKNOWN @ ₹0.00 [REJECTED]
2025-11-30T11:00:53.433282 | TradingView | UNKNOWN UNKNOWN @ ₹0.00 [REJECTED]
2025-11-30T11:00:53.594136 | TradingView | UNKNOWN UNKNOWN @ ₹0.00 [REJECTED]
2025-11-30T11:00:53.858215 | TradingView | UNKNOWN UNKNOWN @ ₹0.00 [REJECTED]
2025-11-30T11:00:54.093046 | TradingView | UNKNOWN UNKNOWN @ ₹0.00 [REJECTED]
2025-11-30T11:00:54.352030 | TradingView | UNKNOWN UNKNOWN @ ₹0.00 [REJECTED]
2025-11-30T11:00:54.641380 | TradingView | UNKNOWN UNKNOWN @ ₹0.00 [REJECTED]
2025-11-30T11:00:54.883051 | TradingView | UNKNOWN UNKNOWN @ ₹0.00 [REJECTED]
2025-11-30T11:00:54.983304 | TradingView | UNKNOWN UNKNOWN @ ₹0.00 [REJECTED]
2025-11-30T11:00:55.320329 | TradingView | UNKNOWN UNKNOWN @ ₹0.00 [REJECTED]
2025-11-30T11:00:55.645572 | TradingView | UNKNOWN UNKNOWN @ ₹0.00 [REJECTED]
2025-11-30T11:00:55.866147 | TradingView | UNKNOWN UNKNOWN @ ₹0.00 [REJECTED]
2025-11-30T11:00:56.036915 | TradingView | UNKNOWN UNKNOWN @ ₹0.00 [REJECTED]
2025-11-30T11:00:56.314175 | TradingView | UNKNOWN UNKNOWN @ ₹0.00 [REJECTED]
2025-11-30T11:00:56.603138 | TradingView | UNKNOWN UNKNOWN @ ₹0.00 [REJECTED]
2025-11-30T11:00:56.736631 | TradingView | UNKNOWN UNKNOWN @ ₹0.00 [REJECTED]
2025-11-30T11:00:57.075075 | TradingView | UNKNOWN UNKNOWN @ ₹0.00 [REJECTED]
2025-11-30T11:00:57.217229 | TradingView | UNKNOWN UNKNOWN @ ₹0.00 [REJECTED]
2025-11-30T11:00:57.443156 | TradingView | UNKNOWN UNKNOWN @ ₹0.00 [REJECTED]
2025-11-30T11:00:57.588821 | TradingView | UNKNOWN UNKNOWN @ ₹0.00 [REJECTED]
2025-11-30T11:00:57.802877 | TradingView | UNKNOWN UNKNOWN @ ₹0.00 [REJECTED]
2025-11-30T11:00:58.103015 | TradingView | UNKNOWN UNKNOWN @ ₹0.00 [REJECTED]
2025-11-30T11:00:58.288929 | TradingView | UNKNOWN UNKNOWN @ ₹0.00 [REJECTED]
2025-11-30T11:00:58.433286 | TradingView | UNKNOWN UNKNOWN @ ₹0.00 [REJECTED]
2025-11-30T11:00:58.621153 | TradingView | UNKNOWN UNKNOWN @ ₹0.00 [REJECTED]
2025-11-30T11:00:58.861815 | TradingView | UNKNOWN UNKNOWN @ ₹0.00 [REJECTED]
2025-11-30T11:00:59.208326 | TradingView | UNKNOWN UNKNOWN @ ₹0.00 [REJECTED]
2025-11-30T11:00:59.368257 | TradingView | UNKNOWN UNKNOWN @ ₹0.00 [REJECTED]
2025-11-30T11:00:59.567812 | TradingView | UNKNOWN UNKNOWN @ ₹0.00 [REJECTED]
2025-11-30T11:00:59.852108 | TradingView | UNKNOWN UNKNOWN @ ₹0.00 [REJECTED]
2025-11-30T11:01:00.186572 | TradingView | UNKNOWN UNKNOWN @ ₹0.00 [REJECTED]
2025-11-30T11:01:00.296495 | TradingView | UNKNOWN UNKNOWN @ ₹0.00 [REJECTED]
2025-11-30T11:01:00.619953 | TradingView | UNKNOWN UNKNOWN @ ₹0.00 [REJECTED]
2025-11-30T11:01:00.801249 | TradingView | UNKNOWN UNKNOWN @ ₹0.00 [REJECTED]
2025-11-30T11:01:00.939632 | TradingView | UNKNOWN UNKNOWN @ ₹0.00 [REJECTED]
2025-11-30T11:01:01.101851 | TradingView | UNKNOWN UNKNOWN @ ₹0.00 [REJECTED]
2025-11-30T11:01:01.271116 | TradingView | UNKNOWN UNKNOWN @ ₹0.00 [REJECTED]
2025-11-30T11:01:01.428409 | TradingView | UNKNOWN UNKNOWN @ ₹0.00 [REJECTED]
2025-11-30T11:01:01.566955 | TradingView | UNKNOWN UNKNOWN @ ₹0.00 [REJECTED]
2025-11-30T11:01:01.786143 | TradingView | UNKNOWN UNKNOWN @ ₹0.00 [REJECTED]
2025-11-30T11:01:02.060198 | TradingView | UNKNOWN UNKNOWN @ ₹0.00 [REJECTED]
2025-11-30T11:01:02.253532 | TradingView | UNKNOWN UNKNOWN @ ₹0.00 [REJECTED]
2025-11-30T11:01:02.463275 | TradingView | UNKNOWN UNKNOWN @ ₹0.00 [REJECTED]
2025-11-30T11:01:02.651372 | TradingView | UNKNOWN UNKNOWN @ ₹0.00 [REJECTED]
2025-11-30T11:01:02.914154 | TradingView | UNKNOWN UNKNOWN @ ₹0.00 [REJECTED]
2025-11-30T11:01:03.252342 | TradingView | UNKNOWN UNKNOWN @ ₹0.00 [REJECTED]
2025-11-30T11:01:03.364162 | TradingView | UNKNOWN UNKNOWN @ ₹0.00 [REJECTED]
2025-11-30T11:01:03.550928 | TradingView | UNKNOWN UNKNOWN @ ₹0.00 [REJECTED]
2025-11-30T11:01:03.701380 | TradingView | UNKNOWN UNKNOWN @ ₹0.00 [REJECTED]
2025-11-30T11:01:03.999729 | TradingView | UNKNOWN UNKNOWN @ ₹0.00 [REJECTED]
2025-11-30T11:01:04.109125 | TradingView | UNKNOWN UNKNOWN @ ₹0.00 [REJECTED]
2025-11-30T11:01:04.387705 | TradingView | UNKNOWN UNKNOWN @ ₹0.00 [REJECTED]
2025-11-30T11:01:04.735577 | TradingView | UNKNOWN UNKNOWN @ ₹0.00 [REJECTED]
2025-11-30T11:01:04.920370 | TradingView | UNKNOWN UNKNOWN @ ₹0.00 [REJECTED]
2025-11-30T11:01:05.217880 | TradingView | UNKNOWN UNKNOWN @ ₹0.00 [REJECTED]
2025-11-30T11:01:05.468632 | TradingView | UNKNOWN UNKNOWN @ ₹0.00 [REJECTED]
2025-11-30T11:01:05.763036 | TradingView | UNKNOWN UNKNOWN @ ₹0.00 [REJECTED]
2025-11-30T11:01:06.000540 | TradingView | UNKNOWN UNKNOWN @ ₹0.00 [REJECTED]
2025-11-30T11:01:06.118032 | TradingView | UNKNOWN UNKNOWN @ ₹0.00 [REJECTED]
2025-11-30T11:01:06.398025 | TradingView | UNKNOWN UNKNOWN @ ₹0.00 [REJECTED]
2025-11-30T11:01:06.707375 | TradingView | UNKNOWN UNKNOWN @ ₹0.00 [REJECTED]
2025-11-30T11:01:06.985616 | TradingView | UNKNOWN UNKNOWN @ ₹0.00 [REJECTED]
2025-11-30T11:01:07.220474 | TradingView | UNKNOWN UNKNOWN @ ₹0.00 [REJECTED]
2025-11-30T11:01:07.492719 | TradingView | UNKNOWN UNKNOWN @ ₹0.00 [REJECTED]
2025-11-30T11:01:07.633599 | TradingView | UNKNOWN UNKNOWN @ ₹0.00 [REJECTED]
2025-11-30T11:01:07.801405 | TradingView | UNKNOWN UNKNOWN @ ₹0.00 [REJECTED]
2025-11-30T11:01:08.027963 | TradingView | UNKNOWN UNKNOWN @ ₹0.00 [REJECTED]
2025-11-30T11:01:08.250279 | TradingView | UNKNOWN UNKNOWN @ ₹0.00 [REJECTED]
2025-11-30T11:01:08.385052 | TradingView | UNKNOWN UNKNOWN @ ₹0.00 [REJECTED]
2025-11-30T11:01:08.668247 | TradingView | UNKNOWN UNKNOWN @ ₹0.00 [REJECTED]
2025-11-30T11:01:08.868911 | TradingView | UNKNOWN UNKNOWN @ ₹0.00 [REJECTED]
2025-11-30T11:01:09.108244 | TradingView | UNKNOWN UNKNOWN @ ₹0.00 [REJECTED]
2025-11-30T11:01:09.109752 | TradingView | UNKNOWN UNKNOWN @ ₹0.00 [REJECTED]
2025-11-30T11:01:09.111119 | TradingView | UNKNOWN UNKNOWN @ ₹0.00 [REJECTED]
2025-11-30T11:01:09.118524 | TradingView | UNKNOWN UNKNOWN @ ₹0.00 [REJECTED]
2025-11-30T11:01:09.120782 | TradingView | UNKNOWN UNKNOWN @ ₹0.00 [REJECTED]
2025-11-30T11:01:09.121674 | TradingView | UNKNOWN UNKNOWN @ ₹0.00 [REJECTED]
2025-11-30T11:01:09.124018 | TradingView | UNKNOWN UNKNOWN @ ₹0.00 [REJECTED]
2025-11-30T11:01:09.124818 | TradingView | UNKNOWN UNKNOWN @ ₹0.00 [REJECTED]
2025-11-30T11:01:09.138523 | TradingView | UNKNOWN UNKNOWN @ ₹0.00 [REJECTED]
2025-11-30T11:01:09.142134 | TradingView | UNKNOWN UNKNOWN @ ₹0.00 [REJECTED]
2025-11-30T11:02:32.070497 | TradingView | UNKNOWN UNKNOWN @ ₹0.00 [REJECTED]
2025-11-30T11:02:32.074923 | TradingView | UNKNOWN UNKNOWN @ ₹0.00 [REJECTED]
2025-11-30T11:02:32.079610 | TradingView | UNKNOWN UNKNOWN @ ₹0.00 [REJECTED]
2025-11-30T11:02:32.086360 | TradingView | UNKNOWN UNKNOWN @ ₹0.00 [REJECTED]
2025-11-30T11:02:32.088391 | TradingView | UNKNOWN UNKNOWN @ ₹0.00 [REJECTED]
2025-11-30T11:02:32.089928 | TradingView | UNKNOWN UNKNOWN @ ₹0.00 [REJECTED]
2025-11-30T11:02:34.048577 | TradingView | UNKNOWN UNKNOWN @ ₹0.00 [REJECTED]
2025-11-30T11:02:34.175333 | TradingView | UNKNOWN UNKNOWN @ ₹0.00 [REJECTED]
2025-11-30T11:02:34.411154 | TradingView | UNKNOWN UNKNOWN @ ₹0.00 [REJECTED]
2025-11-30T11:02:34.551047 | TradingView | UNKNOWN UNKNOWN @ ₹0.00 [REJECTED]
2025-11-30T11:02:34.703413 | TradingView | UNKNOWN UNKNOWN @ ₹0.00 [REJECTED]
2025-11-30T11:02:34.898289 | TradingView | UNKNOWN UNKNOWN @ ₹0.00 [REJECTED]
2025-11-30T11:02:35.200354 | TradingView | UNKNOWN UNKNOWN @ ₹0.00 [REJECTED]
2025-11-30T11:02:35.374746 | TradingView | UNKNOWN UNKNOWN @ ₹0.00 [REJECTED]
2025-11-30T11:02:35.665262 | TradingView | UNKNOWN UNKNOWN @ ₹0.00 [REJECTED]
2025-11-30T11:02:35.803225 | TradingView | UNKNOWN UNKNOWN @ ₹0.00 [REJECTED]
2025-11-30T11:02:36.102133 | TradingView | UNKNOWN UNKNOWN @ ₹0.00 [REJECTED]
2025-11-30T11:02:36.257612 | TradingView | UNKNOWN UNKNOWN @ ₹0.00 [REJECTED]
2025-11-30T11:02:36.468323 | TradingView | UNKNOWN UNKNOWN @ ₹0.00 [REJECTED]
2025-11-30T11:02:36.656289 | TradingView | UNKNOWN UNKNOWN @ ₹0.00 [REJECTED]
2025-11-30T11:02:36.936765 | TradingView | UNKNOWN UNKNOWN @ ₹0.00 [REJECTED]
2025-11-30T11:02:37.234182 | TradingView | UNKNOWN UNKNOWN @ ₹0.00 [REJECTED]
2025-11-30T11:02:37.467479 | TradingView | UNKNOWN UNKNOWN @ ₹0.00 [REJECTED]
2025-11-30T11:02:37.807396 | TradingView | UNKNOWN UNKNOWN @ ₹0.00 [REJECTED]
2025-11-30T11:02:38.151892 | TradingView | UNKNOWN UNKNOWN @ ₹0.00 [REJECTED]
2025-11-30T11:02:38.480444 | TradingView | UNKNOWN UNKNOWN @ ₹0.00 [REJECTED]
2025-11-30T11:02:38.720179 | TradingView | UNKNOWN UNKNOWN @ ₹0.00 [REJECTED]
2025-11-30T11:02:38.971818 | TradingView | UNKNOWN UNKNOWN @ ₹0.00 [REJECTED]
2025-11-30T11:02:39.320499 | TradingView | UNKNOWN UNKNOWN @ ₹0.00 [REJECTED]
2025-11-30T11:02:39.609950 | TradingView | UNKNOWN UNKNOWN @ ₹0.00 [REJECTED]
2025-11-30T11:02:39.731145 | TradingView | UNKNOWN UNKNOWN @ ₹0.00 [REJECTED]
2025-11-30T11:02:39.845781 | TradingView | UNKNOWN UNKNOWN @ ₹0.00 [REJECTED]
2025-11-30T11:02:40.092398 | TradingView | UNKNOWN UNKNOWN @ ₹0.00 [REJECTED]
2025-11-30T11:02:40.437602 | TradingView | UNKNOWN UNKNOWN @ ₹0.00 [REJECTED]
2025-11-30T11:02:40.622148 | TradingView | UNKNOWN UNKNOWN @ ₹0.00 [REJECTED]
2025-11-30T11:02:40.736358 | TradingView | UNKNOWN UNKNOWN @ ₹0.00 [REJECTED]
2025-11-30T11:02:40.892718 | TradingView | UNKNOWN UNKNOWN @ ₹0.00 [REJECTED]
2025-11-30T11:02:41.019715 | TradingView | UNKNOWN UNKNOWN @ ₹0.00 [REJECTED]
2025-11-30T11:02:41.358977 | TradingView | UNKNOWN UNKNOWN @ ₹0.00 [REJECTED]
2025-11-30T11:02:41.478234 | TradingView | UNKNOWN UNKNOWN @ ₹0.00 [REJECTED]
2025-11-30T11:02:41.577562 | TradingView | UNKNOWN UNKNOWN @ ₹0.00 [REJECTED]
2025-11-30T11:02:41.921225 | TradingView | UNKNOWN UNKNOWN @ ₹0.00 [REJECTED]
2025-11-30T11:02:42.068660 | TradingView | UNKNOWN UNKNOWN @ ₹0.00 [REJECTED]
2025-11-30T11:02:42.317048 | TradingView | UNKNOWN UNKNOWN @ ₹0.00 [REJECTED]
2025-11-30T11:02:42.428769 | TradingView | UNKNOWN UNKNOWN @ ₹0.00 [REJECTED]
2025-11-30T11:02:44.841547 | TradingView | UNKNOWN UNKNOWN @ ₹0.00 [REJECTED]
2025-11-30T11:02:44.843179 | TradingView | UNKNOWN UNKNOWN @ ₹0.00 [REJECTED]
2025-11-30T11:02:44.855283 | TradingView | UNKNOWN UNKNOWN @ ₹0.00 [REJECTED]
2025-11-30T11:02:44.857174 | TradingView | UNKNOWN UNKNOWN @ ₹0.00 [REJECTED]
2025-11-30T11:02:44.857833 | TradingView | UNKNOWN UNKNOWN @ ₹0.00 [REJECTED]
2025-11-30T11:02:44.862123 | TradingView | UNKNOWN UNKNOWN @ ₹0.00 [REJECTED]
2025-11-30T11:02:46.816255 | TradingView | UNKNOWN UNKNOWN @ ₹0.00 [REJECTED]
2025-11-30T11:02:46.975712 | TradingView | UNKNOWN UNKNOWN @ ₹0.00 [REJECTED]
2025-11-30T11:02:47.204143 | TradingView | UNKNOWN UNKNOWN @ ₹0.00 [REJECTED]
2025-11-30T11:02:47.486021 | TradingView | UNKNOWN UNKNOWN @ ₹0.00 [REJECTED]
2025-11-30T11:02:47.664513 | TradingView | UNKNOWN UNKNOWN @ ₹0.00 [REJECTED]
2025-11-30T11:02:47.839308 | TradingView | UNKNOWN UNKNOWN @ ₹0.00 [REJECTED]
2025-11-30T11:02:47.983817 | TradingView | UNKNOWN UNKNOWN @ ₹0.00 [REJECTED]
2025-11-30T11:02:48.255743 | TradingView | UNKNOWN UNKNOWN @ ₹0.00 [REJECTED]
2025-11-30T11:02:48.468076 | TradingView | UNKNOWN UNKNOWN @ ₹0.00 [REJECTED]
2025-11-30T11:02:48.793793 | TradingView | UNKNOWN UNKNOWN @ ₹0.00 [REJECTED]
2025-11-30T11:02:49.123047 | TradingView | UNKNOWN UNKNOWN @ ₹0.00 [REJECTED]
2025-11-30T11:02:49.302055 | TradingView | UNKNOWN UNKNOWN @ ₹0.00 [REJECTED]
2025-11-30T11:02:49.620399 | TradingView | UNKNOWN UNKNOWN @ ₹0.00 [REJECTED]
2025-11-30T11:02:49.914039 | TradingView | UNKNOWN UNKNOWN @ ₹0.00 [REJECTED]
2025-11-30T11:02:50.021342 | TradingView | UNKNOWN UNKNOWN @ ₹0.00 [REJECTED]
2025-11-30T11:02:50.358039 | TradingView | UNKNOWN UNKNOWN @ ₹0.00 [REJECTED]
2025-11-30T11:02:50.546736 | TradingView | UNKNOWN UNKNOWN @ ₹0.00 [REJECTED]
2025-11-30T11:02:50.893918 | TradingView | UNKNOWN UNKNOWN @ ₹0.00 [REJECTED]
2025-11-30T11:02:51.175477 | TradingView | UNKNOWN UNKNOWN @ ₹0.00 [REJECTED]
2025-11-30T11:02:51.518013 | TradingView | UNKNOWN UNKNOWN @ ₹0.00 [REJECTED]
2025-11-30T11:02:51.678313 | TradingView | UNKNOWN UNKNOWN @ ₹0.00 [REJECTED]
2025-11-30T11:02:51.884174 | TradingView | UNKNOWN UNKNOWN @ ₹0.00 [REJECTED]
2025-11-30T11:02:52.232579 | TradingView | UNKNOWN UNKNOWN @ ₹0.00 [REJECTED]
2025-11-30T11:02:52.357214 | TradingView | UNKNOWN UNKNOWN @ ₹0.00 [REJECTED]
2025-11-30T11:02:52.458968 | TradingView | UNKNOWN UNKNOWN @ ₹0.00 [REJECTED]
2025-11-30T11:02:52.602948 | TradingView | UNKNOWN UNKNOWN @ ₹0.00 [REJECTED]
2025-11-30T11:02:52.901384 | TradingView | UNKNOWN UNKNOWN @ ₹0.00 [REJECTED]
2025-11-30T11:02:53.242027 | TradingView | UNKNOWN UNKNOWN @ ₹0.00 [REJECTED]
2025-11-30T11:02:53.549585 | TradingView | UNKNOWN UNKNOWN @ ₹0.00 [REJECTED]
2025-11-30T11:02:53.739401 | TradingView | UNKNOWN UNKNOWN @ ₹0.00 [REJECTED]
2025-11-30T11:02:53.881000 | TradingView | UNKNOWN UNKNOWN @ ₹0.00 [REJECTED]
2025-11-30T11:02:54.154030 | TradingView | UNKNOWN UNKNOWN @ ₹0.00 [REJECTED]
2025-11-30T11:02:54.387311 | TradingView | UNKNOWN UNKNOWN @ ₹0.00 [REJECTED]
2025-11-30T11:02:54.702380 | TradingView | UNKNOWN UNKNOWN @ ₹0.00 [REJECTED]
2025-11-30T11:02:54.971622 | TradingView | UNKNOWN UNKNOWN @ ₹0.00 [REJECTED]
2025-11-30T11:02:55.130935 | TradingView | UNKNOWN UNKNOWN @ ₹0.00 [REJECTED]
2025-11-30T11:02:55.274199 | TradingView | UNKNOWN UNKNOWN @ ₹0.00 [REJECTED]
2025-11-30T11:02:55.438080 | TradingView | UNKNOWN UNKNOWN @ ₹0.00 [REJECTED]
2025-11-30T11:02:55.677881 | TradingView | UNKNOWN UNKNOWN @ ₹0.00 [REJECTED]
2025-11-30T11:02:55.782074 | TradingView | UNKNOWN UNKNOWN @ ₹0.00 [REJECTED]
2025-11-30T11:02:55.991157 | TradingView | UNKNOWN UNKNOWN @ ₹0.00 [REJECTED]
2025-11-30T11:02:56.196602 | TradingView | UNKNOWN UNKNOWN @ ₹0.00 [REJECTED]
2025-11-30T11:02:56.300764 | TradingView | UNKNOWN UNKNOWN @ ₹0.00 [REJECTED]
2025-11-30T11:02:56.620927 | TradingView | UNKNOWN UNKNOWN @ ₹0.00 [REJECTED]
2025-11-30T11:02:56.750407 | TradingView | UNKNOWN UNKNOWN @ ₹0.00 [REJECTED]
2025-11-30T11:02:56.852584 | TradingView | UNKNOWN UNKNOWN @ ₹0.00 [REJECTED]
2025-11-30T11:02:57.151906 | TradingView | UNKNOWN UNKNOWN @ ₹0.00 [REJECTED]
2025-11-30T11:02:57.409165 | TradingView | UNKNOWN UNKNOWN @ ₹0.00 [REJECTED]
2025-11-30T11:02:57.723237 | TradingView | UNKNOWN UNKNOWN @ ₹0.00 [REJECTED]
2025-11-30T11:02:58.042475 | TradingView | UNKNOWN UNKNOWN @ ₹0.00 [REJECTED]
2025-11-30T11:02:58.297215 | TradingView | UNKNOWN UNKNOWN @ ₹0.00 [REJECTED]
2025-11-30T11:02:58.568005 | TradingView | UNKNOWN UNKNOWN @ ₹0.00 [REJECTED]
2025-11-30T11:02:58.724439 | TradingView | UNKNOWN UNKNOWN @ ₹0.00 [REJECTED]
2025-11-30T11:02:59.001948 | TradingView | UNKNOWN UNKNOWN @ ₹0.00 [REJECTED]
2025-11-30T11:02:59.338403 | TradingView | UNKNOWN UNKNOWN @ ₹0.00 [REJECTED]
2025-11-30T11:02:59.665866 | TradingView | UNKNOWN UNKNOWN @ ₹0.00 [REJECTED]
2025-11-30T11:02:59.981302 | TradingView | UNKNOWN UNKNOWN @ ₹0.00 [REJECTED]
2025-11-30T11:03:00.206607 | TradingView | UNKNOWN UNKNOWN @ ₹0.00 [REJECTED]
2025-11-30T11:03:00.418985 | TradingView | UNKNOWN UNKNOWN @ ₹0.00 [REJECTED]
2025-11-30T11:03:00.563906 | TradingView | UNKNOWN UNKNOWN @ ₹0.00 [REJECTED]
2025-11-30T11:03:00.669591 | TradingView | UNKNOWN UNKNOWN @ ₹0.00 [REJECTED]
2025-11-30T11:03:00.880187 | TradingView | UNKNOWN UNKNOWN @ ₹0.00 [REJECTED]
2025-11-30T11:03:01.132382 | TradingView | UNKNOWN UNKNOWN @ ₹0.00 [REJECTED]
2025-11-30T11:03:01.426348 | TradingView | UNKNOWN UNKNOWN @ ₹0.00 [REJECTED]
2025-11-30T11:03:01.654128 | TradingView | UNKNOWN UNKNOWN @ ₹0.00 [REJECTED]
2025-11-30T11:03:01.899222 | TradingView | UNKNOWN UNKNOWN @ ₹0.00 [REJECTED]
2025-11-30T11:03:02.139486 | TradingView | UNKNOWN UNKNOWN @ ₹0.00 [REJECTED]
2025-11-30T11:03:02.485515 | TradingView | UNKNOWN UNKNOWN @ ₹0.00 [REJECTED]
2025-11-30T11:03:02.717756 | TradingView | UNKNOWN UNKNOWN @ ₹0.00 [REJECTED]
2025-11-30T11:03:02.942249 | TradingView | UNKNOWN UNKNOWN @ ₹0.00 [REJECTED]
2025-11-30T11:03:03.431778 | TradingView | BUY HDFC-EQ @ ₹1111.93
2025-11-30T11:03:03.441312 | TradingView | BUY KOTAKBANK-EQ @ ₹164.49
2025-11-30T11:03:03.443300 | TradingView | BUY HDFCBANK-EQ @ ₹726.28
2025-11-30T11:03:03.447507 | TradingView | BUY BAJFINANCE-EQ @ ₹127.93
2025-11-30T11:03:03.447885 | TradingView | BUY INFY-EQ @ ₹1849.01
2025-11-30T11:03:03.452327 | TradingView | BUY TITAN-EQ @ ₹415.40
2025-11-30T11:03:05.417481 | TradingView | SELL RELIANCE-EQ @ ₹1226.91
2025-11-30T11:03:05.683622 | TradingView | BUY LT-EQ @ ₹1858.80
2025-11-30T11:03:05.972298 | TradingView | SELL RELIANCE-EQ @ ₹1227.94
2025-11-30T11:03:06.214899 | TradingView | BUY M&M-EQ @ ₹1662.44
2025-11-30T11:03:06.537751 | TradingView | SELL M&M-EQ @ ₹1652.38
2025-11-30T11:03:06.758322 | TradingView | BUY MARUTI-EQ @ ₹2434.67
2025-11-30T11:03:06.886604 | TradingView | SELL ULTRACEMCO-EQ @ ₹710.44
2025-11-30T11:03:07.045850 | TradingView | BUY ULTRACEMCO-EQ @ ₹715.59
2025-11-30T11:03:07.278703 | TradingView | BUY NESTLEIND-EQ @ ₹457.64
2025-11-30T11:03:07.617959 | TradingView | SELL ITC-EQ @ ₹1296.10
2025-11-30T11:03:07.781180 | TradingView | SELL ITC-EQ @ ₹1295.77
2025-11-30T11:03:07.966534 | TradingView | SELL LT-EQ @ ₹1846.72
2025-11-30T11:03:08.202221 | TradingView | BUY M&M-EQ @ ₹1662.59
2025-11-30T11:03:08.441116 | TradingView | BUY M&M-EQ @ ₹1663.16
2025-11-30T11:03:08.556079 | TradingView | SELL MARUTI-EQ @ ₹2420.36
2025-11-30T11:03:08.751714 | TradingView | SELL MARUTI-EQ @ ₹2419.64
2025-11-30T11:03:08.901021 | TradingView | BUY LT-EQ @ ₹1858.69
2025-11-30T11:03:09.079402 | TradingView | BUY ULTRACEMCO-EQ @ ₹714.82
2025-11-30T11:03:09.215209 | TradingView | BUY LT-EQ @ ₹1859.17
2025-11-30T11:03:09.562424 | TradingView | BUY ULTRACEMCO-EQ @ ₹715.71
2025-11-30T11:03:09.753044 | TradingView | SELL ITC-EQ @ ₹1295.47
2025-11-30T11:03:09.964720 | TradingView | SELL ULTRACEMCO-EQ @ ₹710.06
2025-11-30T11:03:10.133570 | TradingView | BUY HDFCBANK-EQ @ ₹726.95
2025-11-30T11:03:10.478140 | TradingView | BUY ITC-EQ @ ₹1303.89
2025-11-30T11:03:10.736191 | TradingView | SELL KOTAKBANK-EQ @ ₹162.79
2025-11-30T11:03:11.081103 | TradingView | SELL LT-EQ @ ₹1847.42
2025-11-30T11:03:11.284543 | TradingView | SELL ICICIBANK-EQ @ ₹2119.03
2025-11-30T11:03:11.567207 | TradingView | BUY ICICIBANK-EQ @ ₹2130.91
2025-11-30T11:03:11.909739 | TradingView | SELL NESTLEIND-EQ @ ₹454.34
2025-11-30T11:03:12.085781 | TradingView | SELL RELIANCE-EQ @ ₹1227.49
2025-11-30T11:03:12.277350 | TradingView | BUY NESTLEIND-EQ @ ₹457.68
2025-11-30T11:03:12.393798 | TradingView | SELL NESTLEIND-EQ @ ₹454.39
2025-11-30T11:03:12.710327 | TradingView | BUY KOTAKBANK-EQ @ ₹165.08
2025-11-30T11:03:12.977740 | TradingView | SELL HDFCBANK-EQ @ ₹722.29
2025-11-30T11:03:13.225421 | TradingView | SELL LT-EQ @ ₹1847.70
2025-11-30T11:03:13.386836 | TradingView | BUY ULTRACEMCO-EQ @ ₹714.76
2025-11-30T11:03:13.698257 | TradingView | SELL AXISBANK-EQ @ ₹1849.13
2025-11-30T11:03:13.963628 | TradingView | BUY NESTLEIND-EQ @ ₹457.09
2025-11-30T11:03:14.088848 | TradingView | BUY KOTAKBANK-EQ @ ₹164.61
2025-11-30T11:03:14.206855 | TradingView | BUY BAJFINANCE-EQ @ ₹127.66
2025-11-30T11:03:14.426781 | TradingView | BUY NESTLEIND-EQ @ ₹457.22
2025-11-30T11:03:14.647245 | TradingView | SELL MARUTI-EQ @ ₹2418.86
2025-11-30T11:03:14.850590 | TradingView | BUY NESTLEIND-EQ @ ₹456.88
2025-11-30T11:03:15.008422 | TradingView | SELL M&M-EQ @ ₹1653.09
2025-11-30T11:03:15.294465 | TradingView | BUY KOTAKBANK-EQ @ ₹165.15
2025-11-30T11:03:15.403118 | TradingView | BUY ICICIBANK-EQ @ ₹2131.95
2025-11-30T11:03:15.567763 | TradingView | BUY NESTLEIND-EQ @ ₹457.94
2025-11-30T11:03:15.822354 | TradingView | BUY LT-EQ @ ₹1859.08
2025-11-30T11:03:15.957047 | TradingView | BUY LT-EQ @ ₹1857.80
2025-11-30T11:03:16.216127 | TradingView | BUY M&M-EQ @ ₹1662.15
2025-11-30T11:03:16.404454 | TradingView | SELL HDFCBANK-EQ @ ₹723.18
2025-11-30T11:03:16.567200 | TradingView | SELL ITC-EQ @ ₹1295.30
2025-11-30T11:03:16.861867 | TradingView | BUY BAJFINANCE-EQ @ ₹127.27
2025-11-30T11:03:16.968741 | TradingView | BUY RELIANCE-EQ @ ₹1235.15
2025-11-30T11:03:17.248482 | TradingView | SELL M&M-EQ @ ₹1652.96
2025-11-30T11:03:17.435324 | TradingView | SELL RELIANCE-EQ @ ₹1226.68
2025-11-30T11:03:17.705505 | TradingView | BUY KOTAKBANK-EQ @ ₹164.87
2025-11-30T11:03:18.009719 | TradingView | SELL AXISBANK-EQ @ ₹1849.14
2025-11-30T11:03:18.202132 | TradingView | SELL AXISBANK-EQ @ ₹1849.37
2025-11-30T11:03:18.455052 | TradingView | BUY ICICIBANK-EQ @ ₹2131.04
2025-11-30T11:03:18.656618 | TradingView | BUY RELIANCE-EQ @ ₹1234.10
2025-11-30T11:03:19.004809 | TradingView | BUY MARUTI-EQ @ ₹2434.29
2025-11-30T11:03:19.278331 | TradingView | SELL BAJFINANCE-EQ @ ₹127.85
2025-11-30T11:03:19.425953 | TradingView | SELL ULTRACEMCO-EQ @ ₹710.32
2025-11-30T11:03:19.687321 | TradingView | SELL ICICIBANK-EQ @ ₹2118.37
2025-11-30T11:03:19.975323 | TradingView | BUY ICICIBANK-EQ @ ₹2131.51
2025-11-30T11:03:20.210714 | TradingView | BUY RELIANCE-EQ @ ₹1234.87
2025-11-30T11:03:20.528243 | TradingView | BUY NESTLEIND-EQ @ ₹457.26
2025-11-30T11:03:20.677627 | TradingView | BUY TCS-EQ @ ₹464.20
2025-11-30T11:03:20.869149 | TradingView | BUY SUNPHARMA-EQ @ ₹2287.76
2025-11-30T11:03:21.190865 | TradingView | BUY BAJFINANCE-EQ @ ₹128.09
2025-11-30T11:03:21.438819 | TradingView | SELL AXISBANK-EQ @ ₹1849.97
2025-11-30T11:03:21.760782 | TradingView | BUY HDFC-EQ @ ₹1111.34
2025-11-30T11:03:22.087529 | TradingView | SELL TITAN-EQ @ ₹412.10
2025-11-30T11:03:22.302467 | TradingView | BUY NESTLEIND-EQ @ ₹456.75
2025-11-30T11:03:22.604502 | TradingView | BUY TITAN-EQ @ ₹414.71
2025-11-30T11:03:22.930464 | TradingView | BUY BAJFINANCE-EQ @ ₹128.78
2025-11-30T11:03:23.146116 | TradingView | BUY BAJFINANCE-EQ @ ₹127.57
2025-11-30T11:03:23.321229 | TradingView | BUY BAJFINANCE-EQ @ ₹128.75
2025-11-30T11:03:23.668793 | TradingView | SELL AXISBANK-EQ @ ₹1850.19
2025-11-30T11:03:23.892953 | TradingView | SELL HDFC-EQ @ ₹1104.83
2025-11-30T11:03:24.189776 | TradingView | BUY NESTLEIND-EQ @ ₹457.84
2025-11-30T11:03:24.463936 | TradingView | SELL AXISBANK-EQ @ ₹1850.01
2025-11-30T11:03:24.739348 | TradingView | BUY HDFC-EQ @ ₹1110.67
2025-11-30T11:03:25.014560 | TradingView | SELL M&M-EQ @ ₹1653.31
2025-11-30T11:03:25.179726 | TradingView | BUY TITAN-EQ @ ₹415.81
2025-11-30T11:03:25.319620 | TradingView | SELL AXISBANK-EQ @ ₹1850.07
2025-11-30T11:03:25.645220 | TradingView | BUY BAJFINANCE-EQ @ ₹128.56
2025-11-30T11:03:25.846800 | TradingView | SELL NESTLEIND-EQ @ ₹454.49
2025-11-30T11:03:26.060382 | TradingView | BUY NESTLEIND-EQ @ ₹458.16
2025-11-30T11:03:26.336618 | TradingView | SELL BAJFINANCE-EQ @ ₹126.96
2025-11-30T11:03:26.453427 | TradingView | SELL BAJFINANCE-EQ @ ₹127.58
2025-11-30T11:03:26.659006 | TradingView | SELL SUNPHARMA-EQ @ ₹2273.98
2025-11-30T11:03:26.816641 | TradingView | SELL SUNPHARMA-EQ @ ₹2273.18
2025-11-30T11:03:27.128311 | TradingView | SELL SUNPHARMA-EQ @ ₹2273.42
2025-11-30T11:03:27.472037 | TradingView | SELL M&M-EQ @ ₹1652.53
2025-11-30T11:03:27.796757 | TradingView | SELL HDFC-EQ @ ₹1104.40
2025-11-30T11:03:27.955580 | TradingView | BUY AXISBANK-EQ @ ₹1860.63
2025-11-30T11:03:28.281101 | TradingView | SELL TITAN-EQ @ ₹413.36
2025-11-30T11:03:28.383753 | TradingView | SELL HDFC-EQ @ ₹1104.73
2025-11-30T11:03:28.622363 | TradingView | SELL BAJFINANCE-EQ @ ₹126.79
2025-11-30T11:03:28.769270 | TradingView | BUY M&M-EQ @ ₹1662.04
2025-11-30T11:03:29.063990 | TradingView | BUY M&M-EQ @ ₹1663.01
2025-11-30T11:03:29.272871 | TradingView | BUY SUNPHARMA-EQ @ ₹2287.13
2025-11-30T11:03:29.429519 | TradingView | BUY M&M-EQ @ ₹1662.89
2025-11-30T11:03:29.625092 | TradingView | BUY SUNPHARMA-EQ @ ₹2288.19
2025-11-30T11:03:29.859049 | TradingView | BUY HDFC-EQ @ ₹1111.29
2025-11-30T11:03:29.993556 | TradingView | SELL NESTLEIND-EQ @ ₹454.42
2025-11-30T11:03:30.298689 | TradingView | BUY BAJFINANCE-EQ @ ₹128.77
2025-11-30T11:03:30.608344 | TradingView | BUY BAJFINANCE-EQ @ ₹128.33
2025-11-30T11:03:30.929211 | TradingView | BUY HDFC-EQ @ ₹1110.91
2025-11-30T11:03:31.047806 | TradingView | BUY TITAN-EQ @ ₹414.49
2025-11-30T11:03:31.324398 | TradingView | BUY SUNPHARMA-EQ @ ₹2287.97
2025-11-30T11:03:31.593709 | TradingView | SELL BAJFINANCE-EQ @ ₹127.11
2025-11-30T11:03:31.714969 | TradingView | BUY AXISBANK-EQ @ ₹1861.28
2025-11-30T11:03:31.893631 | TradingView | BUY HDFC-EQ @ ₹1110.67
2025-11-30T11:03:32.235030 | TradingView | BUY TITAN-EQ @ ₹415.44
2025-11-30T11:03:32.576539 | TradingView | BUY LT-EQ @ ₹1859.02
2025-11-30T11:03:32.828513 | TradingView | BUY INFY-EQ @ ₹1848.46
2025-11-30T11:03:32.928246 | TradingView | SELL AXISBANK-EQ @ ₹1849.71
2025-11-30T11:03:33.152997 | TradingView | BUY LT-EQ @ ₹1858.90
2025-11-30T11:03:33.332938 | TradingView | SELL RELIANCE-EQ @ ₹1227.21
2025-11-30T11:03:33.546918 | TradingView | SELL ICICIBANK-EQ @ ₹2118.35
2025-11-30T11:03:33.858664 | TradingView | BUY ICICIBANK-EQ @ ₹2130.42
2025-11-30T11:03:34.159616 | TradingView | BUY ICICIBANK-EQ @ ₹2130.50
2025-11-30T11:03:34.431952 | TradingView | BUY HDFCBANK-EQ @ ₹727.48
2025-11-30T11:03:34.738266 | TradingView | SELL AXISBANK-EQ @ ₹1848.87
2025-11-30T11:03:34.948561 | TradingView | BUY ICICIBANK-EQ @ ₹2130.48
2025-11-30T11:03:35.053528 | TradingView | BUY AXISBANK-EQ @ ₹1860.26
2025-11-30T11:03:35.365976 | TradingView | SELL ONGC-EQ @ ₹1290.84
2025-11-30T11:03:35.551967 | TradingView | BUY INFY-EQ @ ₹1847.86
2025-11-30T11:03:35.803280 | TradingView | BUY RELIANCE-EQ @ ₹1234.20
2025-11-30T11:03:35.937413 | TradingView | BUY LT-EQ @ ₹1858.49
2025-11-30T11:03:36.034827 | TradingView | BUY HDFCBANK-EQ @ ₹726.43
2025-11-30T11:03:36.182637 | TradingView | BUY ICICIBANK-EQ @ ₹2130.68
2025-11-30T11:03:36.391886 | TradingView | BUY AXISBANK-EQ @ ₹1861.12
2025-11-30T11:03:36.711623 | TradingView | SELL ONGC-EQ @ ₹1290.33
2025-11-30T11:03:36.829226 | TradingView | BUY LT-EQ @ ₹1858.18
2025-11-30T11:03:37.028242 | TradingView | BUY LT-EQ @ ₹1858.33
2025-11-30T11:03:37.346345 | TradingView | SELL AXISBANK-EQ @ ₹1849.75
2025-11-30T11:03:37.556941 | TradingView | BUY ULTRACEMCO-EQ @ ₹715.23
2025-11-30T11:03:37.721551 | TradingView | BUY HDFCBANK-EQ @ ₹726.29
2025-11-30T11:03:37.881274 | TradingView | BUY ICICIBANK-EQ @ ₹2131.87
2025-11-30T11:03:38.012934 | TradingView | BUY INFY-EQ @ ₹1848.51
2025-11-30T11:03:38.160988 | TradingView | BUY ULTRACEMCO-EQ @ ₹714.89
2025-11-30T11:03:38.359313 | TradingView | BUY AXISBANK-EQ @ ₹1860.29
2025-11-30T11:03:38.606613 | TradingView | BUY ONGC-EQ @ ₹1298.74
2025-11-30T11:03:38.922860 | TradingView | BUY INFY-EQ @ ₹1847.95
2025-11-30T11:03:39.220473 | TradingView | SELL LT-EQ @ ₹1847.35
2025-11-30T11:03:39.400786 | TradingView | BUY ITC-EQ @ ₹1304.35
2025-11-30T11:03:39.687307 | TradingView | SELL LT-EQ @ ₹1847.63
2025-11-30T11:03:39.864175 | TradingView | BUY ONGC-EQ @ ₹1299.06
2025-11-30T11:03:39.990240 | TradingView | SELL ONGC-EQ @ ₹1291.50
2025-11-30T11:03:40.271883 | TradingView | SELL HDFCBANK-EQ @ ₹722.12
2025-11-30T11:03:40.553171 | TradingView | SELL ONGC-EQ @ ₹1290.28
2025-11-30T11:03:40.711409 | TradingView | BUY LT-EQ @ ₹1857.91
2025-11-30T11:03:40.946083 | TradingView | BUY ITC-EQ @ ₹1303.36
2025-11-30T11:03:41.085514 | TradingView | SELL ULTRACEMCO-EQ @ ₹711.42
2025-11-30T11:03:41.252736 | TradingView | BUY HDFCBANK-EQ @ ₹726.83
2025-11-30T11:03:41.556187 | TradingView | BUY ONGC-EQ @ ₹1298.12
2025-11-30T11:03:41.672235 | TradingView | SELL KOTAKBANK-EQ @ ₹163.99
2025-11-30T11:03:42.006915 | TradingView | BUY HDFCBANK-EQ @ ₹726.44
2025-11-30T11:03:42.310389 | TradingView | BUY ICICIBANK-EQ @ ₹2131.54
2025-11-30T11:03:42.479360 | TradingView | BUY LT-EQ @ ₹1858.71
2025-11-30T11:03:42.782862 | TradingView | SELL ONGC-EQ @ ₹1290.30
2025-11-30T11:03:42.972046 | TradingView | BUY ULTRACEMCO-EQ @ ₹714.55
2025-11-30T11:03:43.094051 | TradingView | SELL AXISBANK-EQ @ ₹1850.05
2025-11-30T11:03:43.197513 | TradingView | BUY RELIANCE-EQ @ ₹1235.36
2025-11-30T11:03:43.512104 | TradingView | SELL ONGC-EQ @ ₹1291.77
2025-11-30T11:03:43.779008 | TradingView | SELL ITC-EQ @ ₹1295.61
2025-11-30T11:03:44.042055 | TradingView | BUY HDFCBANK-EQ @ ₹726.64
2025-11-30T11:03:44.144942 | TradingView | BUY ULTRACEMCO-EQ @ ₹715.42
2025-11-30T11:03:44.272950 | TradingView | SELL LT-EQ @ ₹1848.10
2025-11-30T11:03:44.399813 | TradingView | BUY KOTAKBANK-EQ @ ₹164.04
2025-11-30T11:03:44.689621 | TradingView | SELL ONGC-EQ @ ₹1290.93
2025-11-30T11:03:45.016960 | TradingView | BUY INFY-EQ @ ₹1848.40
2025-11-30T11:03:45.118202 | TradingView | BUY HDFCBANK-EQ @ ₹726.27
2025-11-30T11:03:45.305555 | TradingView | SELL ICICIBANK-EQ @ ₹2117.94
2025-11-30T11:03:45.493555 | TradingView | SELL LT-EQ @ ₹1847.79
2025-11-30T11:03:45.700092 | TradingView | BUY KOTAKBANK-EQ @ ₹164.10
2025-11-30T11:03:45.857845 | TradingView | SELL RELIANCE-EQ @ ₹1226.52
2025-11-30T11:03:46.025030 | TradingView | BUY AXISBANK-EQ @ ₹1859.79
2025-11-30T11:03:46.287118 | TradingView | BUY ITC-EQ @ ₹1304.36
2025-11-30T11:03:46.587557 | TradingView | SELL ONGC-EQ @ ₹1291.56
2025-11-30T11:03:46.880556 | TradingView | BUY ONGC-EQ @ ₹1298.37
2025-11-30T11:03:47.094725 | TradingView | SELL RELIANCE-EQ @ ₹1227.26
2025-11-30T11:03:47.382736 | TradingView | BUY LT-EQ @ ₹1858.41
2025-11-30T11:03:47.675880 | TradingView | SELL ITC-EQ @ ₹1310.80
2025-11-30T11:03:47.683615 | TradingView | SELL TITAN-EQ @ ₹417.89
2025-11-30T11:03:47.684270 | TradingView | SELL ULTRACEMCO-EQ @ ₹719.97
2025-11-30T11:03:47.686924 | TradingView | SELL ONGC-EQ @ ₹1306.95
2025-11-30T11:03:47.688860 | TradingView | SELL SBIN-EQ @ ₹685.41
2025-11-30T11:03:47.689456 | TradingView | SELL AXISBANK-EQ @ ₹1872.22
2025-11-30T11:03:47.728014 | TradingView | SELL NESTLEIND-EQ @ ₹461.02
2025-11-30T11:03:47.741135 | TradingView | SELL BAJFINANCE-EQ @ ₹128.91
2025-11-30T11:03:47.741791 | TradingView | SELL MARUTI-EQ @ ₹2448.38
2025-11-30T11:03:47.744823 | TradingView | SELL TCS-EQ @ ₹466.03
2025-11-30T11:09:42.247682 | TradingView | BUY ITC-EQ @ ₹773.43
2025-11-30T11:09:42.249850 | TradingView | BUY ICICIBANK-EQ @ ₹2039.51
2025-11-30T11:09:42.254488 | TradingView | BUY SBIN-EQ @ ₹2223.57
2025-11-30T11:09:42.255347 | TradingView | BUY BAJFINANCE-EQ @ ₹1703.58
2025-11-30T11:09:42.256318 | TradingView | BUY KOTAKBANK-EQ @ ₹151.41
2025-11-30T11:09:42.256419 | TradingView | BUY MARUTI-EQ @ ₹854.02
2025-11-30T11:09:44.238062 | TradingView | BUY BAJFINANCE-EQ @ ₹1704.07
2025-11-30T11:09:44.525321 | TradingView | BUY TITAN-EQ @ ₹968.79
2025-11-30T11:09:44.820821 | TradingView | BUY ITC-EQ @ ₹773.47
2025-11-30T11:09:45.121265 | TradingView | UNKNOWN UNKNOWN @ ₹0.00 [REJECTED]
2025-11-30T11:09:45.377017 | TradingView | UNKNOWN UNKNOWN @ ₹0.00 [REJECTED]
2025-11-30T11:09:45.501454 | TradingView | UNKNOWN UNKNOWN @ ₹0.00 [REJECTED]
2025-11-30T11:09:45.686877 | TradingView | UNKNOWN UNKNOWN @ ₹0.00 [REJECTED]
2025-11-30T11:09:45.871327 | TradingView | UNKNOWN UNKNOWN @ ₹0.00 [REJECTED]
2025-11-30T11:09:46.036450 | TradingView | BUY BAJFINANCE-EQ @ ₹1703.72
2025-11-30T11:09:46.364988 | TradingView | UNKNOWN UNKNOWN @ ₹0.00 [REJECTED]
2025-11-30T11:09:46.656353 | TradingView | BUY NTPC-EQ @ ₹695.14
2025-11-30T11:09:46.965494 | TradingView | UNKNOWN UNKNOWN @ ₹0.00 [REJECTED]
2025-11-30T11:09:47.064560 | TradingView | BUY M&M-EQ @ ₹1872.63
2025-11-30T11:09:47.371334 | TradingView | BUY ITC-EQ @ ₹773.07
2025-11-30T11:09:47.534371 | TradingView | UNKNOWN UNKNOWN @ ₹0.00 [REJECTED]
2025-11-30T11:09:47.748554 | TradingView | BUY INFY-EQ @ ₹2333.26
2025-11-30T11:09:47.899572 | TradingView | UNKNOWN UNKNOWN @ ₹0.00 [REJECTED]
2025-11-30T11:09:48.030794 | TradingView | BUY AXISBANK-EQ @ ₹1574.41
2025-11-30T11:09:48.185494 | TradingView | BUY INFY-EQ @ ₹2334.08
2025-11-30T11:09:48.352604 | TradingView | BUY AXISBANK-EQ @ ₹1574.02
2025-11-30T11:09:48.602972 | TradingView | BUY HDFC-EQ @ ₹423.72
2025-11-30T11:09:48.829523 | TradingView | UNKNOWN UNKNOWN @ ₹0.00 [REJECTED]
2025-11-30T11:09:49.059076 | TradingView | BUY TCS-EQ @ ₹376.18
2025-11-30T11:09:49.250531 | TradingView | BUY ONGC-EQ @ ₹1195.60
2025-11-30T11:09:49.397725 | TradingView | BUY TITAN-EQ @ ₹967.61
2025-11-30T11:09:49.541856 | TradingView | BUY ITC-EQ @ ₹772.12
2025-11-30T11:09:49.827881 | TradingView | BUY ONGC-EQ @ ₹1196.27
2025-11-30T11:09:50.049637 | TradingView | BUY TCS-EQ @ ₹377.50
2025-11-30T11:09:50.260479 | TradingView | UNKNOWN UNKNOWN @ ₹0.00 [REJECTED]
2025-11-30T11:09:50.390933 | TradingView | UNKNOWN UNKNOWN @ ₹0.00 [REJECTED]
2025-11-30T11:09:50.685559 | TradingView | UNKNOWN UNKNOWN @ ₹0.00 [REJECTED]
2025-11-30T11:09:50.818926 | TradingView | BUY NTPC-EQ @ ₹695.34
2025-11-30T11:09:50.988596 | TradingView | BUY LT-EQ @ ₹492.00
2025-11-30T11:09:51.170126 | TradingView | BUY RELIANCE-EQ @ ₹1079.43
2025-11-30T11:09:51.401627 | TradingView | BUY M&M-EQ @ ₹1872.56
2025-11-30T11:09:51.529128 | TradingView | BUY ITC-EQ @ ₹772.04
2025-11-30T11:09:51.845139 | TradingView | BUY LT-EQ @ ₹491.76
2025-11-30T11:09:52.110163 | TradingView | BUY LT-EQ @ ₹491.99
2025-11-30T11:09:52.219065 | TradingView | BUY ONGC-EQ @ ₹1196.93
2025-11-30T11:09:52.402294 | TradingView | BUY NTPC-EQ @ ₹695.41
2025-11-30T11:09:52.711484 | TradingView | BUY AXISBANK-EQ @ ₹1575.42
2025-11-30T11:09:52.911070 | TradingView | BUY ITC-EQ @ ₹772.45
2025-11-30T11:09:53.226173 | TradingView | BUY NTPC-EQ @ ₹694.65
2025-11-30T11:09:53.441631 | TradingView | UNKNOWN UNKNOWN @ ₹0.00 [REJECTED]
2025-11-30T11:09:53.781593 | TradingView | UNKNOWN UNKNOWN @ ₹0.00 [REJECTED]
2025-11-30T11:09:54.083949 | TradingView | BUY HDFC-EQ @ ₹423.29
2025-11-30T11:09:54.370197 | TradingView | BUY BAJFINANCE-EQ @ ₹1703.70
2025-11-30T11:09:54.478417 | TradingView | BUY M&M-EQ @ ₹1871.88
2025-11-30T11:09:54.737503 | TradingView | BUY M&M-EQ @ ₹1871.28
2025-11-30T11:09:54.856782 | TradingView | BUY TITAN-EQ @ ₹968.46
2025-11-30T11:09:55.189638 | TradingView | BUY HDFC-EQ @ ₹423.00
2025-11-30T11:09:55.403222 | TradingView | BUY M&M-EQ @ ₹1872.45
2025-11-30T11:09:55.631465 | TradingView | UNKNOWN UNKNOWN @ ₹0.00 [REJECTED]
2025-11-30T11:09:55.928313 | TradingView | UNKNOWN UNKNOWN @ ₹0.00 [REJECTED]
2025-11-30T11:09:56.214883 | TradingView | BUY ITC-EQ @ ₹773.55
2025-11-30T11:09:56.514233 | TradingView | BUY HDFC-EQ @ ₹423.26
2025-11-30T11:09:56.634171 | TradingView | BUY M&M-EQ @ ₹1871.35
2025-11-30T11:09:56.939381 | TradingView | UNKNOWN UNKNOWN @ ₹0.00 [REJECTED]
2025-11-30T11:09:57.092189 | TradingView | BUY TCS-EQ @ ₹377.50
2025-11-30T11:09:57.346333 | TradingView | UNKNOWN UNKNOWN @ ₹0.00 [REJECTED]
2025-11-30T11:09:57.587361 | TradingView | BUY TCS-EQ @ ₹377.41
2025-11-30T11:09:57.850286 | TradingView | UNKNOWN UNKNOWN @ ₹0.00 [REJECTED]
2025-11-30T11:09:58.088425 | TradingView | BUY BAJFINANCE-EQ @ ₹1703.11
2025-11-30T11:09:58.190879 | TradingView | BUY NTPC-EQ @ ₹695.55
2025-11-30T11:09:58.403633 | TradingView | UNKNOWN UNKNOWN @ ₹0.00 [REJECTED]
2025-11-30T11:09:58.614819 | TradingView | UNKNOWN UNKNOWN @ ₹0.00 [REJECTED]
2025-11-30T11:09:58.920944 | TradingView | BUY BAJFINANCE-EQ @ ₹1703.69
2025-11-30T11:09:59.102099 | TradingView | UNKNOWN UNKNOWN @ ₹0.00 [REJECTED]
2025-11-30T11:09:59.322297 | TradingView | BUY RELIANCE-EQ @ ₹1080.14
2025-11-30T11:09:59.627847 | TradingView | BUY BAJFINANCE-EQ @ ₹1703.76
2025-11-30T11:09:59.741441 | TradingView | SELL TCS-EQ @ ₹374.71
2025-11-30T11:10:00.000873 | TradingView | BUY ICICIBANK-EQ @ ₹2038.74
2025-11-30T11:10:00.324568 | TradingView | BUY ICICIBANK-EQ @ ₹2039.71
2025-11-30T11:10:00.425331 | TradingView | UNKNOWN UNKNOWN @ ₹0.00 [REJECTED]
2025-11-30T11:10:00.571815 | TradingView | BUY BAJFINANCE-EQ @ ₹1702.92
2025-11-30T11:10:00.910456 | TradingView | BUY AXISBANK-EQ @ ₹1574.60
2025-11-30T11:10:01.094119 | TradingView | BUY BAJFINANCE-EQ @ ₹1703.49
2025-11-30T11:10:01.384196 | TradingView | UNKNOWN UNKNOWN @ ₹0.00 [REJECTED]
2025-11-30T11:10:01.595081 | TradingView | BUY ICICIBANK-EQ @ ₹2039.50
2025-11-30T11:10:01.849565 | TradingView | BUY ITC-EQ @ ₹772.03
2025-11-30T11:10:02.172121 | TradingView | BUY AXISBANK-EQ @ ₹1575.44
2025-11-30T11:10:02.430344 | TradingView | UNKNOWN UNKNOWN @ ₹0.00 [REJECTED]
2025-11-30T11:10:02.587018 | TradingView | BUY ITC-EQ @ ₹772.67
2025-11-30T11:10:02.847972 | TradingView | BUY BAJFINANCE-EQ @ ₹1704.04
2025-11-30T11:10:03.088095 | TradingView | BUY ONGC-EQ @ ₹1195.62
2025-11-30T11:10:03.385187 | TradingView | BUY ITC-EQ @ ₹772.09
2025-11-30T11:10:03.646252 | TradingView | BUY ITC-EQ @ ₹772.54
2025-11-30T11:10:03.918320 | TradingView | BUY BAJFINANCE-EQ @ ₹1704.24
2025-11-30T11:10:04.216090 | TradingView | BUY ITC-EQ @ ₹773.07
2025-11-30T11:10:04.367198 | TradingView | BUY RELIANCE-EQ @ ₹1079.63
2025-11-30T11:10:04.678678 | TradingView | BUY ONGC-EQ @ ₹1195.70
2025-11-30T11:10:05.015901 | TradingView | BUY AXISBANK-EQ @ ₹1575.10
2025-11-30T11:10:05.271485 | TradingView | UNKNOWN UNKNOWN @ ₹0.00 [REJECTED]
2025-11-30T11:10:05.546507 | TradingView | BUY AXISBANK-EQ @ ₹1575.38
2025-11-30T11:10:05.891887 | TradingView | UNKNOWN UNKNOWN @ ₹0.00 [REJECTED]
2025-11-30T11:10:06.208584 | TradingView | BUY AXISBANK-EQ @ ₹1574.01
2025-11-30T11:10:06.365131 | TradingView | BUY ONGC-EQ @ ₹1196.25
2025-11-30T11:10:06.622409 | TradingView | BUY AXISBANK-EQ @ ₹1575.15
2025-11-30T11:10:06.742099 | TradingView | UNKNOWN UNKNOWN @ ₹0.00 [REJECTED]
2025-11-30T11:12:04.122078 | TradingView | BUY BHARTIARTL-EQ @ ₹1055.42
2025-11-30T11:12:04.132866 | TradingView | BUY ONGC-EQ @ ₹1194.29
2025-11-30T11:12:04.133224 | TradingView | BUY NTPC-EQ @ ₹137.93
2025-11-30T11:12:04.134112 | TradingView | BUY ULTRACEMCO-EQ @ ₹810.42
2025-11-30T11:12:04.135036 | TradingView | BUY LT-EQ @ ₹1045.15
2025-11-30T11:12:04.136138 | TradingView | BUY INFY-EQ @ ₹2366.31
2025-11-30T11:12:06.098399 | TradingView | UNKNOWN UNKNOWN @ ₹0.00 [REJECTED]
2025-11-30T11:12:06.430812 | TradingView | BUY M&M-EQ @ ₹338.29
2025-11-30T11:12:06.757393 | TradingView | BUY ADANIENT-EQ @ ₹1420.67
2025-11-30T11:12:07.001957 | TradingView | BUY ADANIPORTS-EQ @ ₹1913.91
2025-11-30T11:12:07.177469 | TradingView | UNKNOWN UNKNOWN @ ₹0.00 [REJECTED]
2025-11-30T11:12:07.504914 | TradingView | BUY AXISBANK-EQ @ ₹1385.81
2025-11-30T11:12:07.698561 | TradingView | BUY AXISBANK-EQ @ ₹1385.71
2025-11-30T11:12:07.916557 | TradingView | BUY ONGC-EQ @ ₹1194.81
2025-11-30T11:12:08.192062 | TradingView | UNKNOWN UNKNOWN @ ₹0.00 [REJECTED]
2025-11-30T11:12:08.317580 | TradingView | UNKNOWN UNKNOWN @ ₹0.00 [REJECTED]
2025-11-30T11:12:08.502997 | TradingView | BUY ADANIPORTS-EQ @ ₹1913.48
2025-11-30T11:12:08.705454 | TradingView | UNKNOWN UNKNOWN @ ₹0.00 [REJECTED]
2025-11-30T11:12:08.891400 | TradingView | BUY AXISBANK-EQ @ ₹1386.68
2025-11-30T11:12:09.179570 | TradingView | BUY NTPC-EQ @ ₹138.08
2025-11-30T11:12:09.520137 | TradingView | UNKNOWN UNKNOWN @ ₹0.00 [REJECTED]
2025-11-30T11:12:09.827446 | TradingView | UNKNOWN UNKNOWN @ ₹0.00 [REJECTED]
2025-11-30T11:12:09.976422 | TradingView | UNKNOWN UNKNOWN @ ₹0.00 [REJECTED]
2025-11-30T11:12:10.252925 | TradingView | BUY NTPC-EQ @ ₹137.88
2025-11-30T11:12:10.367918 | TradingView | BUY NTPC-EQ @ ₹137.80
2025-11-30T11:12:10.693297 | TradingView | BUY HDFCBANK-EQ @ ₹1208.08
2025-11-30T11:12:10.908937 | TradingView | BUY ADANIENT-EQ @ ₹1420.92
2025-11-30T11:12:11.037908 | TradingView | BUY HDFCBANK-EQ @ ₹1207.70
2025-11-30T11:12:11.337814 | TradingView | BUY AXISBANK-EQ @ ₹1386.00
2025-11-30T11:12:11.602059 | TradingView | UNKNOWN UNKNOWN @ ₹0.00 [REJECTED]
2025-11-30T11:12:11.800084 | TradingView | UNKNOWN UNKNOWN @ ₹0.00 [REJECTED]
2025-11-30T11:12:11.920336 | TradingView | UNKNOWN UNKNOWN @ ₹0.00 [REJECTED]
2025-11-30T11:12:12.176009 | TradingView | BUY TITAN-EQ @ ₹693.07
2025-11-30T11:12:12.490055 | TradingView | BUY ADANIENT-EQ @ ₹1421.43
2025-11-30T11:12:12.672864 | TradingView | BUY M&M-EQ @ ₹337.27
2025-11-30T11:12:12.982678 | TradingView | BUY POWERGRID-EQ @ ₹2298.50
2025-11-30T11:12:13.292615 | TradingView | SELL POWERGRID-EQ @ ₹2285.49
2025-11-30T11:12:13.498390 | TradingView | BUY POWERGRID-EQ @ ₹2298.40
2025-11-30T11:12:13.781372 | TradingView | UNKNOWN UNKNOWN @ ₹0.00 [REJECTED]
2025-11-30T11:12:13.893185 | TradingView | UNKNOWN UNKNOWN @ ₹0.00 [REJECTED]
2025-11-30T11:12:14.118523 | TradingView | UNKNOWN UNKNOWN @ ₹0.00 [REJECTED]
2025-11-30T11:12:14.351808 | TradingView | BUY POWERGRID-EQ @ ₹2298.01
2025-11-30T11:12:14.615370 | TradingView | UNKNOWN UNKNOWN @ ₹0.00 [REJECTED]
2025-11-30T11:12:14.935251 | TradingView | SELL NTPC-EQ @ ₹137.14
2025-11-30T11:12:15.227286 | TradingView | BUY NTPC-EQ @ ₹137.31
2025-11-30T11:12:15.344803 | TradingView | BUY POWERGRID-EQ @ ₹2297.80
2025-11-30T11:12:15.506084 | TradingView | BUY POWERGRID-EQ @ ₹2297.78
2025-11-30T11:12:15.687888 | TradingView | SELL AXISBANK-EQ @ ₹1377.77
2025-11-30T11:12:16.031075 | TradingView | BUY ONGC-EQ @ ₹1195.15
2025-11-30T11:12:16.347970 | TradingView | SELL WIPRO-EQ @ ₹307.46
2025-11-30T11:12:16.488607 | TradingView | BUY ADANIPORTS-EQ @ ₹1914.33
2025-11-30T11:12:16.626459 | TradingView | SELL POWERGRID-EQ @ ₹2284.80
2025-11-30T11:12:16.865747 | TradingView | BUY M&M-EQ @ ₹337.96
2025-11-30T11:12:17.172030 | TradingView | BUY TITAN-EQ @ ₹692.46
2025-11-30T11:12:17.329635 | TradingView | UNKNOWN UNKNOWN @ ₹0.00 [REJECTED]
2025-11-30T11:12:17.619572 | TradingView | BUY NTPC-EQ @ ₹137.41
2025-11-30T11:12:17.780452 | TradingView | BUY WIPRO-EQ @ ₹308.44
2025-11-30T11:12:17.915514 | TradingView | BUY AXISBANK-EQ @ ₹1386.59
2025-11-30T11:12:18.029362 | TradingView | UNKNOWN UNKNOWN @ ₹0.00 [REJECTED]
2025-11-30T11:12:18.331581 | TradingView | BUY POWERGRID-EQ @ ₹2299.20
2025-11-30T11:12:18.441555 | TradingView | UNKNOWN UNKNOWN @ ₹0.00 [REJECTED]
2025-11-30T11:12:18.561164 | TradingView | UNKNOWN UNKNOWN @ ₹0.00 [REJECTED]
2025-11-30T11:12:18.667456 | TradingView | BUY POWERGRID-EQ @ ₹2299.03
2025-11-30T11:12:18.978547 | TradingView | BUY POWERGRID-EQ @ ₹2298.86
2025-11-30T11:12:19.221557 | TradingView | BUY ADANIENT-EQ @ ₹1421.14
2025-11-30T11:12:19.498049 | TradingView | BUY POWERGRID-EQ @ ₹2298.07
2025-11-30T11:12:19.693258 | TradingView | BUY WIPRO-EQ @ ₹308.59
2025-11-30T11:12:19.982395 | TradingView | BUY AXISBANK-EQ @ ₹1385.86
2025-11-30T11:12:20.168187 | TradingView | BUY ADANIENT-EQ @ ₹1421.32
2025-11-30T11:12:20.452623 | TradingView | UNKNOWN UNKNOWN @ ₹0.00 [REJECTED]
2025-11-30T11:12:20.584469 | TradingView | BUY ADANIENT-EQ @ ₹1420.79
2025-11-30T11:12:20.830497 | TradingView | BUY ONGC-EQ @ ₹1195.11
2025-11-30T11:12:21.010991 | TradingView | BUY HDFCBANK-EQ @ ₹1208.01
2025-11-30T11:12:21.319512 | TradingView | BUY BAJFINANCE-EQ @ ₹535.90
2025-11-30T11:12:21.481110 | TradingView | UNKNOWN UNKNOWN @ ₹0.00 [REJECTED]
2025-11-30T11:12:21.723254 | TradingView | UNKNOWN UNKNOWN @ ₹0.00 [REJECTED]
2025-11-30T11:12:21.914991 | TradingView | BUY HINDUNILVR-EQ @ ₹818.63
2025-11-30T11:12:22.145375 | TradingView | BUY LT-EQ @ ₹1045.19
2025-11-30T11:12:22.462446 | TradingView | BUY COALINDIA-EQ @ ₹427.80
2025-11-30T11:12:22.622003 | TradingView | BUY BEL-EQ @ ₹823.39
2025-11-30T11:12:22.837515 | TradingView | UNKNOWN UNKNOWN @ ₹0.00 [REJECTED]
2025-11-30T11:12:22.977145 | TradingView | BUY COALINDIA-EQ @ ₹427.96
2025-11-30T11:12:23.211331 | TradingView | BUY BAJFINANCE-EQ @ ₹536.20
2025-11-30T11:12:23.482992 | TradingView | BUY MARUTI-EQ @ ₹1953.47
2025-11-30T11:12:23.701556 | TradingView | UNKNOWN UNKNOWN @ ₹0.00 [REJECTED]
2025-11-30T11:12:23.865384 | TradingView | BUY BHARTIARTL-EQ @ ₹1055.12
2025-11-30T11:12:24.034474 | TradingView | BUY BHARTIARTL-EQ @ ₹1055.75
2025-11-30T11:12:24.342454 | TradingView | BUY NESTLEIND-EQ @ ₹1786.52
2025-11-30T11:12:24.585575 | TradingView | UNKNOWN UNKNOWN @ ₹0.00 [REJECTED]
2025-11-30T11:12:24.757009 | TradingView | UNKNOWN UNKNOWN @ ₹0.00 [REJECTED]
2025-11-30T11:12:24.967929 | TradingView | BUY BEL-EQ @ ₹824.47
2025-11-30T11:12:25.193049 | TradingView | BUY LT-EQ @ ₹1044.80
2025-11-30T11:12:25.414452 | TradingView | BUY MARUTI-EQ @ ₹1953.63
2025-11-30T11:12:25.666290 | TradingView | SELL COALINDIA-EQ @ ₹425.69
2025-11-30T11:12:25.868586 | TradingView | BUY LT-EQ @ ₹1043.94
2025-11-30T11:12:26.076615 | TradingView | BUY COALINDIA-EQ @ ₹428.36
2025-11-30T11:12:26.388300 | TradingView | BUY LT-EQ @ ₹1044.18
2025-11-30T11:12:26.598490 | TradingView | BUY LT-EQ @ ₹1044.30
2025-11-30T11:12:26.870008 | TradingView | UNKNOWN UNKNOWN @ ₹0.00 [REJECTED]
2025-11-30T11:12:27.031033 | TradingView | SELL MARUTI-EQ @ ₹1942.84
2025-11-30T11:12:27.136831 | TradingView | BUY BEL-EQ @ ₹823.95
2025-11-30T11:12:27.239542 | TradingView | BUY BHARTIARTL-EQ @ ₹1056.11
2025-11-30T11:12:27.489596 | TradingView | BUY MARUTI-EQ @ ₹1953.79
2025-11-30T11:12:27.658320 | TradingView | UNKNOWN UNKNOWN @ ₹0.00 [REJECTED]
2025-11-30T11:12:27.915619 | TradingView | UNKNOWN UNKNOWN @ ₹0.00 [REJECTED]
2025-11-30T11:12:28.192056 | TradingView | BUY NESTLEIND-EQ @ ₹1786.63
2025-11-30T11:12:28.357391 | TradingView | SELL BEL-EQ @ ₹819.51
2025-11-30T11:12:28.671375 | TradingView | BUY HINDUNILVR-EQ @ ₹819.32
2025-11-30T11:12:29.003275 | TradingView | BUY COALINDIA-EQ @ ₹427.98
2025-11-30T11:12:29.142275 | TradingView | UNKNOWN UNKNOWN @ ₹0.00 [REJECTED]
2025-11-30T11:12:29.353945 | TradingView | BUY BHARTIARTL-EQ @ ₹1055.17
2025-11-30T11:12:29.668094 | TradingView | UNKNOWN UNKNOWN @ ₹0.00 [REJECTED]
2025-11-30T11:12:29.991574 | TradingView | BUY COALINDIA-EQ @ ₹427.17
2025-11-30T11:12:30.338407 | TradingView | BUY NESTLEIND-EQ @ ₹1787.40
2025-11-30T11:12:30.625186 | TradingView | UNKNOWN UNKNOWN @ ₹0.00 [REJECTED]
2025-11-30T11:12:30.827744 | TradingView | UNKNOWN UNKNOWN @ ₹0.00 [REJECTED]
2025-11-30T11:12:30.992181 | TradingView | UNKNOWN UNKNOWN @ ₹0.00 [REJECTED]
2025-11-30T11:12:31.263821 | TradingView | SELL HINDUNILVR-EQ @ ₹814.05
2025-11-30T11:12:31.599891 | TradingView | BUY NESTLEIND-EQ @ ₹1786.11
2025-11-30T11:12:31.704298 | TradingView | BUY NESTLEIND-EQ @ ₹1785.92
2025-11-30T11:12:31.923467 | TradingView | BUY COALINDIA-EQ @ ₹428.17
2025-11-30T11:12:32.204043 | TradingView | BUY MARUTI-EQ @ ₹1953.53
2025-11-30T11:12:32.473402 | TradingView | SELL LT-EQ @ ₹1038.69
2025-11-30T11:12:32.748431 | TradingView | BUY BAJFINANCE-EQ @ ₹536.02
2025-11-30T11:12:33.088162 | TradingView | UNKNOWN UNKNOWN @ ₹0.00 [REJECTED]
2025-11-30T11:12:33.314830 | TradingView | BUY BHARTIARTL-EQ @ ₹1055.19
2025-11-30T11:12:33.520872 | TradingView | BUY ICICIBANK-EQ @ ₹478.32
2025-11-30T11:12:33.718114 | TradingView | BUY TCS-EQ @ ₹2241.53
2025-11-30T11:12:34.013997 | TradingView | BUY ICICIBANK-EQ @ ₹478.93
2025-11-30T11:12:34.220829 | TradingView | BUY KOTAKBANK-EQ @ ₹2429.06
2025-11-30T11:12:34.459023 | TradingView | BUY SUNPHARMA-EQ @ ₹484.24
2025-11-30T11:12:34.656120 | TradingView | SELL KOTAKBANK-EQ @ ₹2415.07
2025-11-30T11:12:34.932967 | TradingView | UNKNOWN UNKNOWN @ ₹0.00 [REJECTED]
2025-11-30T11:12:35.271293 | TradingView | BUY TCS-EQ @ ₹2242.61
2025-11-30T11:12:35.512370 | TradingView | BUY BHARTIARTL-EQ @ ₹1055.93
2025-11-30T11:12:35.759275 | TradingView | UNKNOWN UNKNOWN @ ₹0.00 [REJECTED]
2025-11-30T11:12:35.909638 | TradingView | BUY ICICIBANK-EQ @ ₹479.03
2025-11-30T11:12:36.220612 | TradingView | BUY TCS-EQ @ ₹2242.54
2025-11-30T11:12:36.445999 | TradingView | BUY ICICIBANK-EQ @ ₹478.44
2025-11-30T11:12:36.667587 | TradingView | UNKNOWN UNKNOWN @ ₹0.00 [REJECTED]
2025-11-30T11:12:37.014896 | TradingView | BUY ICICIBANK-EQ @ ₹477.85
2025-11-30T11:12:37.190028 | TradingView | SELL SUNPHARMA-EQ @ ₹481.21
2025-11-30T11:12:37.321870 | TradingView | BUY BHARTIARTL-EQ @ ₹1055.44
2025-11-30T11:12:37.622922 | TradingView | BUY BHARTIARTL-EQ @ ₹1055.50
2025-11-30T11:12:37.914431 | TradingView | BUY COALINDIA-EQ @ ₹427.65
2025-11-30T11:12:38.202571 | TradingView | BUY M&M-EQ @ ₹337.69
2025-11-30T11:12:38.327602 | TradingView | BUY MARUTI-EQ @ ₹1954.66
2025-11-30T11:12:38.495578 | TradingView | BUY POWERGRID-EQ @ ₹2298.12
2025-11-30T11:12:38.781964 | TradingView | BUY MARUTI-EQ @ ₹1953.57
2025-11-30T11:12:38.978959 | TradingView | BUY ICICIBANK-EQ @ ₹479.01
2025-11-30T11:12:39.183810 | TradingView | UNKNOWN UNKNOWN @ ₹0.00 [REJECTED]
2025-11-30T11:12:39.510067 | TradingView | UNKNOWN UNKNOWN @ ₹0.00 [REJECTED]
2025-11-30T11:12:39.830624 | TradingView | BUY TCS-EQ @ ₹2241.44
2025-11-30T11:12:39.937807 | TradingView | BUY MARUTI-EQ @ ₹1954.71
2025-11-30T11:12:40.076917 | TradingView | BUY SUNPHARMA-EQ @ ₹483.44
2025-11-30T11:12:40.422639 | TradingView | BUY M&M-EQ @ ₹337.67
2025-11-30T11:12:40.631550 | TradingView | UNKNOWN UNKNOWN @ ₹0.00 [REJECTED]
2025-11-30T11:12:40.785124 | TradingView | BUY BHARTIARTL-EQ @ ₹1054.83
2025-11-30T11:12:40.934060 | TradingView | UNKNOWN UNKNOWN @ ₹0.00 [REJECTED]
2025-11-30T11:12:41.041889 | TradingView | BUY ICICIBANK-EQ @ ₹478.67
2025-11-30T11:12:41.331063 | TradingView | BUY POWERGRID-EQ @ ₹2298.55
2025-11-30T11:12:41.489121 | TradingView | BUY MARUTI-EQ @ ₹1954.43
2025-11-30T11:12:41.680463 | TradingView | UNKNOWN UNKNOWN @ ₹0.00 [REJECTED]
2025-11-30T11:12:41.943779 | TradingView | BUY ICICIBANK-EQ @ ₹479.38
2025-11-30T11:12:42.153247 | TradingView | BUY KOTAKBANK-EQ @ ₹2428.93
2025-11-30T11:12:42.451517 | TradingView | BUY ICICIBANK-EQ @ ₹478.43
2025-11-30T11:12:42.553393 | TradingView | BUY MARUTI-EQ @ ₹1954.25
2025-11-30T11:12:42.786199 | TradingView | BUY TCS-EQ @ ₹2241.71
2025-11-30T11:12:42.993833 | TradingView | BUY ICICIBANK-EQ @ ₹478.53
2025-11-30T11:12:43.281415 | TradingView | BUY WIPRO-EQ @ ₹308.54
2025-11-30T11:12:43.529892 | TradingView | SELL M&M-EQ @ ₹335.57
2025-11-30T11:12:43.857440 | TradingView | BUY KOTAKBANK-EQ @ ₹2429.32
2025-11-30T11:12:44.014393 | TradingView | SELL COALINDIA-EQ @ ₹425.34
2025-11-30T11:12:44.185425 | TradingView | UNKNOWN UNKNOWN @ ₹0.00 [REJECTED]
2025-11-30T11:12:44.377559 | TradingView | SELL KOTAKBANK-EQ @ ₹2414.26
2025-11-30T11:12:44.651632 | TradingView | BUY WIPRO-EQ @ ₹308.50
2025-11-30T11:12:44.855738 | TradingView | BUY KOTAKBANK-EQ @ ₹2428.72
2025-11-30T11:12:45.093881 | TradingView | BUY ICICIBANK-EQ @ ₹478.29
2025-11-30T11:12:45.326454 | TradingView | BUY ICICIBANK-EQ @ ₹478.29
2025-11-30T11:12:45.607507 | TradingView | BUY SUNPHARMA-EQ @ ₹484.20
2025-11-30T11:12:45.894528 | TradingView | BUY COALINDIA-EQ @ ₹428.08
2025-11-30T11:12:46.037994 | TradingView | BUY POWERGRID-EQ @ ₹2297.80
2025-11-30T11:12:46.274373 | TradingView | BUY M&M-EQ @ ₹337.89
2025-11-30T11:12:46.401139 | TradingView | BUY BHARTIARTL-EQ @ ₹1055.69
2025-11-30T11:12:46.640165 | TradingView | BUY M&M-EQ @ ₹337.45
2025-11-30T11:12:46.772001 | TradingView | BUY M&M-EQ @ ₹337.00
2025-11-30T11:12:47.002488 | TradingView | BUY SUNPHARMA-EQ @ ₹483.97
2025-11-30T11:12:47.172286 | TradingView | UNKNOWN UNKNOWN @ ₹0.00 [REJECTED]
2025-11-30T11:12:47.329641 | TradingView | BUY BHARTIARTL-EQ @ ₹1054.88
2025-11-30T11:12:47.536685 | TradingView | BUY MARUTI-EQ @ ₹1954.88
2025-11-30T11:12:47.780215 | TradingView | BUY TCS-EQ @ ₹2242.12
2025-11-30T11:12:47.978564 | TradingView | BUY SUNPHARMA-EQ @ ₹483.59
2025-11-30T11:12:48.198705 | TradingView | BUY POWERGRID-EQ @ ₹2299.01
2025-11-30T11:12:48.351936 | TradingView | BUY M&M-EQ @ ₹337.12
2025-11-30T11:12:48.500501 | TradingView | BUY M&M-EQ @ ₹337.59
2025-11-30T11:12:48.878751 | TradingView | UNKNOWN UNKNOWN @ ₹0.00 [REJECTED]
2025-11-30T11:12:48.880155 | TradingView | UNKNOWN UNKNOWN @ ₹0.00 [REJECTED]
2025-11-30T11:12:48.886722 | TradingView | UNKNOWN UNKNOWN @ ₹0.00 [REJECTED]
2025-11-30T11:12:48.888006 | TradingView | UNKNOWN UNKNOWN @ ₹0.00 [REJECTED]
2025-11-30T11:12:48.889387 | TradingView | UNKNOWN UNKNOWN @ ₹0.00 [REJECTED]
2025-11-30T11:12:48.892128 | TradingView | UNKNOWN UNKNOWN @ ₹0.00 [REJECTED]
2025-11-30T11:12:48.894970 | TradingView | UNKNOWN UNKNOWN @ ₹0.00 [REJECTED]
2025-11-30T11:12:48.901840 | TradingView | UNKNOWN UNKNOWN @ ₹0.00 [REJECTED]
2025-11-30T11:12:48.903255 | TradingView | UNKNOWN UNKNOWN @ ₹0.00 [REJECTED]
2025-11-30T11:12:48.904145 | TradingView | UNKNOWN UNKNOWN @ ₹0.00 [REJECTED]
2025-11-30T11:13:27.673947 | TradingView | BUY ADANIPORTS-EQ @ ₹949.72
2025-11-30T11:13:27.676357 | TradingView | BUY SUNPHARMA-EQ @ ₹1405.09
2025-11-30T11:13:27.676684 | TradingView | BUY WIPRO-EQ @ ₹2397.33
2025-11-30T11:13:27.683743 | TradingView | BUY NESTLEIND-EQ @ ₹1852.74
2025-11-30T11:13:27.685028 | TradingView | BUY BHARTIARTL-EQ @ ₹1281.29
2025-11-30T11:13:27.688601 | TradingView | BUY COALINDIA-EQ @ ₹1393.76
2025-11-30T11:13:29.664840 | TradingView | SELL BHARTIARTL-EQ @ ₹1274.84
2025-11-30T11:13:29.827201 | TradingView | BUY HDFCBANK-EQ @ ₹892.02
2025-11-30T11:13:30.101628 | TradingView | BUY POWERGRID-EQ @ ₹984.46
2025-11-30T11:13:30.242180 | TradingView | SELL M&M-EQ @ ₹506.62
2025-11-30T11:13:30.362975 | TradingView | BUY POWERGRID-EQ @ ₹984.67
2025-11-30T11:13:30.464250 | TradingView | SELL RELIANCE-EQ @ ₹1138.98
2025-11-30T11:13:30.565069 | TradingView | BUY BHARTIARTL-EQ @ ₹1281.95
2025-11-30T11:13:30.746469 | TradingView | SELL WIPRO-EQ @ ₹2382.05
2025-11-30T11:13:31.091330 | TradingView | BUY HDFC-EQ @ ₹1809.81
2025-11-30T11:13:31.280324 | TradingView | BUY M&M-EQ @ ₹508.95
2025-11-30T11:13:31.530435 | TradingView | BUY M&M-EQ @ ₹509.74
2025-11-30T11:13:31.821223 | TradingView | BUY M&M-EQ @ ₹508.32
2025-11-30T11:13:32.018594 | TradingView | SELL POWERGRID-EQ @ ₹978.58
2025-11-30T11:13:32.232565 | TradingView | SELL TECHM-EQ @ ₹253.21
2025-11-30T11:13:32.432670 | TradingView | SELL BHARTIARTL-EQ @ ₹1274.21
2025-11-30T11:13:32.738807 | TradingView | BUY SUNPHARMA-EQ @ ₹1405.30
2025-11-30T11:13:32.891091 | TradingView | BUY SBIN-EQ @ ₹1164.65
2025-11-30T11:13:33.198941 | TradingView | BUY BHARTIARTL-EQ @ ₹1282.45
2025-11-30T11:13:33.372638 | TradingView | BUY BEL-EQ @ ₹2134.79
2025-11-30T11:13:33.671802 | TradingView | BUY BEL-EQ @ ₹2135.04
2025-11-30T11:13:33.943102 | TradingView | BUY M&M-EQ @ ₹509.44
2025-11-30T11:13:34.263461 | TradingView | SELL HDFC-EQ @ ₹1798.49
2025-11-30T11:13:34.403874 | TradingView | BUY POWERGRID-EQ @ ₹985.16
2025-11-30T11:13:34.647519 | TradingView | BUY BEL-EQ @ ₹2134.35
2025-11-30T11:13:34.825256 | TradingView | BUY POWERGRID-EQ @ ₹985.70
2025-11-30T11:13:35.147126 | TradingView | BUY HDFCBANK-EQ @ ₹891.00
2025-11-30T11:13:35.400760 | TradingView | SELL POWERGRID-EQ @ ₹979.24
2025-11-30T11:13:35.689370 | TradingView | SELL HDFCBANK-EQ @ ₹886.18
2025-11-30T11:13:35.812502 | TradingView | BUY SUNPHARMA-EQ @ ₹1405.83
2025-11-30T11:13:36.158136 | TradingView | SELL M&M-EQ @ ₹505.56
2025-11-30T11:13:36.465706 | TradingView | SELL TECHM-EQ @ ₹252.96
2025-11-30T11:13:36.768461 | TradingView | BUY BHARTIARTL-EQ @ ₹1281.43
2025-11-30T11:13:36.961584 | TradingView | BUY BHARTIARTL-EQ @ ₹1282.09
2025-11-30T11:13:37.162767 | TradingView | BUY SUNPHARMA-EQ @ ₹1405.72
2025-11-30T11:13:37.349395 | TradingView | BUY SBIN-EQ @ ₹1165.07
2025-11-30T11:13:37.473825 | TradingView | SELL POWERGRID-EQ @ ₹979.23
2025-11-30T11:13:37.821534 | TradingView | SELL RELIANCE-EQ @ ₹1139.06
2025-11-30T11:13:38.095983 | TradingView | BUY RELIANCE-EQ @ ₹1146.53
2025-11-30T11:13:38.261467 | TradingView | SELL BEL-EQ @ ₹2122.31
2025-11-30T11:13:38.518935 | TradingView | BUY M&M-EQ @ ₹509.52
2025-11-30T11:13:38.857472 | TradingView | BUY BEL-EQ @ ₹2133.80
2025-11-30T11:13:39.045167 | TradingView | BUY ONGC-EQ @ ₹2135.03
2025-11-30T11:13:39.150076 | TradingView | SELL BHARTIARTL-EQ @ ₹1273.90
2025-11-30T11:13:39.449151 | TradingView | BUY POWERGRID-EQ @ ₹984.42
2025-11-30T11:13:39.549569 | TradingView | SELL SBIN-EQ @ ₹1156.95
2025-11-30T11:13:39.834586 | TradingView | BUY TECHM-EQ @ ₹255.28
2025-11-30T11:13:39.974932 | TradingView | SELL TECHM-EQ @ ₹252.82
2025-11-30T11:13:40.131166 | TradingView | BUY BEL-EQ @ ₹2134.00
2025-11-30T11:13:40.308943 | TradingView | SELL HDFCBANK-EQ @ ₹885.83
2025-11-30T11:13:40.514287 | TradingView | BUY RELIANCE-EQ @ ₹1145.21
2025-11-30T11:13:40.810866 | TradingView | BUY TECHM-EQ @ ₹254.77
2025-11-30T11:13:40.973881 | TradingView | BUY HDFCBANK-EQ @ ₹891.74
2025-11-30T11:13:41.075498 | TradingView | BUY TECHM-EQ @ ₹254.91
2025-11-30T11:13:41.230805 | TradingView | BUY SUNPHARMA-EQ @ ₹1405.22
2025-11-30T11:13:41.547172 | TradingView | BUY HDFCBANK-EQ @ ₹891.23
2025-11-30T11:13:41.810024 | TradingView | BUY SUNPHARMA-EQ @ ₹1404.86
2025-11-30T11:13:42.029994 | TradingView | BUY SBIN-EQ @ ₹1163.89
2025-11-30T11:13:42.218899 | TradingView | BUY SBIN-EQ @ ₹1164.16
2025-11-30T11:13:42.459555 | TradingView | BUY BEL-EQ @ ₹2134.85
2025-11-30T11:13:42.642461 | TradingView | BUY BHARTIARTL-EQ @ ₹1281.32
2025-11-30T11:13:42.874873 | TradingView | BUY ONGC-EQ @ ₹2134.34
2025-11-30T11:13:43.165204 | TradingView | BUY HDFCBANK-EQ @ ₹891.77
2025-11-30T11:13:43.314721 | TradingView | BUY POWERGRID-EQ @ ₹985.73
2025-11-30T11:13:43.614587 | TradingView | BUY POWERGRID-EQ @ ₹984.50
2025-11-30T11:13:43.952372 | TradingView | SELL TECHM-EQ @ ₹253.72
2025-11-30T11:13:44.298171 | TradingView | BUY M&M-EQ @ ₹509.52
2025-11-30T11:13:44.586306 | TradingView | BUY BEL-EQ @ ₹2134.46
2025-11-30T11:13:44.829311 | TradingView | SELL INFY-EQ @ ₹1765.95
2025-11-30T11:13:45.038372 | TradingView | BUY BEL-EQ @ ₹2134.38
2025-11-30T11:13:45.289008 | TradingView | SELL NTPC-EQ @ ₹2203.43
2025-11-30T11:13:45.396939 | TradingView | SELL BEL-EQ @ ₹2122.32
2025-11-30T11:13:45.683162 | TradingView | BUY SBIN-EQ @ ₹1164.77
2025-11-30T11:13:45.941883 | TradingView | SELL BEL-EQ @ ₹2122.43
2025-11-30T11:13:46.096433 | TradingView | BUY INFY-EQ @ ₹1776.71
2025-11-30T11:13:46.270848 | TradingView | BUY NTPC-EQ @ ₹2217.93
2025-11-30T11:13:46.565642 | TradingView | BUY ITC-EQ @ ₹1178.45
2025-11-30T11:13:46.800674 | TradingView | BUY ADANIPORTS-EQ @ ₹949.51
2025-11-30T11:13:47.101140 | TradingView | BUY BHARTIARTL-EQ @ ₹1280.99
2025-11-30T11:13:47.438451 | TradingView | BUY INFY-EQ @ ₹1778.12
2025-11-30T11:13:47.668091 | TradingView | BUY BHARTIARTL-EQ @ ₹1281.74
2025-11-30T11:13:47.914882 | TradingView | BUY INFY-EQ @ ₹1777.59
2025-11-30T11:13:48.064830 | TradingView | BUY ITC-EQ @ ₹1177.23
2025-11-30T11:13:48.329600 | TradingView | SELL BHARTIARTL-EQ @ ₹1274.12
2025-11-30T11:13:48.495019 | TradingView | SELL ADANIPORTS-EQ @ ₹944.01
2025-11-30T11:13:48.835462 | TradingView | SELL INFY-EQ @ ₹1766.09
2025-11-30T11:13:49.130318 | TradingView | BUY NTPC-EQ @ ₹2218.03
2025-11-30T11:13:49.405614 | TradingView | BUY KOTAKBANK-EQ @ ₹339.21
2025-11-30T11:13:49.665128 | TradingView | SELL SBIN-EQ @ ₹1158.31
2025-11-30T11:13:49.893471 | TradingView | SELL BEL-EQ @ ₹2122.14
2025-11-30T11:13:50.166423 | TradingView | SELL ITC-EQ @ ₹1171.43
2025-11-30T11:13:50.479947 | TradingView | SELL SBIN-EQ @ ₹1157.48
2025-11-30T11:13:50.695913 | TradingView | BUY BEL-EQ @ ₹2134.58
2025-11-30T11:13:50.808911 | TradingView | BUY ADANIPORTS-EQ @ ₹949.20
2025-11-30T11:13:50.957186 | TradingView | BUY SBIN-EQ @ ₹1164.90
2025-11-30T11:13:51.252371 | TradingView | BUY NTPC-EQ @ ₹2216.62
2025-11-30T11:13:51.579983 | TradingView | BUY INFY-EQ @ ₹1777.13
2025-11-30T11:13:51.794231 | TradingView | SELL BHARTIARTL-EQ @ ₹1274.19
2025-11-30T11:13:52.005485 | TradingView | BUY INFY-EQ @ ₹1777.04
2025-11-30T11:13:52.125901 | TradingView | BUY NTPC-EQ @ ₹2217.47
2025-11-30T11:13:52.379492 | TradingView | SELL NTPC-EQ @ ₹2204.73
2025-11-30T11:13:52.520410 | TradingView | SELL ADANIPORTS-EQ @ ₹943.78
2025-11-30T11:13:52.778431 | TradingView | BUY NTPC-EQ @ ₹2217.99
2025-11-30T11:13:53.006901 | TradingView | SELL INFY-EQ @ ₹1766.27
2025-11-30T11:13:53.248579 | TradingView | SELL NTPC-EQ @ ₹2203.42
2025-11-30T11:13:53.539260 | TradingView | BUY BHARTIARTL-EQ @ ₹1282.14
2025-11-30T11:13:53.730941 | TradingView | SELL ITC-EQ @ ₹1170.38
2025-11-30T11:13:53.836318 | TradingView | BUY INFY-EQ @ ₹1777.19
2025-11-30T11:13:53.970593 | TradingView | BUY INFY-EQ @ ₹1777.89
2025-11-30T11:13:54.074340 | TradingView | SELL SBIN-EQ @ ₹1156.82
2025-11-30T11:13:54.250414 | TradingView | SELL NTPC-EQ @ ₹2204.47
2025-11-30T11:13:54.429103 | TradingView | BUY KOTAKBANK-EQ @ ₹339.71
2025-11-30T11:13:54.770473 | TradingView | BUY BHARTIARTL-EQ @ ₹1281.85
2025-11-30T11:13:54.962834 | TradingView | SELL ITC-EQ @ ₹1170.45
2025-11-30T11:13:55.135335 | TradingView | BUY BHARTIARTL-EQ @ ₹1280.98
2025-11-30T11:13:55.352376 | TradingView | BUY KOTAKBANK-EQ @ ₹339.50
2025-11-30T11:13:55.494487 | TradingView | BUY BEL-EQ @ ₹2133.66
2025-11-30T11:13:55.814001 | TradingView | BUY BHARTIARTL-EQ @ ₹1280.97
2025-11-30T11:13:56.116794 | TradingView | BUY SBIN-EQ @ ₹1164.17
2025-11-30T11:13:56.349141 | TradingView | BUY ADANIPORTS-EQ @ ₹949.66
2025-11-30T11:13:56.570240 | TradingView | SELL SBIN-EQ @ ₹1158.28
2025-11-30T11:13:56.903575 | TradingView | BUY SUNPHARMA-EQ @ ₹1405.09
2025-11-30T11:13:57.208018 | TradingView | BUY ITC-EQ @ ₹1177.13
2025-11-30T11:13:57.477640 | TradingView | BUY SBIN-EQ @ ₹1164.46
2025-11-30T11:13:57.620147 | TradingView | SELL BEL-EQ @ ₹2121.71
2025-11-30T11:13:57.734946 | TradingView | SELL TCS-EQ @ ₹2373.38
2025-11-30T11:13:58.040554 | TradingView | SELL TCS-EQ @ ₹2372.81
2025-11-30T11:13:58.374496 | TradingView | BUY TCS-EQ @ ₹2386.87
2025-11-30T11:13:58.635506 | TradingView | BUY ASIANPAINT-EQ @ ₹727.38
2025-11-30T11:13:58.864662 | TradingView | BUY ASIANPAINT-EQ @ ₹727.09
2025-11-30T11:13:58.994282 | TradingView | BUY ADANIENT-EQ @ ₹722.58
2025-11-30T11:13:59.310534 | TradingView | BUY ADANIENT-EQ @ ₹722.41
2025-11-30T11:13:59.541574 | TradingView | BUY BEL-EQ @ ₹2134.82
2025-11-30T11:13:59.698899 | TradingView | BUY SBIN-EQ @ ₹1164.28
2025-11-30T11:13:59.920623 | TradingView | BUY POWERGRID-EQ @ ₹984.47
2025-11-30T11:14:00.081203 | TradingView | BUY SUNPHARMA-EQ @ ₹1406.01
2025-11-30T11:14:00.409062 | TradingView | BUY BAJFINANCE-EQ @ ₹1666.86
2025-11-30T11:14:00.558394 | TradingView | SELL SBIN-EQ @ ₹1157.72
2025-11-30T11:14:00.774922 | TradingView | BUY SUNPHARMA-EQ @ ₹1404.84
2025-11-30T11:14:00.936628 | TradingView | BUY ASIANPAINT-EQ @ ₹726.62
2025-11-30T11:14:01.228973 | TradingView | BUY ASIANPAINT-EQ @ ₹726.77
2025-11-30T11:14:01.525435 | TradingView | BUY POWERGRID-EQ @ ₹984.87
2025-11-30T11:14:01.716070 | TradingView | SELL AXISBANK-EQ @ ₹861.10
2025-11-30T11:14:01.882974 | TradingView | SELL POWERGRID-EQ @ ₹979.03
2025-11-30T11:14:02.207026 | TradingView | BUY ADANIENT-EQ @ ₹723.22
2025-11-30T11:14:02.326827 | TradingView | BUY TCS-EQ @ ₹2387.14
2025-11-30T11:14:02.473854 | TradingView | SELL BEL-EQ @ ₹2121.60
2025-11-30T11:14:02.722227 | TradingView | BUY AXISBANK-EQ @ ₹866.40
2025-11-30T11:14:02.835333 | TradingView | BUY AXISBANK-EQ @ ₹866.37
2025-11-30T11:14:03.070160 | TradingView | BUY ADANIENT-EQ @ ₹723.27
2025-11-30T11:14:03.398796 | TradingView | BUY ITC-EQ @ ₹1178.29
2025-11-30T11:14:03.548889 | TradingView | BUY ASIANPAINT-EQ @ ₹726.24
2025-11-30T11:14:03.738582 | TradingView | SELL ASIANPAINT-EQ @ ₹722.90
2025-11-30T11:14:03.893421 | TradingView | BUY TCS-EQ @ ₹2388.05
2025-11-30T11:14:04.113077 | TradingView | SELL ASIANPAINT-EQ @ ₹722.63
2025-11-30T11:14:04.323133 | TradingView | BUY POWERGRID-EQ @ ₹984.30
2025-11-30T11:14:04.616911 | TradingView | SELL ASIANPAINT-EQ @ ₹722.49
2025-11-30T11:14:04.734055 | TradingView | BUY BEL-EQ @ ₹2134.21
2025-11-30T11:14:05.047111 | TradingView | BUY POWERGRID-EQ @ ₹984.93
2025-11-30T11:14:05.222905 | TradingView | BUY POWERGRID-EQ @ ₹984.85
2025-11-30T11:14:05.422837 | TradingView | BUY ASIANPAINT-EQ @ ₹727.09
2025-11-30T11:14:05.679605 | TradingView | SELL ASIANPAINT-EQ @ ₹722.45
2025-11-30T11:14:05.880767 | TradingView | BUY AXISBANK-EQ @ ₹865.86
2025-11-30T11:14:06.033149 | TradingView | SELL TCS-EQ @ ₹2373.76
2025-11-30T11:14:06.208921 | TradingView | SELL ADANIENT-EQ @ ₹718.59
2025-11-30T11:14:06.502189 | TradingView | BUY ADANIENT-EQ @ ₹723.21
2025-11-30T11:14:06.763416 | TradingView | BUY BAJFINANCE-EQ @ ₹1667.04
2025-11-30T11:14:06.885103 | TradingView | SELL POWERGRID-EQ @ ₹978.94
2025-11-30T11:14:06.991615 | TradingView | SELL ITC-EQ @ ₹1171.23
2025-11-30T11:14:07.314922 | TradingView | BUY SBIN-EQ @ ₹1164.22
2025-11-30T11:14:07.474954 | TradingView | BUY SUNPHARMA-EQ @ ₹1406.15
2025-11-30T11:14:07.644129 | TradingView | SELL ADANIENT-EQ @ ₹718.43
2025-11-30T11:14:07.923566 | TradingView | BUY BEL-EQ @ ₹2133.67
2025-11-30T11:14:08.152246 | TradingView | SELL AXISBANK-EQ @ ₹861.53
2025-11-30T11:14:08.306923 | TradingView | BUY ASIANPAINT-EQ @ ₹726.66
2025-11-30T11:14:08.471336 | TradingView | SELL SUNPHARMA-EQ @ ₹1397.73
2025-11-30T11:14:08.696088 | TradingView | BUY BAJFINANCE-EQ @ ₹1667.81
2025-11-30T11:14:08.982671 | TradingView | BUY SBIN-EQ @ ₹1164.67
2025-11-30T11:14:09.202560 | TradingView | BUY POWERGRID-EQ @ ₹984.34
2025-11-30T11:14:09.539521 | TradingView | SELL SUNPHARMA-EQ @ ₹1397.09
2025-11-30T11:14:09.804422 | TradingView | SELL AXISBANK-EQ @ ₹860.56
2025-11-30T11:14:09.968337 | TradingView | BUY ITC-EQ @ ₹1177.88
2025-11-30T11:14:10.307811 | TradingView | BUY BAJFINANCE-EQ @ ₹1666.75
2025-11-30T11:14:10.509119 | TradingView | BUY ASIANPAINT-EQ @ ₹726.74
2025-11-30T11:14:10.635340 | TradingView | BUY BAJFINANCE-EQ @ ₹1666.85
2025-11-30T11:14:10.971738 | TradingView | BUY SBIN-EQ @ ₹1165.13
2025-11-30T11:14:11.218059 | TradingView | BUY BAJFINANCE-EQ @ ₹1666.44
2025-11-30T11:14:11.373634 | TradingView | SELL SBIN-EQ @ ₹1156.81
2025-11-30T11:14:11.554599 | TradingView | SELL AXISBANK-EQ @ ₹861.26
2025-11-30T11:14:11.752874 | TradingView | BUY BAJFINANCE-EQ @ ₹1667.75
2025-11-30T11:14:11.863425 | TradingView | SELL POWERGRID-EQ @ ₹978.95
2025-11-30T11:14:11.985949 | TradingView | SELL AXISBANK-EQ @ ₹872.11
2025-11-30T11:14:11.990141 | TradingView | SELL NESTLEIND-EQ @ ₹1863.60
2025-11-30T11:14:11.992538 | TradingView | SELL TITAN-EQ @ ₹1341.07
2025-11-30T11:14:11.996331 | TradingView | SELL TCS-EQ @ ₹2402.33
2025-11-30T11:14:11.996833 | TradingView | SELL ICICIBANK-EQ @ ₹2477.19
2025-11-30T11:14:11.997235 | TradingView | SELL ASIANPAINT-EQ @ ₹731.96
2025-11-30T11:14:12.002392 | TradingView | SELL TECHM-EQ @ ₹256.73
2025-11-30T11:14:12.014860 | TradingView | SELL MARUTI-EQ @ ₹1658.95
2025-11-30T11:14:12.016795 | TradingView | SELL M&M-EQ @ ₹512.57
2025-11-30T11:14:12.018007 | TradingView | SELL ONGC-EQ @ ₹2146.97
2025-11-30T15:07:01.014810 | TradingView | UNKNOWN UNKNOWN @ ₹0.00 [REJECTED]
2025-11-30T15:10:16.856944 | TradingView | UNKNOWN UNKNOWN @ ₹0.00 [REJECTED]
2025-11-30T15:10:39.616560 | TradingView | BUY NIFTY50-EQ @ ₹23150.00
